Component: Arm Compiler for Embedded 6.18 Tool: armlink [5e4cc100]

==============================================================================

Section Cross References

    startup_stm32g030xx.o(STACK) refers (Special) to heapauxi.o(.text) for __use_two_region_memory
    startup_stm32g030xx.o(HEAP) refers (Special) to heapauxi.o(.text) for __use_two_region_memory
    startup_stm32g030xx.o(RESET) refers (Special) to heapauxi.o(.text) for __use_two_region_memory
    startup_stm32g030xx.o(RESET) refers to startup_stm32g030xx.o(STACK) for __initial_sp
    startup_stm32g030xx.o(RESET) refers to startup_stm32g030xx.o(.text) for Reset_Handler
    startup_stm32g030xx.o(RESET) refers to stm32g0xx_it.o(.text.NMI_Handler) for NMI_Handler
    startup_stm32g030xx.o(RESET) refers to stm32g0xx_mc_it.o(.text.HardFault_Handler) for HardFault_Handler
    startup_stm32g030xx.o(RESET) refers to stm32g0xx_it.o(.text.SVC_Handler) for SVC_Handler
    startup_stm32g030xx.o(RESET) refers to stm32g0xx_it.o(.text.PendSV_Handler) for PendSV_Handler
    startup_stm32g030xx.o(RESET) refers to stm32g0xx_mc_it.o(.text.SysTick_Handler) for SysTick_Handler
    startup_stm32g030xx.o(RESET) refers to stm32g0xx_mc_it.o(.text.EXTI4_15_IRQHandler) for EXTI4_15_IRQHandler
    startup_stm32g030xx.o(RESET) refers to stm32g0xx_mc_it.o(.text.DMA1_Channel1_IRQHandler) for DMA1_Channel1_IRQHandler
    startup_stm32g030xx.o(RESET) refers to stm32g0xx_mc_it.o(.text.DMA1_Channel2_3_IRQHandler) for DMA1_Channel2_3_IRQHandler
    startup_stm32g030xx.o(RESET) refers to stm32g0xx_mc_it.o(.text.TIM1_BRK_UP_TRG_COM_IRQHandler) for TIM1_BRK_UP_TRG_COM_IRQHandler
    startup_stm32g030xx.o(RESET) refers to stm32g0xx_it.o(.text.TIM14_IRQHandler) for TIM14_IRQHandler
    startup_stm32g030xx.o(RESET) refers to stm32g0xx_mc_it.o(.text.USART2_IRQHandler) for USART2_IRQHandler
    startup_stm32g030xx.o(.text) refers (Special) to heapauxi.o(.text) for __use_two_region_memory
    startup_stm32g030xx.o(.text) refers to system_stm32g0xx.o(.text.SystemInit) for SystemInit
    startup_stm32g030xx.o(.text) refers to __main.o(!!!main) for __main
    startup_stm32g030xx.o(.text) refers to startup_stm32g030xx.o(HEAP) for Heap_Mem
    startup_stm32g030xx.o(.text) refers to startup_stm32g030xx.o(STACK) for Stack_Mem
    main.o(.text.millis) refers to stm32g0xx_hal.o(.text.HAL_GetTick) for HAL_GetTick
    main.o(.ARM.exidx.text.millis) refers to main.o(.text.millis) for [Anonymous Symbol]
    main.o(.ARM.exidx.text._sys_exit) refers to main.o(.text._sys_exit) for [Anonymous Symbol]
    main.o(.ARM.exidx.text._ttywrch) refers to main.o(.text._ttywrch) for [Anonymous Symbol]
    main.o(.ARM.exidx.text.fputc) refers to main.o(.text.fputc) for [Anonymous Symbol]
    main.o(.text.main) refers to stm32g0xx_hal.o(.text.HAL_Init) for HAL_Init
    main.o(.text.main) refers to main.o(.text.SystemClock_Config) for SystemClock_Config
    main.o(.text.main) refers to stm32g0xx_ll_gpio.o(.text.LL_GPIO_Init) for LL_GPIO_Init
    main.o(.text.main) refers to stm32g0xx_ll_adc.o(.text.LL_ADC_Init) for LL_ADC_Init
    main.o(.text.main) refers to stm32g0xx_ll_adc.o(.text.LL_ADC_REG_Init) for LL_ADC_REG_Init
    main.o(.text.main) refers to stm32g0xx_ll_tim.o(.text.LL_TIM_Init) for LL_TIM_Init
    main.o(.text.main) refers to stm32g0xx_ll_tim.o(.text.LL_TIM_OC_Init) for LL_TIM_OC_Init
    main.o(.text.main) refers to stm32g0xx_ll_tim.o(.text.LL_TIM_BDTR_Init) for LL_TIM_BDTR_Init
    main.o(.text.main) refers to stm32g0xx_ll_usart.o(.text.LL_USART_Init) for LL_USART_Init
    main.o(.text.main) refers to motorcontrol.o(.text.MX_MotorControl_Init) for MX_MotorControl_Init
    main.o(.text.main) refers to stm32g0xx_hal_tim.o(.text.HAL_TIM_Base_Init) for HAL_TIM_Base_Init
    main.o(.text.main) refers to app_handle.o(.text.work_mode_init) for work_mode_init
    main.o(.text.main) refers to stm32g0xx_hal.o(.text.HAL_GetTick) for HAL_GetTick
    main.o(.text.main) refers to led_key.o(.text.exe_key_func) for exe_key_func
    main.o(.text.main) refers to main.o(.bss..L_MergedGlobals) for [Anonymous Symbol]
    main.o(.ARM.exidx.text.main) refers to main.o(.text.main) for [Anonymous Symbol]
    main.o(.text.SystemClock_Config) refers to stm32g0xx_ll_utils.o(.text.LL_SetSystemCoreClock) for LL_SetSystemCoreClock
    main.o(.text.SystemClock_Config) refers to stm32g0xx_hal.o(.text.HAL_InitTick) for HAL_InitTick
    main.o(.ARM.exidx.text.SystemClock_Config) refers to main.o(.text.SystemClock_Config) for [Anonymous Symbol]
    main.o(.ARM.exidx.text.Error_Handler) refers to main.o(.text.Error_Handler) for [Anonymous Symbol]
    motorcontrol.o(.text.MX_MotorControl_Init) refers to stm32g0xx_hal_rcc.o(.text.HAL_RCC_GetHCLKFreq) for HAL_RCC_GetHCLKFreq
    motorcontrol.o(.text.MX_MotorControl_Init) refers to aeabi_sdivfast.o(.text_divfast) for __aeabi_uidiv
    motorcontrol.o(.text.MX_MotorControl_Init) refers to stm32g0xx_hal_cortex.o(.text.HAL_SYSTICK_Config) for HAL_SYSTICK_Config
[...]
    _fflt                                    0x0800030d   Thumb Code     0  fflti.o(.text)
    __aeabi_ui2f                             0x0800031d   Thumb Code     6  fflti.o(.text)
    _ffltu                                   0x0800031d   Thumb Code     0  fflti.o(.text)
    __user_setup_stackheap                   0x08000323   Thumb Code    62  sys_stackheap_outer.o(.text)
    exit                                     0x08000361   Thumb Code    16  exit.o(.text)
    __user_libspace                          0x08000371   Thumb Code     8  libspace.o(.text)
    __user_perproc_libspace                  0x08000371   Thumb Code     0  libspace.o(.text)
    __user_perthread_libspace                0x08000371   Thumb Code     0  libspace.o(.text)
    __decompress                             0x08000379   Thumb Code     0  __dczerorl2.o(.text)
    __decompress1                            0x08000379   Thumb Code    86  __dczerorl2.o(.text)
    ASPEP_HWDMAReset                         0x080003cf   Thumb Code    22  aspep.o(.text.ASPEP_HWDMAReset)
    ASPEP_HWDataReceivedIT                   0x080003e5   Thumb Code   140  aspep.o(.text.ASPEP_HWDataReceivedIT)
    ASPEP_HWDataTransmittedIT                0x08000475   Thumb Code   162  aspep.o(.text.ASPEP_HWDataTransmittedIT)
    ASPEP_RXframeProcess                     0x08000519   Thumb Code  1480  aspep.o(.text.ASPEP_RXframeProcess)
    ASPEP_getBuffer                          0x08000bc9   Thumb Code    88  aspep.o(.text.ASPEP_getBuffer)
    ASPEP_sendPacket                         0x08000c21   Thumb Code    78  aspep.o(.text.ASPEP_sendPacket)
    ASPEP_start                              0x08000c6f   Thumb Code    36  aspep.o(.text.ASPEP_start)
    Circle_Limitation                        0x08000c95   Thumb Code   124  circle_limitation.o(.text.Circle_Limitation)
    DMA1_Channel1_IRQHandler                 0x08000d15   Thumb Code    16  stm32g0xx_mc_it.o(.text.DMA1_Channel1_IRQHandler)
    DMA1_Channel2_3_IRQHandler               0x08000d29   Thumb Code    24  stm32g0xx_mc_it.o(.text.DMA1_Channel2_3_IRQHandler)
    EXTI4_15_IRQHandler                      0x08000d49   Thumb Code    32  stm32g0xx_mc_it.o(.text.EXTI4_15_IRQHandler)
    FOC_CalcCurrRef                          0x08000d6d   Thumb Code    36  mc_tasks.o(.text.FOC_CalcCurrRef)
    FOC_Clear                                0x08000d91   Thumb Code    80  mc_tasks.o(.text.FOC_Clear)
    FOC_InitAdditionalMethods                0x08000df1   Thumb Code     2  mc_tasks.o(.text.FOC_InitAdditionalMethods)
    HAL_GetTick                              0x08000df5   Thumb Code     8  stm32g0xx_hal.o(.text.HAL_GetTick)
    HAL_IncTick                              0x08000dfd   Thumb Code    16  stm32g0xx_hal.o(.text.HAL_IncTick)
    HAL_Init                                 0x08000e11   Thumb Code    40  stm32g0xx_hal.o(.text.HAL_Init)
    HAL_InitTick                             0x08000e3d   Thumb Code    64  stm32g0xx_hal.o(.text.HAL_InitTick)
    HAL_MspInit                              0x08000e81   Thumb Code    40  stm32g0xx_hal_msp.o(.text.HAL_MspInit)
    HAL_NVIC_EnableIRQ                       0x08000ead   Thumb Code    20  stm32g0xx_hal_cortex.o(.text.HAL_NVIC_EnableIRQ)
    HAL_NVIC_SetPriority                     0x08000ec5   Thumb Code    56  stm32g0xx_hal_cortex.o(.text.HAL_NVIC_SetPriority)
    HAL_RCC_GetHCLKFreq                      0x08000f05   Thumb Code     8  stm32g0xx_hal_rcc.o(.text.HAL_RCC_GetHCLKFreq)
    HAL_SYSTICK_Callback                     0x08000f11   Thumb Code     2  stm32g0xx_hal_cortex.o(.text.HAL_SYSTICK_Callback)
    HAL_SYSTICK_Config                       0x08000f15   Thumb Code    40  stm32g0xx_hal_cortex.o(.text.HAL_SYSTICK_Config)
    HAL_SYSTICK_IRQHandler                   0x08000f49   Thumb Code     8  stm32g0xx_hal_cortex.o(.text.HAL_SYSTICK_IRQHandler)
    HAL_TIMEx_Break2Callback                 0x08000f51   Thumb Code     2  stm32g0xx_hal_tim_ex.o(.text.HAL_TIMEx_Break2Callback)
    HAL_TIMEx_BreakCallback                  0x08000f53   Thumb Code     2  stm32g0xx_hal_tim_ex.o(.text.HAL_TIMEx_BreakCallback)
    HAL_TIMEx_CommutCallback                 0x08000f55   Thumb Code     2  stm32g0xx_hal_tim_ex.o(.text.HAL_TIMEx_CommutCallback)
    HAL_TIM_Base_Init                        0x08000f59   Thumb Code   188  stm32g0xx_hal_tim.o(.text.HAL_TIM_Base_Init)
    HAL_TIM_Base_MspInit                     0x08001029   Thumb Code    60  stm32g0xx_hal_msp.o(.text.HAL_TIM_Base_MspInit)
    HAL_TIM_IC_CaptureCallback               0x0800106d   Thumb Code     2  stm32g0xx_hal_tim.o(.text.HAL_TIM_IC_CaptureCallback)
    HAL_TIM_IRQHandler                       0x08001071   Thumb Code   352  stm32g0xx_hal_tim.o(.text.HAL_TIM_IRQHandler)
    HAL_TIM_OC_DelayElapsedCallback          0x080011d5   Thumb Code     2  stm32g0xx_hal_tim.o(.text.HAL_TIM_OC_DelayElapsedCallback)
    HAL_TIM_PWM_PulseFinishedCallback        0x080011d7   Thumb Code     2  stm32g0xx_hal_tim.o(.text.HAL_TIM_PWM_PulseFinishedCallback)
    HAL_TIM_PeriodElapsedCallback            0x080011d9   Thumb Code     2  stm32g0xx_hal_tim.o(.text.HAL_TIM_PeriodElapsedCallback)
    HAL_TIM_TriggerCallback                  0x080011db   Thumb Code     2  stm32g0xx_hal_tim.o(.text.HAL_TIM_TriggerCallback)
    HardFault_Handler                        0x080011dd   Thumb Code     6  stm32g0xx_mc_it.o(.text.HardFault_Handler)
    LL_ADC_Init                              0x080011e5   Thumb Code    48  stm32g0xx_ll_adc.o(.text.LL_ADC_Init)
    LL_ADC_REG_Init                          0x08001219   Thumb Code   100  stm32g0xx_ll_adc.o(.text.LL_ADC_REG_Init)
    LL_GPIO_Init                             0x08001281   Thumb Code   198  stm32g0xx_ll_gpio.o(.text.LL_GPIO_Init)
    LL_RCC_GetSystemClocksFreq               0x08001349   Thumb Code   132  stm32g0xx_ll_rcc.o(.text.LL_RCC_GetSystemClocksFreq)
    LL_RCC_GetUSARTClockFreq                 0x080013cd   Thumb Code   264  stm32g0xx_ll_rcc.o(.text.LL_RCC_GetUSARTClockFreq)
    LL_SetSystemCoreClock                    0x080014f5   Thumb Code     8  stm32g0xx_ll_utils.o(.text.LL_SetSystemCoreClock)
    LL_TIM_BDTR_Init                         0x08001501   Thumb Code   128  stm32g0xx_ll_tim.o(.text.LL_TIM_BDTR_Init)
    LL_TIM_Init                              0x08001591   Thumb Code   124  stm32g0xx_ll_tim.o(.text.LL_TIM_Init)
    LL_TIM_OC_Init                           0x08001619   Thumb Code   700  stm32g0xx_ll_tim.o(.text.LL_TIM_OC_Init)
    LL_USART_Init                            0x080018fd   Thumb Code   200  stm32g0xx_ll_usart.o(.text.LL_USART_Init)
    MCI_Clear_Iqdref                         0x08001a05   Thumb Code    18  mc_interface.o(.text.MCI_Clear_Iqdref)
    MCI_ExecBufferedCommands                 0x08001a17   Thumb Code   104  mc_interface.o(.text.MCI_ExecBufferedCommands)
    MCI_ExecSpeedRamp                        0x08001a81   Thumb Code    16  mc_interface.o(.text.MCI_ExecSpeedRamp)
    MCI_ExecTorqueRamp                       0x08001a95   Thumb Code    16  mc_interface.o(.text.MCI_ExecTorqueRamp)
    MCI_FaultAcknowledged                    0x08001aa5   Thumb Code    42  mc_interface.o(.text.MCI_FaultAcknowledged)
    MCI_FaultProcessing                      0x08001acf   Thumb Code    16  mc_interface.o(.text.MCI_FaultProcessing)
    MCI_GetAvrgMecSpeedUnit                  0x08001adf   Thumb Code    14  mc_interface.o(.text.MCI_GetAvrgMecSpeedUnit)
    MCI_GetControlMode                       0x08001aed   Thumb Code     4  mc_interface.o(.text.MCI_GetControlMode)
    MCI_GetCurrentFaults                     0x08001af1   Thumb Code     4  mc_interface.o(.text.MCI_GetCurrentFaults)
    MCI_GetFaultState                        0x08001af5   Thumb Code    10  mc_interface.o(.text.MCI_GetFaultState)
    MCI_GetIab                               0x08001aff   Thumb Code    12  mc_interface.o(.text.MCI_GetIab)
    MCI_GetIalphabeta                        0x08001b0b   Thumb Code    12  mc_interface.o(.text.MCI_GetIalphabeta)
    MCI_GetImposedMotorDirection             0x08001b17   Thumb Code    68  mc_interface.o(.text.MCI_GetImposedMotorDirection)
    MCI_GetIqd                               0x08001b5b   Thumb Code    12  mc_interface.o(.text.MCI_GetIqd)
    MCI_GetIqdref                            0x08001b67   Thumb Code    12  mc_interface.o(.text.MCI_GetIqdref)
    MCI_GetLastRampFinalDuration             0x08001b73   Thumb Code     4  mc_interface.o(.text.MCI_GetLastRampFinalDuration)
    MCI_GetLastRampFinalSpeed                0x08001b77   Thumb Code     6  mc_interface.o(.text.MCI_GetLastRampFinalSpeed)
    MCI_GetLastRampFinalTorque               0x08001b7d   Thumb Code     6  mc_interface.o(.text.MCI_GetLastRampFinalTorque)
    MCI_GetMecSpeedRefUnit                   0x08001b83   Thumb Code    10  mc_interface.o(.text.MCI_GetMecSpeedRefUnit)
    MCI_GetOccurredFaults                    0x08001b8d   Thumb Code     4  mc_interface.o(.text.MCI_GetOccurredFaults)
    MCI_GetSTMState                          0x08001b91   Thumb Code     4  mc_interface.o(.text.MCI_GetSTMState)
    MCI_GetTeref                             0x08001b95   Thumb Code     8  mc_interface.o(.text.MCI_GetTeref)
    MCI_GetValphabeta                        0x08001b9d   Thumb Code    12  mc_interface.o(.text.MCI_GetValphabeta)
    MCI_GetVqd                               0x08001ba9   Thumb Code    12  mc_interface.o(.text.MCI_GetVqd)
    MCI_Init                                 0x08001bb5   Thumb Code    24  mc_interface.o(.text.MCI_Init)
    MCI_SetCurrentReferences                 0x08001bcd   Thumb Code    16  mc_interface.o(.text.MCI_SetCurrentReferences)
    MCI_StartMotor                           0x08001be1   Thumb Code    48  mc_interface.o(.text.MCI_StartMotor)
    MCI_StopMotor                            0x08001c11   Thumb Code    68  mc_interface.o(.text.MCI_StopMotor)
    MCI_StopRamp                             0x08001c55   Thumb Code    10  mc_interface.o(.text.MCI_StopRamp)
    MCM_Clarke                               0x08001c61   Thumb Code    60  mc_math.o(.text.MCM_Clarke)
    MCM_Park                                 0x08001ca5   Thumb Code   144  mc_math.o(.text.MCM_Park)
    MCM_Rev_Park                             0x08001d3d   Thumb Code    46  mc_math.o(.text.MCM_Rev_Park)
    MCM_Trig_Functions                       0x08001d6d   Thumb Code   120  mc_math.o(.text.MCM_Trig_Functions)
    MCPA_cfgLog                              0x08001de9   Thumb Code   228  mcpa.o(.text.MCPA_cfgLog)
    MCPA_dataLog                             0x08001ecd   Thumb Code   476  mcpa.o(.text.MCPA_dataLog)
    MCPA_flushDataLog                        0x080020ad   Thumb Code   108  mcpa.o(.text.MCPA_flushDataLog)
    MCP_ReceivedPacket                       0x08002119   Thumb Code   352  mcp.o(.text.MCP_ReceivedPacket)
    MC_APP_BootHook                          0x0800227d   Thumb Code     2  mc_app_hooks.o(.text.MC_APP_BootHook)
    MC_APP_PostMediumFrequencyHook_M1        0x0800227f   Thumb Code     2  mc_app_hooks.o(.text.MC_APP_PostMediumFrequencyHook_M1)
    MC_GetSTMStateMotor1                     0x08002281   Thumb Code    12  mc_api.o(.text.MC_GetSTMStateMotor1)
    MC_ProfilerCommand                       0x0800228d   Thumb Code     4  mc_api.o(.text.MC_ProfilerCommand)
    MC_ProgramSpeedRampMotor1                0x08002291   Thumb Code    16  mc_api.o(.text.MC_ProgramSpeedRampMotor1)
    MC_RunMotorControlTasks                  0x080022a1   Thumb Code    20  mc_tasks.o(.text.MC_RunMotorControlTasks)
    MC_Scheduler                             0x080022b5   Thumb Code   112  mc_tasks.o(.text.MC_Scheduler)
    MC_StartMotor1                           0x08002329   Thumb Code    12  mc_api.o(.text.MC_StartMotor1)
    MC_StopMotor1                            0x08002335   Thumb Code    12  mc_api.o(.text.MC_StopMotor1)
    MCboot                                   0x08002341   Thumb Code   200  mc_tasks.o(.text.MCboot)
    MX_MotorControl_Init                     0x08002449   Thumb Code    44  motorcontrol.o(.text.MX_MotorControl_Init)
    NMI_Handler                              0x0800247d   Thumb Code     2  stm32g0xx_it.o(.text.NMI_Handler)
    NTC_CalcAvTemp                           0x08002481   Thumb Code    56  ntc_temperature_sensor.o(.text.NTC_CalcAvTemp)
    NTC_Clear                                0x080024bd   Thumb Code     6  ntc_temperature_sensor.o(.text.NTC_Clear)
    NTC_GetAvTemp_C                          0x080024c3   Thumb Code    34  ntc_temperature_sensor.o(.text.NTC_GetAvTemp_C)
    NTC_Init                                 0x080024e5   Thumb Code    38  ntc_temperature_sensor.o(.text.NTC_Init)
    NTC_SetFaultState                        0x0800250b   Thumb Code    26  ntc_temperature_sensor.o(.text.NTC_SetFaultState)
    PID_GetKD                                0x08002525   Thumb Code     6  pid_regulator.o(.text.PID_GetKD)
    PID_GetKDDivisorPOW2                     0x0800252b   Thumb Code     4  pid_regulator.o(.text.PID_GetKDDivisorPOW2)
    PID_GetKI                                0x0800252f   Thumb Code     6  pid_regulator.o(.text.PID_GetKI)
    PID_GetKIDivisor                         0x08002535   Thumb Code     4  pid_regulator.o(.text.PID_GetKIDivisor)
    PID_GetKIDivisorPOW2                     0x08002539   Thumb Code     4  pid_regulator.o(.text.PID_GetKIDivisorPOW2)
    PID_GetKP                                0x0800253d   Thumb Code     6  pid_regulator.o(.text.PID_GetKP)
    PID_GetKPDivisorPOW2                     0x08002543   Thumb Code     4  pid_regulator.o(.text.PID_GetKPDivisorPOW2)
    PID_HandleInit                           0x08002547   Thumb Code    16  pid_regulator.o(.text.PID_HandleInit)
    PID_SetIntegralTerm                      0x08002557   Thumb Code     4  pid_regulator.o(.text.PID_SetIntegralTerm)
    PID_SetKD                                0x0800255b   Thumb Code     4  pid_regulator.o(.text.PID_SetKD)
    PID_SetKDDivisorPOW2                     0x0800255f   Thumb Code    10  pid_regulator.o(.text.PID_SetKDDivisorPOW2)
    PID_SetKI                                0x08002569   Thumb Code     4  pid_regulator.o(.text.PID_SetKI)
    PID_SetKIDivisorPOW2                     0x0800256d   Thumb Code    36  pid_regulator.o(.text.PID_SetKIDivisorPOW2)
    PID_SetKP                                0x08002599   Thumb Code     4  pid_regulator.o(.text.PID_SetKP)
    PID_SetKPDivisorPOW2                     0x0800259d   Thumb Code    10  pid_regulator.o(.text.PID_SetKPDivisorPOW2)
    PID_SetLowerIntegralTermLimit            0x080025a7   Thumb Code     4  pid_regulator.o(.text.PID_SetLowerIntegralTermLimit)
    PID_SetUpperIntegralTermLimit            0x080025ab   Thumb Code     4  pid_regulator.o(.text.PID_SetUpperIntegralTermLimit)
    PI_Controller                            0x080025b1   Thumb Code   132  pid_regulator.o(.text.PI_Controller)
    PQD_CalcElMotorPower                     0x08002639   Thumb Code    48  pqd_motor_power_measurement.o(.text.PQD_CalcElMotorPower)
    PQD_Clear                                0x08002669   Thumb Code     6  pqd_motor_power_measurement.o(.text.PQD_Clear)
    PQD_GetAvrgElMotorPowerW                 0x0800266f   Thumb Code    30  pqd_motor_power_measurement.o(.text.PQD_GetAvrgElMotorPowerW)
    PWMC_CheckOverCurrent                    0x0800268d   Thumb Code     8  pwm_curr_fdbk.o(.text.PWMC_CheckOverCurrent)
    PWMC_CurrentReadingCalibr                0x08002695   Thumb Code    68  pwm_curr_fdbk.o(.text.PWMC_CurrentReadingCalibr)
    PWMC_GetPhaseCurrents                    0x080026d9   Thumb Code     8  pwm_curr_fdbk.o(.text.PWMC_GetPhaseCurrents)
    PWMC_SetPhaseVoltage                     0x080026e1   Thumb Code   480  pwm_curr_fdbk.o(.text.PWMC_SetPhaseVoltage)
    PWMC_SwitchOffPWM                        0x080028c5   Thumb Code     8  pwm_curr_fdbk.o(.text.PWMC_SwitchOffPWM)
    PWMC_SwitchOnPWM                         0x080028cd   Thumb Code     8  pwm_curr_fdbk.o(.text.PWMC_SwitchOnPWM)
    PendSV_Handler                           0x080028d5   Thumb Code     2  stm32g0xx_it.o(.text.PendSV_Handler)
    R3_1_CurrentReadingCalibration           0x080028d9   Thumb Code   280  r3_g0xx_pwm_curr_fdbk.o(.text.R3_1_CurrentReadingCalibration)
    R3_1_GetOffsetCalib                      0x08002a09   Thumb Code    14  r3_g0xx_pwm_curr_fdbk.o(.text.R3_1_GetOffsetCalib)
    R3_1_GetPhaseCurrents                    0x08002a19   Thumb Code   416  r3_g0xx_pwm_curr_fdbk.o(.text.R3_1_GetPhaseCurrents)
    R3_1_HFCurrentsCalibrationAB             0x08002bd1   Thumb Code    76  r3_g0xx_pwm_curr_fdbk.o(.text.R3_1_HFCurrentsCalibrationAB)
    R3_1_HFCurrentsCalibrationC              0x08002c1d   Thumb Code    68  r3_g0xx_pwm_curr_fdbk.o(.text.R3_1_HFCurrentsCalibrationC)
    R3_1_Init                                0x08002c65   Thumb Code   284  r3_g0xx_pwm_curr_fdbk.o(.text.R3_1_Init)
    R3_1_IsOverCurrentOccurred               0x08002da1   Thumb Code    50  r3_g0xx_pwm_curr_fdbk.o(.text.R3_1_IsOverCurrentOccurred)
    R3_1_OVERCURRENT_IRQHandler              0x08002dd3   Thumb Code    58  r3_g0xx_pwm_curr_fdbk.o(.text.R3_1_OVERCURRENT_IRQHandler)
    R3_1_OVERVOLTAGE_IRQHandler              0x08002e0d   Thumb Code    28  r3_g0xx_pwm_curr_fdbk.o(.text.R3_1_OVERVOLTAGE_IRQHandler)
    R3_1_SetADCSampPointCalibration          0x08002e29   Thumb Code    30  r3_g0xx_pwm_curr_fdbk.o(.text.R3_1_SetADCSampPointCalibration)
    R3_1_SetADCSampPointSectX                0x08002e47   Thumb Code   104  r3_g0xx_pwm_curr_fdbk.o(.text.R3_1_SetADCSampPointSectX)
    R3_1_SetOffsetCalib                      0x08002eaf   Thumb Code    20  r3_g0xx_pwm_curr_fdbk.o(.text.R3_1_SetOffsetCalib)
    R3_1_SwitchOffPWM                        0x08002ec5   Thumb Code   164  r3_g0xx_pwm_curr_fdbk.o(.text.R3_1_SwitchOffPWM)
    R3_1_SwitchOnPWM                         0x08002f69   Thumb Code   196  r3_g0xx_pwm_curr_fdbk.o(.text.R3_1_SwitchOnPWM)
    R3_1_TIMx_UP_IRQHandler                  0x08003039   Thumb Code   108  r3_g0xx_pwm_curr_fdbk.o(.text.R3_1_TIMx_UP_IRQHandler)
    R3_1_TurnOnLowSides                      0x080030ad   Thumb Code    84  r3_g0xx_pwm_curr_fdbk.o(.text.R3_1_TurnOnLowSides)
    R3_1_WriteTIMRegisters                   0x08003105   Thumb Code    44  r3_g0xx_pwm_curr_fdbk.o(.text.R3_1_WriteTIMRegisters)
    RCM_ExecNextConv                         0x08003135   Thumb Code    92  regular_conversion_manager.o(.text.RCM_ExecNextConv)
    RCM_ExecRegularConv                      0x08003195   Thumb Code   416  regular_conversion_manager.o(.text.RCM_ExecRegularConv)
    RCM_ExecUserConv                         0x08003341   Thumb Code    60  regular_conversion_manager.o(.text.RCM_ExecUserConv)
    RCM_ReadOngoingConv                      0x0800337d   Thumb Code    64  regular_conversion_manager.o(.text.RCM_ReadOngoingConv)
    RCM_RegisterRegConv                      0x080033bd   Thumb Code   296  regular_conversion_manager.o(.text.RCM_RegisterRegConv)
    REMNG_Calc                               0x080034ed   Thumb Code    44  ramp_ext_mngr.o(.text.REMNG_Calc)
    REMNG_ExecRamp                           0x08003519   Thumb Code   128  ramp_ext_mngr.o(.text.REMNG_ExecRamp)
    REMNG_Init                               0x08003599   Thumb Code    16  ramp_ext_mngr.o(.text.REMNG_Init)
    REMNG_RampCompleted                      0x080035a9   Thumb Code     8  ramp_ext_mngr.o(.text.REMNG_RampCompleted)
    RI_GetIDSize                             0x080035b1   Thumb Code    32  register_interface.o(.text.RI_GetIDSize)
    RI_GetPtrReg                             0x080035d1   Thumb Code   244  register_interface.o(.text.RI_GetPtrReg)
    RI_GetRegCommandParser                   0x080036d5   Thumb Code  2196  register_interface.o(.text.RI_GetRegCommandParser)
    RI_SetRegCommandParser                   0x08003f99   Thumb Code  1832  register_interface.o(.text.RI_SetRegCommandParser)
    RUC_Clear                                0x08004719   Thumb Code   128  revup_ctrl.o(.text.RUC_Clear)
    RUC_Exec                                 0x08004799   Thumb Code   104  revup_ctrl.o(.text.RUC_Exec)
    RUC_FirstAccelerationStageReached        0x08004801   Thumb Code    20  revup_ctrl.o(.text.RUC_FirstAccelerationStageReached)
    RUC_GetNumberOfPhases                    0x08004815   Thumb Code     6  revup_ctrl.o(.text.RUC_GetNumberOfPhases)
    RUC_GetPhase                             0x0800481b   Thumb Code    18  revup_ctrl.o(.text.RUC_GetPhase)
    RUC_Init                                 0x0800482d   Thumb Code    96  revup_ctrl.o(.text.RUC_Init)
    RUC_SetPhase                             0x08004891   Thumb Code    18  revup_ctrl.o(.text.RUC_SetPhase)
    RVBS_CalcAvVbus                          0x080048a5   Thumb Code   184  r_divider_bus_voltage_sensor.o(.text.RVBS_CalcAvVbus)
    RVBS_CheckFaultState                     0x08004961   Thumb Code    78  r_divider_bus_voltage_sensor.o(.text.RVBS_CheckFaultState)
    RVBS_Clear                               0x080049af   Thumb Code    74  r_divider_bus_voltage_sensor.o(.text.RVBS_Clear)
    RVBS_Init                                0x080049f9   Thumb Code    22  r_divider_bus_voltage_sensor.o(.text.RVBS_Init)
    SPD_GetAvrgMecSpeedUnit                  0x08004a0f   Thumb Code     6  speed_pos_fdbk.o(.text.SPD_GetAvrgMecSpeedUnit)
    SPD_GetElAngle                           0x08004a15   Thumb Code     6  speed_pos_fdbk.o(.text.SPD_GetElAngle)
    SPD_GetInstElSpeedDpp                    0x08004a1b   Thumb Code     6  speed_pos_fdbk.o(.text.SPD_GetInstElSpeedDpp)
    SPD_GetS16Speed                          0x08004a21   Thumb Code    24  speed_pos_fdbk.o(.text.SPD_GetS16Speed)
    SPD_IsMecSpeedReliable                   0x08004a3d   Thumb Code    84  speed_pos_fdbk.o(.text.SPD_IsMecSpeedReliable)
    STC_CalcTorqueReference                  0x08004a91   Thumb Code   128  speed_torq_ctrl.o(.text.STC_CalcTorqueReference)
    STC_Clear                                0x08004b1d   Thumb Code    18  speed_torq_ctrl.o(.text.STC_Clear)
    STC_ExecRamp                             0x08004b31   Thumb Code   156  speed_torq_ctrl.o(.text.STC_ExecRamp)
    STC_ForceSpeedReferenceToCurrentSpeed    0x08004bd1   Thumb Code    16  speed_torq_ctrl.o(.text.STC_ForceSpeedReferenceToCurrentSpeed)
    STC_GetDefaultIqdref                     0x08004be1   Thumb Code    10  speed_torq_ctrl.o(.text.STC_GetDefaultIqdref)
    STC_GetMecSpeedRefUnit                   0x08004beb   Thumb Code     6  speed_torq_ctrl.o(.text.STC_GetMecSpeedRefUnit)
    STC_GetSpeedSensor                       0x08004bf1   Thumb Code     4  speed_torq_ctrl.o(.text.STC_GetSpeedSensor)
    STC_GetTorqueRef                         0x08004bf5   Thumb Code     6  speed_torq_ctrl.o(.text.STC_GetTorqueRef)
    STC_Init                                 0x08004bfb   Thumb Code    32  speed_torq_ctrl.o(.text.STC_Init)
    STC_SetControlMode                       0x08004c1b   Thumb Code     8  speed_torq_ctrl.o(.text.STC_SetControlMode)
    STC_SetSpeedSensor                       0x08004c23   Thumb Code     4  speed_torq_ctrl.o(.text.STC_SetSpeedSensor)
    STC_StopRamp                             0x08004c27   Thumb Code     8  speed_torq_ctrl.o(.text.STC_StopRamp)
    STO_OTF_ResetPLL                         0x08004c2f   Thumb Code    14  sto_pll_speed_pos_fdbk.o(.text.STO_OTF_ResetPLL)
    STO_PLL_CalcAvrgElSpeedDpp               0x08004c3d   Thumb Code    66  sto_pll_speed_pos_fdbk.o(.text.STO_PLL_CalcAvrgElSpeedDpp)
    STO_PLL_CalcAvrgMecSpeedUnit             0x08004c81   Thumb Code   584  sto_pll_speed_pos_fdbk.o(.text.STO_PLL_CalcAvrgMecSpeedUnit)
    STO_PLL_CalcElAngle                      0x08004ec9   Thumb Code   536  sto_pll_speed_pos_fdbk.o(.text.STO_PLL_CalcElAngle)
    STO_PLL_Clear                            0x080050e9   Thumb Code    90  sto_pll_speed_pos_fdbk.o(.text.STO_PLL_Clear)
    STO_PLL_ForceConvergency1                0x08005143   Thumb Code    12  sto_pll_speed_pos_fdbk.o(.text.STO_PLL_ForceConvergency1)
    STO_PLL_ForceConvergency2                0x0800514f   Thumb Code    12  sto_pll_speed_pos_fdbk.o(.text.STO_PLL_ForceConvergency2)
    STO_PLL_GetEstimatedBemf                 0x0800515b   Thumb Code     4  sto_pll_speed_pos_fdbk.o(.text.STO_PLL_GetEstimatedBemf)
    STO_PLL_GetEstimatedBemfLevel            0x0800515f   Thumb Code     8  sto_pll_speed_pos_fdbk.o(.text.STO_PLL_GetEstimatedBemfLevel)
    STO_PLL_GetEstimatedCurrent              0x08005167   Thumb Code    22  sto_pll_speed_pos_fdbk.o(.text.STO_PLL_GetEstimatedCurrent)
    STO_PLL_GetObservedBemfLevel             0x0800517d   Thumb Code     6  sto_pll_speed_pos_fdbk.o(.text.STO_PLL_GetObservedBemfLevel)
    STO_PLL_GetObserverGains                 0x08005183   Thumb Code    10  sto_pll_speed_pos_fdbk.o(.text.STO_PLL_GetObserverGains)
    STO_PLL_Init                             0x0800518d   Thumb Code   136  sto_pll_speed_pos_fdbk.o(.text.STO_PLL_Init)
    STO_PLL_IsObserverConverged              0x0800521d   Thumb Code   166  sto_pll_speed_pos_fdbk.o(.text.STO_PLL_IsObserverConverged)
    STO_PLL_IsVarianceTight                  0x080052c3   Thumb Code     8  sto_pll_speed_pos_fdbk.o(.text.STO_PLL_IsVarianceTight)
    STO_PLL_SetObserverGains                 0x080052cb   Thumb Code     6  sto_pll_speed_pos_fdbk.o(.text.STO_PLL_SetObserverGains)
    STO_ResetPLL                             0x080052d1   Thumb Code    12  sto_pll_speed_pos_fdbk.o(.text.STO_ResetPLL)
    SVC_Handler                              0x080052dd   Thumb Code     2  stm32g0xx_it.o(.text.SVC_Handler)
    SysTick_Handler                          0x080052e1   Thumb Code    52  stm32g0xx_mc_it.o(.text.SysTick_Handler)
    SystemClock_Config                       0x0800531d   Thumb Code   228  main.o(.text.SystemClock_Config)
    SystemInit                               0x08005415   Thumb Code     2  system_stm32g0xx.o(.text.SystemInit)
    TIM14_IRQHandler                         0x08005419   Thumb Code    12  stm32g0xx_it.o(.text.TIM14_IRQHandler)
    TIM1_BRK_UP_TRG_COM_IRQHandler           0x08005429   Thumb Code   104  stm32g0xx_mc_it.o(.text.TIM1_BRK_UP_TRG_COM_IRQHandler)
    TSK_ChargeBootCapDelayHasElapsedM1       0x080054a1   Thumb Code    12  mc_tasks.o(.text.TSK_ChargeBootCapDelayHasElapsedM1)
    TSK_HardwareFaultTask                    0x080054ad   Thumb Code    24  mc_tasks.o(.text.TSK_HardwareFaultTask)
    TSK_HighFrequencyTask                    0x080054c5   Thumb Code   388  mc_tasks.o(.text.TSK_HighFrequencyTask)
    TSK_MF_StopProcessing                    0x08005671   Thumb Code    52  mc_tasks.o(.text.TSK_MF_StopProcessing)
    TSK_MediumFrequencyTaskM1                0x080056ad   Thumb Code   800  mc_tasks.o(.text.TSK_MediumFrequencyTaskM1)
    TSK_SafetyTask                           0x080059ed   Thumb Code    24  mc_tasks.o(.text.TSK_SafetyTask)
    TSK_SafetyTask_PWMOFF                    0x08005a09   Thumb Code   132  mc_tasks.o(.text.TSK_SafetyTask_PWMOFF)
    TSK_SetChargeBootCapDelayM1              0x08005aa5   Thumb Code     8  mc_tasks.o(.text.TSK_SetChargeBootCapDelayM1)
    TSK_SetStopPermanencyTimeM1              0x08005aad   Thumb Code     8  mc_tasks.o(.text.TSK_SetStopPermanencyTimeM1)
    TSK_StopPermanencyTimeHasElapsedM1       0x08005ab5   Thumb Code    12  mc_tasks.o(.text.TSK_StopPermanencyTimeHasElapsedM1)
    UASPEP_IDLE_ENABLE                       0x08005ac5   Thumb Code    28  usart_aspep_driver.o(.text.UASPEP_IDLE_ENABLE)
    UASPEP_INIT                              0x08005ae1   Thumb Code   144  usart_aspep_driver.o(.text.UASPEP_INIT)
    UASPEP_RECEIVE_BUFFER                    0x08005b71   Thumb Code    40  usart_aspep_driver.o(.text.UASPEP_RECEIVE_BUFFER)
    UASPEP_SEND_PACKET                       0x08005b99   Thumb Code    44  usart_aspep_driver.o(.text.UASPEP_SEND_PACKET)
    UI_HandleStartStopButton_cb              0x08005bcd   Thumb Code    22  mc_tasks.o(.text.UI_HandleStartStopButton_cb)
    USART2_IRQHandler                        0x08005be5   Thumb Code   228  stm32g0xx_mc_it.o(.text.USART2_IRQHandler)
    VBS_GetAvBusVoltage_V                    0x08005cd9   Thumb Code    10  bus_voltage_sensor.o(.text.VBS_GetAvBusVoltage_V)
    VBS_GetAvBusVoltage_d                    0x08005ce3   Thumb Code     4  bus_voltage_sensor.o(.text.VBS_GetAvBusVoltage_d)
    VSS_CalcAvrgMecSpeedUnit                 0x08005ce7   Thumb Code   138  virtual_speed_sensor.o(.text.VSS_CalcAvrgMecSpeedUnit)
    VSS_CalcElAngle                          0x08005d71   Thumb Code   172  virtual_speed_sensor.o(.text.VSS_CalcElAngle)
    VSS_Clear                                0x08005e1d   Thumb Code    26  virtual_speed_sensor.o(.text.VSS_Clear)
    VSS_Init                                 0x08005e37   Thumb Code     8  virtual_speed_sensor.o(.text.VSS_Init)
    VSS_SetMecAcceleration                   0x08005e3f   Thumb Code   150  virtual_speed_sensor.o(.text.VSS_SetMecAcceleration)
    VSS_SetMecAngle                          0x08005ed5   Thumb Code    22  virtual_speed_sensor.o(.text.VSS_SetMecAngle)
    VSS_SetStartTransition                   0x08005eeb   Thumb Code    34  virtual_speed_sensor.o(.text.VSS_SetStartTransition)
    VSS_TransitionEnded                      0x08005f0d   Thumb Code     6  virtual_speed_sensor.o(.text.VSS_TransitionEnded)
    _sys_exit                                0x08005f13   Thumb Code     2  main.o(.text._sys_exit)
    exe_key_func                             0x08005f15   Thumb Code   224  led_key.o(.text.exe_key_func)
    getScalingFactor                         0x08006009   Thumb Code    84  ramp_ext_mngr.o(.text.getScalingFactor)
    get_key_state                            0x0800605d   Thumb Code   216  led_key.o(.text.get_key_state)
    main                                     0x08006141   Thumb Code  1580  main.o(.text.main)
    mc_lock_pins                             0x0800679d   Thumb Code   212  mc_tasks.o(.text.mc_lock_pins)
    waitForPolarizationEnd                   0x0800687d   Thumb Code    60  pwm_common.o(.text.waitForPolarizationEnd)
    work_mode_init                           0x080068b9   Thumb Code    16  app_handle.o(.text.work_mode_init)
    __aeabi_uidiv                            0x080068d1   Thumb Code    68  aeabi_sdivfast.o(.text_divfast)
    __aeabi_idiv                             0x08006915   Thumb Code   434  aeabi_sdivfast.o(.text_divfast)
    __aeabi_fmul                             0x08006ac9   Thumb Code     0  fmul.o(x$fpl$fmul)
    _fmul                                    0x08006ac9   Thumb Code   172  fmul.o(x$fpl$fmul)
    AHBPrescTable                            0x08006b78   Data          64  system_stm32g0xx.o(.rodata.AHBPrescTable)
    __I$use$fp                               0x08006b78   Number         0  usenofp.o(x$fpl$usenofp)
    APBPrescTable                            0x08006bb8   Data          32  system_stm32g0xx.o(.rodata.APBPrescTable)
    CTL_BOARD                                0x08006cdd   Data          14  mc_configuration_registers.o(.rodata.CTL_BOARD)
    FIRMWARE_NAME                            0x08006ceb   Data          20  mc_configuration_registers.o(.rodata.FIRMWARE_NAME)
    M1_MotorConfig_reg                       0x08006d1c   Data          60  mc_configuration_registers.o(.rodata.M1_MotorConfig_reg)
    R3_1_Params                              0x08006d7c   Data         120  mc_parameters.o(.rodata.R3_1_Params)
    SqrtTable                                0x08006df4   Data        2050  circle_limitation.o(.rodata.SqrtTable)
    globalConfig_reg                         0x08007606   Data          10  mc_configuration_registers.o(.rodata.globalConfig_reg)
    hSin_Cos_Table                           0x08007610   Data         512  mc_math.o(.rodata.hSin_Cos_Table)
    Region$$Table$$Base                      0x08007810   Number         0  anon$$obj.o(Region$$Table)
    Region$$Table$$Limit                     0x08007830   Number         0  anon$$obj.o(Region$$Table)
    uwTickFreq                               0x20000000   Data           1  stm32g0xx_hal.o(.data..L_MergedGlobals)
    uwTickPrio                               0x20000004   Data           4  stm32g0xx_hal.o(.data..L_MergedGlobals)
    ApplicationConfig_reg                    0x20000008   Data           4  mc_configuration_registers.o(.data.ApplicationConfig_reg)
    BusVoltageSensor_M1                      0x2000000c   Data          44  mc_config.o(.data.BusVoltageSensor_M1)
    CircleLimitationM1                       0x20000038   Data         180  mc_config.o(.data.CircleLimitationM1)
    FOCConfig_reg                            0x200000ec   Data           4  mc_configuration_registers.o(.data.FOCConfig_reg)
    MCPA_UART_A                              0x200000f0   Data          44  mcp_config.o(.data.MCPA_UART_A)
    MCP_Over_UartA                           0x2000011c   Data          16  mcp_config.o(.data.MCP_Over_UartA)
    MotorConfig_reg                          0x2000012c   Data           4  mc_configuration_registers.o(.data.MotorConfig_reg)
    PIDIdHandle_M1                           0x20000130   Data          44  mc_config.o(.data.PIDIdHandle_M1)
    PIDIqHandle_M1                           0x2000015c   Data          44  mc_config.o(.data.PIDIqHandle_M1)
    PIDSpeedHandle_M1                        0x20000188   Data          44  mc_config.o(.data.PIDSpeedHandle_M1)
    PQD_MotorPowMeasM1                       0x200001b4   Data          16  mc_config.o(.data.PQD_MotorPowMeasM1)
    PWM_Handle_M1                            0x200001c4   Data         144  mc_config.o(.data.PWM_Handle_M1)
    PWR_BOARD_NAME                           0x20000254   Data           4  mc_configuration_registers.o(.data.PWR_BOARD_NAME)
    RampExtMngrHFParamsM1                    0x20000258   Data          24  mc_config.o(.data.RampExtMngrHFParamsM1)
    RevUpControlM1                           0x20000270   Data         120  mc_config.o(.data.RevUpControlM1)
    STO_M1                                   0x200002e8   Data          20  mc_config.o(.data.STO_M1)
    STO_PLL_M1                               0x200002fc   Data         296  mc_config.o(.data.STO_PLL_M1)
    SpeednTorqCtrlM1                         0x20000424   Data          52  mc_config.o(.data.SpeednTorqCtrlM1)
    SystemCoreClock                          0x2000045c   Data           4  system_stm32g0xx.o(.data.SystemCoreClock)
    TempSensor_M1                            0x20000460   Data          40  mc_config.o(.data.TempSensor_M1)
    VirtualSpeedSensorM1                     0x2000049c   Data          56  mc_config.o(.data.VirtualSpeedSensorM1)
    aspepOverUartA                           0x200004d4   Data         116  mcp_config.o(.data.aspepOverUartA)
    g_work_mode                              0x20000548   Data           1  app_handle.o(.data.g_work_mode)
    pMPM                                     0x2000054c   Data           4  mc_config.o(.data.pMPM)
    pPIDId                                   0x20000550   Data           4  mc_config.o(.data.pPIDId)
    pPIDIq                                   0x20000554   Data           4  mc_config.o(.data.pPIDIq)
    pSTC                                     0x20000558   Data           4  mc_config.o(.data.pSTC)
    pTemperatureSensor                       0x2000055c   Data           4  mc_config.o(.data.pTemperatureSensor)
    switch_mode_tmp                          0x20000560   Data           1  led_key.o(.data.switch_mode_tmp)
    __libspace_start                         0x20000568   Data          96  libspace.o(.bss)
    __temporary_stack_top$libspace           0x200005c8   Data           0  libspace.o(.bss)
    time_1000ms                              0x200005c8   Data           4  main.o(.bss..L_MergedGlobals)
    time_ms                                  0x200005cc   Data           4  main.o(.bss..L_MergedGlobals)
    htim14                                   0x200005d0   Data          76  main.o(.bss..L_MergedGlobals)
    hBootCapDelayCounterM1                   0x2000061e   Data           2  mc_tasks.o(.bss..L_MergedGlobals)
    M1EnableStartFlag                        0x200006a4   Data           1  user_logic.o(.bss..L_MergedGlobals)
    UARTSpeedCMD_M1                          0x200006a6   Data           2  user_logic.o(.bss..L_MergedGlobals)
    UARTSpeedCMDLast_M1                      0x200006a8   Data           2  user_logic.o(.bss..L_MergedGlobals)
    report_speed                             0x200006aa   Data           2  user_logic.o(.bss..L_MergedGlobals)
    speed_cmd                                0x200006ac   Data           2  user_logic.o(.bss..L_MergedGlobals)
    report_speed_buf                         0x200006b0   Data           4  user_logic.o(.bss..L_MergedGlobals)
    lib_debug_compressor_speed_fdbk          0x200006b4   Data           4  user_logic.o(.bss..L_MergedGlobals)
    lib_debug                                0x200006b8   Data          10  user_logic.o(.bss..L_MergedGlobals)
    test_c                                   0x200006c2   Data           2  r3_g0xx_pwm_curr_fdbk.o(.bss..L_MergedGlobals)
    testhReg1                                0x200006c4   Data           2  r3_g0xx_pwm_curr_fdbk.o(.bss..L_MergedGlobals)
    testhReg2                                0x200006c6   Data           2  r3_g0xx_pwm_curr_fdbk.o(.bss..L_MergedGlobals)
    IPM_ErrFlag                              0x200006c8   Data           1  app_error.o(.bss..L_MergedGlobals)
    BusVoltage                               0x200006ca   Data           2  app_error.o(.bss..L_MergedGlobals)
    BusVoltage_LTime                         0x200006cc   Data           2  app_error.o(.bss..L_MergedGlobals)
    BusVoltage_HTime                         0x200006ce   Data           2  app_error.o(.bss..L_MergedGlobals)
    g_work_mode_ppre                         0x200006d0   Data           1  app_handle.o(.bss..L_MergedGlobals)
    g_work_mode_pre                          0x200006d1   Data           1  app_handle.o(.bss..L_MergedGlobals)
    GLOBAL_TIMESTAMP                         0x200006d4   Data           4  mcpa.o(.bss.GLOBAL_TIMESTAMP)
    MCP_UserCallBack                         0x200017f4   Data           8  mcp_config.o(.bss.MCP_UserCallBack)
    Mci                                      0x200017fc   Data          32  mc_config.o(.bss.Mci)
    User_Logic_Handle_Counter                0x20001832   Data           2  stm32g0xx_mc_it.o(.bss.User_Logic_Handle_Counter)
    dataPtrTableA                            0x20001834   Data          40  mcp_config.o(.bss.dataPtrTableA)
    dataPtrTableBuffA                        0x2000185c   Data          40  mcp_config.o(.bss.dataPtrTableBuffA)
    dataSizeTableA                           0x20001884   Data          10  mcp_config.o(.bss.dataSizeTableA)
    dataSizeTableBuffA                       0x2000188e   Data          10  mcp_config.o(.bss.dataSizeTableBuffA)
    hCurrentReference                        0x20001898   Data           2  speed_torq_ctrl.o(.bss.hCurrentReference)
    key                                      0x2000189c   Data          12  led_key.o(.bss.key)
    mrx_data                                 0x200018a9   Data           1  main.o(.bss.mrx_data)
    myxflag                                  0x200018ac   Data           4  speed_torq_ctrl.o(.bss.myxflag)
    pMCI                                     0x200018b0   Data           4  motorcontrol.o(.bss.pMCI)
    target_p_s                               0x200018b4   Data           4  main.o(.bss.target_p_s)
    test_max                                 0x200018b8   Data           4  pwm_curr_fdbk.o(.bss.test_max)
    test_time                                0x200018bc   Data           4  stm32g0xx_mc_it.o(.bss.test_time)
    uwTick                                   0x200018c0   Data           4  stm32g0xx_hal.o(.bss.uwTick)
    watch_data                               0x200018c4   Data          40  watch_data.o(.bss.watch_data)



==============================================================================

Memory Map of the image

  Image Entry point : 0x080000c1

  Load Region LR_IROM1 (Base: 0x08000000, Size: 0x00007d98, Max: 0x00020000, ABSOLUTE, COMPRESSED[0x00007a00])

    Execution Region ER_IROM1 (Exec base: 0x08000000, Load base: 0x08000000, Size: 0x00007830, Max: 0x00020000, ABSOLUTE)

    Exec Addr    Load Addr    Size         Type   Attr      Idx    E Section Name        Object

    0x08000000   0x08000000   0x000000c0   Data   RO            3    RESET               startup_stm32g030xx.o
    0x080000c0   0x080000c0   0x00000008   Code   RO         2328  * !!!main             c_p.l(__main.o)
    0x080000c8   0x080000c8   0x0000003c   Code   RO         2526    !!!scatter          c_p.l(__scatter.o)
    0x08000104   0x08000104   0x0000001c   Code   RO         2528    !!handler_zi        c_p.l(__scatter_zi.o)
    0x08000120   0x08000120   0x00000002   Code   RO         2393    .ARM.Collect$$libinit$$00000000  c_p.l(libinit.o)
    0x08000122   0x08000122   0x00000000   Code   RO         2407    .ARM.Collect$$libinit$$00000002  c_p.l(libinit2.o)
    0x08000122   0x08000122   0x00000000   Code   RO         2409    .ARM.Collect$$libinit$$00000004  c_p.l(libinit2.o)
    0x08000122   0x08000122   0x00000000   Code   RO         2411    .ARM.Collect$$libinit$$00000006  c_p.l(libinit2.o)
    0x08000122   0x08000122   0x00000000   Code   RO         2414    .ARM.Collect$$libinit$$0000000C  c_p.l(libinit2.o)
    0x08000122   0x08000122   0x00000000   Code   RO         2416    .ARM.Collect$$libinit$$0000000E  c_p.l(libinit2.o)
    0x08000122   0x08000122   0x00000000   Code   RO         2418    .ARM.Collect$$libinit$$00000010  c_p.l(libinit2.o)
    0x08000122   0x08000122   0x00000000   Code   RO         2421    .ARM.Collect$$libinit$$00000013  c_p.l(libinit2.o)
    0x08000122   0x08000122   0x00000000   Code   RO         2423    .ARM.Collect$$libinit$$00000015  c_p.l(libinit2.o)
    0x08000122   0x08000122   0x00000000   Code   RO         2425    .ARM.Collect$$libinit$$00000017  c_p.l(libinit2.o)
    0x08000122   0x08000122   0x00000000   Code   RO         2427    .ARM.Collect$$libinit$$00000019  c_p.l(libinit2.o)
    0x08000122   0x08000122   0x00000000   Code   RO         2429    .ARM.Collect$$libinit$$0000001B  c_p.l(libinit2.o)
    0x08000122   0x08000122   0x00000000   Code   RO         2431    .ARM.Collect$$libinit$$0000001D  c_p.l(libinit2.o)
    0x08000122   0x08000122   0x00000000   Code   RO         2433    .ARM.Collect$$libinit$$0000001F  c_p.l(libinit2.o)
    0x08000122   0x08000122   0x00000000   Code   RO         2435    .ARM.Collect$$libinit$$00000021  c_p.l(libinit2.o)
    0x08000122   0x08000122   0x00000000   Code   RO         2437    .ARM.Collect$$libinit$$00000023  c_p.l(libinit2.o)
    0x08000122   0x08000122   0x00000000   Code   RO         2439    .ARM.Collect$$libinit$$00000025  c_p.l(libinit2.o)
    0x08000122   0x08000122   0x00000000   Code   RO         2441    .ARM.Collect$$libinit$$00000027  c_p.l(libinit2.o)
    0x08000122   0x08000122   0x00000000   Code   RO         2445    .ARM.Collect$$libinit$$0000002E  c_p.l(libinit2.o)
    0x08000122   0x08000122   0x00000000   Code   RO         2447    .ARM.Collect$$libinit$$00000030  c_p.l(libinit2.o)
    0x08000122   0x08000122   0x00000000   Code   RO         2449    .ARM.Collect$$libinit$$00000032  c_p.l(libinit2.o)
    0x08000122   0x08000122   0x00000000   Code   RO         2451    .ARM.Collect$$libinit$$00000034  c_p.l(libinit2.o)
    0x08000122   0x08000122   0x00000002   Code   RO         2452    .ARM.Collect$$libinit$$00000035  c_p.l(libinit2.o)
    0x08000124   0x08000124   0x00000002   Code   RO         2476    .ARM.Collect$$libshutdown$$00000000  c_p.l(libshutdown.o)
    0x08000126   0x08000126   0x00000000   Code   RO         2504    .ARM.Collect$$libshutdown$$00000002  c_p.l(libshutdown2.o)
    0x08000126   0x08000126   0x00000000   Code   RO         2506    .ARM.Collect$$libshutdown$$00000004  c_p.l(libshutdown2.o)
    0x08000126   0x08000126   0x00000000   Code   RO         2509    .ARM.Collect$$libshutdown$$00000007  c_p.l(libshutdown2.o)
    0x08000126   0x08000126   0x00000000   Code   RO         2512    .ARM.Collect$$libshutdown$$0000000A  c_p.l(libshutdown2.o)
    0x08000126   0x08000126   0x00000000   Code   RO         2514    .ARM.Collect$$libshutdown$$0000000C  c_p.l(libshutdown2.o)
    0x08000126   0x08000126   0x00000000   Code   RO         2517    .ARM.Collect$$libshutdown$$0000000F  c_p.l(libshutdown2.o)
    0x08000126   0x08000126   0x00000002   Code   RO         2518    .ARM.Collect$$libshutdown$$00000010  c_p.l(libshutdown2.o)
    0x08000128   0x08000128   0x00000000   Code   RO         2356    .ARM.Collect$$rtentry$$00000000  c_p.l(__rtentry.o)
    0x08000128   0x08000128   0x00000000   Code   RO         2363    .ARM.Collect$$rtentry$$00000002  c_p.l(__rtentry2.o)
    0x08000128   0x08000128   0x00000006   Code   RO         2375    .ARM.Collect$$rtentry$$00000004  c_p.l(__rtentry4.o)
    0x0800012e   0x0800012e   0x00000000   Code   RO         2365    .ARM.Collect$$rtentry$$00000009  c_p.l(__rtentry2.o)
    0x0800012e   0x0800012e   0x00000004   Code   RO         2366    .ARM.Collect$$rtentry$$0000000A  c_p.l(__rtentry2.o)
    0x08000132   0x08000132   0x00000000   Code   RO         2368    .ARM.Collect$$rtentry$$0000000C  c_p.l(__rtentry2.o)
    0x08000132   0x08000132   0x00000008   Code   RO         2369    .ARM.Collect$$rtentry$$0000000D  c_p.l(__rtentry2.o)
    0x0800013a   0x0800013a   0x00000002   Code   RO         2398    .ARM.Collect$$rtexit$$00000000  c_p.l(rtexit.o)
    0x0800013c   0x0800013c   0x00000000   Code   RO         2454    .ARM.Collect$$rtexit$$00000002  c_p.l(rtexit2.o)
    0x0800013c   0x0800013c   0x00000004   Code   RO         2455    .ARM.Collect$$rtexit$$00000003  c_p.l(rtexit2.o)
    0x08000140   0x08000140   0x00000006   Code   RO         2456    .ARM.Collect$$rtexit$$00000004  c_p.l(rtexit2.o)
    0x08000146   0x08000146   0x00000002   PAD
    0x08000148   0x08000148   0x00000038   Code   RO         2312    .emb_text           c_p.l(rt_memcpy.o)
    0x08000180   0x08000180   0x0000004c   Code   RO            4    .text               startup_stm32g030xx.o
    0x080001cc   0x080001cc   0x00000030   Code   RO         2308    .text               c_p.l(llmul.o)
    0x080001fc   0x080001fc   0x00000082   Code   RO         2313    .text               c_p.l(rt_memcpy.o)
    0x0800027e   0x0800027e   0x00000040   Code   RO         2316    .text               c_p.l(rt_memclr.o)
    0x080002be   0x080002be   0x00000006   Code   RO         2326    .text               c_p.l(heapauxi.o)
    0x080002c4   0x080002c4   0x0000005e   Code   RO         2352    .text               fz_ps.l(fflti.o)
    0x08000322   0x08000322   0x0000003e   Code   RO         2379    .text               c_p.l(sys_stackheap_outer.o)
    0x08000360   0x08000360   0x00000010   Code   RO         2382    .text               c_p.l(exit.o)
    0x08000370   0x08000370   0x00000008   Code   RO         2394    .text               c_p.l(libspace.o)
    0x08000378   0x08000378   0x00000056   Code   RO         2524    .text               c_p.l(__dczerorl2.o)
    0x080003ce   0x080003ce   0x00000016   Code   RO          585    .text.ASPEP_HWDMAReset  aspep.o
    0x080003e4   0x080003e4   0x00000090   Code   RO          583    .text.ASPEP_HWDataReceivedIT  aspep.o
    0x08000474   0x08000474   0x000000a2   Code   RO          579    .text.ASPEP_HWDataTransmittedIT  aspep.o
    0x08000516   0x08000516   0x00000002   PAD
    0x08000518   0x08000518   0x000005c8   Code   RO          581    .text.ASPEP_RXframeProcess  aspep.o
    0x08000ae0   0x08000ae0   0x000000e8   Code   RO          569    .text.ASPEP_TXframeProcess  aspep.o
    0x08000bc8   0x08000bc8   0x00000058   Code   RO          573    .text.ASPEP_getBuffer  aspep.o
    0x08000c20   0x08000c20   0x0000004e   Code   RO          577    .text.ASPEP_sendPacket  aspep.o
    0x08000c6e   0x08000c6e   0x00000024   Code   RO          565    .text.ASPEP_start   aspep.o
    0x08000c92   0x08000c92   0x00000002   PAD
    0x08000c94   0x08000c94   0x00000080   Code   RO         1578    .text.Circle_Limitation  circle_limitation.o
    0x08000d14   0x08000d14   0x00000014   Code   RO          480    .text.DMA1_Channel1_IRQHandler  stm32g0xx_mc_it.o
    0x08000d28   0x08000d28   0x00000020   Code   RO          484    .text.DMA1_Channel2_3_IRQHandler  stm32g0xx_mc_it.o
    0x08000d48   0x08000d48   0x00000024   Code   RO          492    .text.EXTI4_15_IRQHandler  stm32g0xx_mc_it.o
    0x08000d6c   0x08000d6c   0x00000024   Code   RO          216    .text.FOC_CalcCurrRef  mc_tasks.o
    0x08000d90   0x08000d90   0x00000060   Code   RO          196    .text.FOC_Clear     mc_tasks.o
    0x08000df0   0x08000df0   0x00000002   Code   RO          214    .text.FOC_InitAdditionalMethods  mc_tasks.o
    0x08000df2   0x08000df2   0x00000002   PAD
    0x08000df4   0x08000df4   0x00000008   Code   RO         1082    .text.HAL_GetTick   stm32g0xx_hal.o
    0x08000dfc   0x08000dfc   0x00000014   Code   RO         1080    .text.HAL_IncTick   stm32g0xx_hal.o
    0x08000e10   0x08000e10   0x0000002c   Code   RO         1070    .text.HAL_Init      stm32g0xx_hal.o
    0x08000e3c   0x08000e3c   0x00000044   Code   RO         1072    .text.HAL_InitTick  stm32g0xx_hal.o
    0x08000e80   0x08000e80   0x0000002c   Code   RO          623    .text.HAL_MspInit   stm32g0xx_hal_msp.o
    0x08000eac   0x08000eac   0x00000018   Code   RO         1034    .text.HAL_NVIC_EnableIRQ  stm32g0xx_hal_cortex.o
    0x08000ec4   0x08000ec4   0x00000040   Code   RO         1032    .text.HAL_NVIC_SetPriority  stm32g0xx_hal_cortex.o
    0x08000f04   0x08000f04   0x0000000c   Code   RO          779    .text.HAL_RCC_GetHCLKFreq  stm32g0xx_hal_rcc.o
    0x08000f10   0x08000f10   0x00000002   Code   RO         1054    .text.HAL_SYSTICK_Callback  stm32g0xx_hal_cortex.o
    0x08000f12   0x08000f12   0x00000002   PAD
    0x08000f14   0x08000f14   0x00000034   Code   RO         1040    .text.HAL_SYSTICK_Config  stm32g0xx_hal_cortex.o
    0x08000f48   0x08000f48   0x00000008   Code   RO         1052    .text.HAL_SYSTICK_IRQHandler  stm32g0xx_hal_cortex.o
    0x08000f50   0x08000f50   0x00000002   Code   RO         1481    .text.HAL_TIMEx_Break2Callback  stm32g0xx_hal_tim_ex.o
    0x08000f52   0x08000f52   0x00000002   Code   RO         1479    .text.HAL_TIMEx_BreakCallback  stm32g0xx_hal_tim_ex.o
    0x08000f54   0x08000f54   0x00000002   Code   RO         1475    .text.HAL_TIMEx_CommutCallback  stm32g0xx_hal_tim_ex.o
    0x08000f56   0x08000f56   0x00000002   PAD
    0x08000f58   0x08000f58   0x000000d0   Code   RO         1164    .text.HAL_TIM_Base_Init  stm32g0xx_hal_tim.o
    0x08001028   0x08001028   0x00000044   Code   RO          625    .text.HAL_TIM_Base_MspInit  stm32g0xx_hal_msp.o
    0x0800106c   0x0800106c   0x00000002   Code   RO         1300    .text.HAL_TIM_IC_CaptureCallback  stm32g0xx_hal_tim.o
    0x0800106e   0x0800106e   0x00000002   PAD
    0x08001070   0x08001070   0x00000164   Code   RO         1298    .text.HAL_TIM_IRQHandler  stm32g0xx_hal_tim.o
    0x080011d4   0x080011d4   0x00000002   Code   RO         1302    .text.HAL_TIM_OC_DelayElapsedCallback  stm32g0xx_hal_tim.o
    0x080011d6   0x080011d6   0x00000002   Code   RO         1304    .text.HAL_TIM_PWM_PulseFinishedCallback  stm32g0xx_hal_tim.o
    0x080011d8   0x080011d8   0x00000002   Code   RO         1306    .text.HAL_TIM_PeriodElapsedCallback  stm32g0xx_hal_tim.o
    0x080011da   0x080011da   0x00000002   Code   RO         1308    .text.HAL_TIM_TriggerCallback  stm32g0xx_hal_tim.o
    0x080011dc   0x080011dc   0x00000006   Code   RO          488    .text.HardFault_Handler  stm32g0xx_mc_it.o
    0x080011e2   0x080011e2   0x00000002   PAD
    0x080011e4   0x080011e4   0x00000034   Code   RO          717    .text.LL_ADC_Init   stm32g0xx_ll_adc.o
    0x08001218   0x08001218   0x00000068   Code   RO          721    .text.LL_ADC_REG_Init  stm32g0xx_ll_adc.o
    0x08001280   0x08001280   0x000000c6   Code   RO          697    .text.LL_GPIO_Init  stm32g0xx_ll_gpio.o
    0x08001346   0x08001346   0x00000002   PAD
    0x08001348   0x08001348   0x00000084   Code   RO          749    .text.LL_RCC_GetSystemClocksFreq  stm32g0xx_ll_rcc.o
    0x080013cc   0x080013cc   0x00000128   Code   RO          751    .text.LL_RCC_GetUSARTClockFreq  stm32g0xx_ll_rcc.o
    0x080014f4   0x080014f4   0x0000000c   Code   RO          663    .text.LL_SetSystemCoreClock  stm32g0xx_ll_utils.o
    0x08001500   0x08001500   0x00000090   Code   RO         1519    .text.LL_TIM_BDTR_Init  stm32g0xx_ll_tim.o
    0x08001590   0x08001590   0x00000088   Code   RO         1499    .text.LL_TIM_Init   stm32g0xx_ll_tim.o
    0x08001618   0x08001618   0x000002e4   Code   RO         1503    .text.LL_TIM_OC_Init  stm32g0xx_ll_tim.o
    0x080018fc   0x080018fc   0x00000108   Code   RO         1531    .text.LL_USART_Init  stm32g0xx_ll_usart.o
    0x08001a04   0x08001a04   0x00000012   Code   RO          470    .text.MCI_Clear_Iqdref  mc_interface.o
    0x08001a16   0x08001a16   0x00000068   Code   RO          406    .text.MCI_ExecBufferedCommands  mc_interface.o
    0x08001a7e   0x08001a7e   0x00000002   PAD
    0x08001a80   0x08001a80   0x00000014   Code   RO          366    .text.MCI_ExecSpeedRamp  mc_interface.o
    0x08001a94   0x08001a94   0x00000010   Code   RO          370    .text.MCI_ExecTorqueRamp  mc_interface.o
    0x08001aa4   0x08001aa4   0x0000002a   Code   RO          402    .text.MCI_FaultAcknowledged  mc_interface.o
    0x08001ace   0x08001ace   0x00000010   Code   RO          404    .text.MCI_FaultProcessing  mc_interface.o
    0x08001ade   0x08001ade   0x0000000e   Code   RO          432    .text.MCI_GetAvrgMecSpeedUnit  mc_interface.o
    0x08001aec   0x08001aec   0x00000004   Code   RO          412    .text.MCI_GetControlMode  mc_interface.o
    0x08001af0   0x08001af0   0x00000004   Code   RO          390    .text.MCI_GetCurrentFaults  mc_interface.o
    0x08001af4   0x08001af4   0x0000000a   Code   RO          410    .text.MCI_GetFaultState  mc_interface.o
    0x08001afe   0x08001afe   0x0000000c   Code   RO          440    .text.MCI_GetIab    mc_interface.o
    0x08001b0a   0x08001b0a   0x0000000c   Code   RO          444    .text.MCI_GetIalphabeta  mc_interface.o
    0x08001b16   0x08001b16   0x00000044   Code   RO          414    .text.MCI_GetImposedMotorDirection  mc_interface.o
    0x08001b5a   0x08001b5a   0x0000000c   Code   RO          446    .text.MCI_GetIqd    mc_interface.o
    0x08001b66   0x08001b66   0x0000000c   Code   RO          452    .text.MCI_GetIqdref  mc_interface.o
    0x08001b72   0x08001b72   0x00000004   Code   RO          420    .text.MCI_GetLastRampFinalDuration  mc_interface.o
    0x08001b76   0x08001b76   0x00000006   Code   RO          416    .text.MCI_GetLastRampFinalSpeed  mc_interface.o
    0x08001b7c   0x08001b7c   0x00000006   Code   RO          418    .text.MCI_GetLastRampFinalTorque  mc_interface.o
    0x08001b82   0x08001b82   0x0000000a   Code   RO          436    .text.MCI_GetMecSpeedRefUnit  mc_interface.o
    0x08001b8c   0x08001b8c   0x00000004   Code   RO          388    .text.MCI_GetOccurredFaults  mc_interface.o
    0x08001b90   0x08001b90   0x00000004   Code   RO          386    .text.MCI_GetSTMState  mc_interface.o
    0x08001b94   0x08001b94   0x00000008   Code   RO          462    .text.MCI_GetTeref  mc_interface.o
    0x08001b9c   0x08001b9c   0x0000000c   Code   RO          458    .text.MCI_GetValphabeta  mc_interface.o
    0x08001ba8   0x08001ba8   0x0000000c   Code   RO          456    .text.MCI_GetVqd    mc_interface.o
    0x08001bb4   0x08001bb4   0x00000018   Code   RO          364    .text.MCI_Init      mc_interface.o
    0x08001bcc   0x08001bcc   0x00000014   Code   RO          374    .text.MCI_SetCurrentReferences  mc_interface.o
    0x08001be0   0x08001be0   0x00000030   Code   RO          384    .text.MCI_StartMotor  mc_interface.o
    0x08001c10   0x08001c10   0x00000044   Code   RO          400    .text.MCI_StopMotor  mc_interface.o
    0x08001c54   0x08001c54   0x0000000a   Code   RO          428    .text.MCI_StopRamp  mc_interface.o
    0x08001c5e   0x08001c5e   0x00000002   PAD
    0x08001c60   0x08001c60   0x00000044   Code   RO          343    .text.MCM_Clarke    mc_math.o
    0x08001ca4   0x08001ca4   0x00000098   Code   RO          345    .text.MCM_Park      mc_math.o
    0x08001d3c   0x08001d3c   0x0000002e   Code   RO          349    .text.MCM_Rev_Park  mc_math.o
    0x08001d6a   0x08001d6a   0x00000002   PAD
    0x08001d6c   0x08001d6c   0x0000007c   Code   RO          347    .text.MCM_Trig_Functions  mc_math.o
    0x08001de8   0x08001de8   0x000000e4   Code   RO         2043    .text.MCPA_cfgLog   mcpa.o
    0x08001ecc   0x08001ecc   0x000001e0   Code   RO         2039    .text.MCPA_dataLog  mcpa.o
    0x080020ac   0x080020ac   0x0000006c   Code   RO         2041    .text.MCPA_flushDataLog  mcpa.o
    0x08002118   0x08002118   0x00000164   Code   RO         2027    .text.MCP_ReceivedPacket  mcp.o
    0x0800227c   0x0800227c   0x00000002   Code   RO          597    .text.MC_APP_BootHook  mc_app_hooks.o
    0x0800227e   0x0800227e   0x00000002   Code   RO          599    .text.MC_APP_PostMediumFrequencyHook_M1  mc_app_hooks.o
    0x08002280   0x08002280   0x0000000c   Code   RO          127    .text.MC_GetSTMStateMotor1  mc_api.o
    0x0800228c   0x0800228c   0x00000004   Code   RO          137    .text.MC_ProfilerCommand  mc_api.o
    0x08002290   0x08002290   0x00000010   Code   RO           57    .text.MC_ProgramSpeedRampMotor1  mc_api.o
    0x080022a0   0x080022a0   0x00000014   Code   RO          198    .text.MC_RunMotorControlTasks  mc_tasks.o
    0x080022b4   0x080022b4   0x00000074   Code   RO          200    .text.MC_Scheduler  mc_tasks.o
    0x08002328   0x08002328   0x0000000c   Code   RO           53    .text.MC_StartMotor1  mc_api.o
    0x08002334   0x08002334   0x0000000c   Code   RO           55    .text.MC_StopMotor1  mc_api.o
    0x08002340   0x08002340   0x00000108   Code   RO          194    .text.MCboot        mc_tasks.o
    0x08002448   0x08002448   0x00000034   Code   RO           44    .text.MX_MotorControl_Init  motorcontrol.o
    0x0800247c   0x0800247c   0x00000002   Code   RO          608    .text.NMI_Handler   stm32g0xx_it.o
    0x0800247e   0x0800247e   0x00000002   PAD
    0x08002480   0x08002480   0x0000003c   Code   RO         1606    .text.NTC_CalcAvTemp  ntc_temperature_sensor.o
    0x080024bc   0x080024bc   0x00000006   Code   RO         1604    .text.NTC_Clear     ntc_temperature_sensor.o
    0x080024c2   0x080024c2   0x00000022   Code   RO         1610    .text.NTC_GetAvTemp_C  ntc_temperature_sensor.o
    0x080024e4   0x080024e4   0x00000026   Code   RO         1602    .text.NTC_Init      ntc_temperature_sensor.o
    0x0800250a   0x0800250a   0x0000001a   Code   RO         1600    .text.NTC_SetFaultState  ntc_temperature_sensor.o
    0x08002524   0x08002524   0x00000006   Code   RO         1682    .text.PID_GetKD     pid_regulator.o
    0x0800252a   0x0800252a   0x00000004   Code   RO         1686    .text.PID_GetKDDivisorPOW2  pid_regulator.o
    0x0800252e   0x0800252e   0x00000006   Code   RO         1650    .text.PID_GetKI     pid_regulator.o
    0x08002534   0x08002534   0x00000004   Code   RO         1664    .text.PID_GetKIDivisor  pid_regulator.o
    0x08002538   0x08002538   0x00000004   Code   RO         1666    .text.PID_GetKIDivisorPOW2  pid_regulator.o
    0x0800253c   0x0800253c   0x00000006   Code   RO         1648    .text.PID_GetKP     pid_regulator.o
    0x08002542   0x08002542   0x00000004   Code   RO         1660    .text.PID_GetKPDivisorPOW2  pid_regulator.o
    0x08002546   0x08002546   0x00000010   Code   RO         1642    .text.PID_HandleInit  pid_regulator.o
    0x08002556   0x08002556   0x00000004   Code   RO         1656    .text.PID_SetIntegralTerm  pid_regulator.o
    0x0800255a   0x0800255a   0x00000004   Code   RO         1680    .text.PID_SetKD     pid_regulator.o
    0x0800255e   0x0800255e   0x0000000a   Code   RO         1688    .text.PID_SetKDDivisorPOW2  pid_regulator.o
    0x08002568   0x08002568   0x00000004   Code   RO         1646    .text.PID_SetKI     pid_regulator.o
    0x0800256c   0x0800256c   0x0000002c   Code   RO         1668    .text.PID_SetKIDivisorPOW2  pid_regulator.o
    0x08002598   0x08002598   0x00000004   Code   RO         1644    .text.PID_SetKP     pid_regulator.o
    0x0800259c   0x0800259c   0x0000000a   Code   RO         1662    .text.PID_SetKPDivisorPOW2  pid_regulator.o
    0x080025a6   0x080025a6   0x00000004   Code   RO         1672    .text.PID_SetLowerIntegralTermLimit  pid_regulator.o
    0x080025aa   0x080025aa   0x00000004   Code   RO         1670    .text.PID_SetUpperIntegralTermLimit  pid_regulator.o
    0x080025ae   0x080025ae   0x00000002   PAD
    0x080025b0   0x080025b0   0x00000088   Code   RO         1690    .text.PI_Controller  pid_regulator.o
    0x08002638   0x08002638   0x00000030   Code   RO         1702    .text.PQD_CalcElMotorPower  pqd_motor_power_measurement.o
    0x08002668   0x08002668   0x00000006   Code   RO         1704    .text.PQD_Clear     pqd_motor_power_measurement.o
    0x0800266e   0x0800266e   0x0000001e   Code   RO         1706    .text.PQD_GetAvrgElMotorPowerW  pqd_motor_power_measurement.o
    0x0800268c   0x0800268c   0x00000008   Code   RO          263    .text.PWMC_CheckOverCurrent  pwm_curr_fdbk.o
    0x08002694   0x08002694   0x00000044   Code   RO          257    .text.PWMC_CurrentReadingCalibr  pwm_curr_fdbk.o
    0x080026d8   0x080026d8   0x00000008   Code   RO          249    .text.PWMC_GetPhaseCurrents  pwm_curr_fdbk.o
    0x080026e0   0x080026e0   0x000001e4   Code   RO          251    .text.PWMC_SetPhaseVoltage  pwm_curr_fdbk.o
    0x080028c4   0x080028c4   0x00000008   Code   RO          253    .text.PWMC_SwitchOffPWM  pwm_curr_fdbk.o
    0x080028cc   0x080028cc   0x00000008   Code   RO          255    .text.PWMC_SwitchOnPWM  pwm_curr_fdbk.o
    0x080028d4   0x080028d4   0x00000002   Code   RO          612    .text.PendSV_Handler  stm32g0xx_it.o
    0x080028d6   0x080028d6   0x00000002   PAD
    0x080028d8   0x080028d8   0x00000130   Code   RO         1986    .text.R3_1_CurrentReadingCalibration  r3_g0xx_pwm_curr_fdbk.o
    0x08002a08   0x08002a08   0x0000000e   Code   RO         1984    .text.R3_1_GetOffsetCalib  r3_g0xx_pwm_curr_fdbk.o
    0x08002a16   0x08002a16   0x00000002   PAD
    0x08002a18   0x08002a18   0x000001b8   Code   RO         1998    .text.R3_1_GetPhaseCurrents  r3_g0xx_pwm_curr_fdbk.o
    0x08002bd0   0x08002bd0   0x0000004c   Code   RO         1988    .text.R3_1_HFCurrentsCalibrationAB  r3_g0xx_pwm_curr_fdbk.o
    0x08002c1c   0x08002c1c   0x00000048   Code   RO         1996    .text.R3_1_HFCurrentsCalibrationC  r3_g0xx_pwm_curr_fdbk.o
    0x08002c64   0x08002c64   0x0000013c   Code   RO         1980    .text.R3_1_Init     r3_g0xx_pwm_curr_fdbk.o
    0x08002da0   0x08002da0   0x00000032   Code   RO         2016    .text.R3_1_IsOverCurrentOccurred  r3_g0xx_pwm_curr_fdbk.o
    0x08002dd2   0x08002dd2   0x0000003a   Code   RO         2012    .text.R3_1_OVERCURRENT_IRQHandler  r3_g0xx_pwm_curr_fdbk.o
    0x08002e0c   0x08002e0c   0x0000001c   Code   RO         2014    .text.R3_1_OVERVOLTAGE_IRQHandler  r3_g0xx_pwm_curr_fdbk.o
    0x08002e28   0x08002e28   0x0000001e   Code   RO         1990    .text.R3_1_SetADCSampPointCalibration  r3_g0xx_pwm_curr_fdbk.o
    0x08002e46   0x08002e46   0x00000068   Code   RO         2004    .text.R3_1_SetADCSampPointSectX  r3_g0xx_pwm_curr_fdbk.o
    0x08002eae   0x08002eae   0x00000014   Code   RO         1982    .text.R3_1_SetOffsetCalib  r3_g0xx_pwm_curr_fdbk.o
    0x08002ec2   0x08002ec2   0x00000002   PAD
    0x08002ec4   0x08002ec4   0x000000a4   Code   RO         1994    .text.R3_1_SwitchOffPWM  r3_g0xx_pwm_curr_fdbk.o
    0x08002f68   0x08002f68   0x000000d0   Code   RO         1992    .text.R3_1_SwitchOnPWM  r3_g0xx_pwm_curr_fdbk.o
    0x08003038   0x08003038   0x00000074   Code   RO         2010    .text.R3_1_TIMx_UP_IRQHandler  r3_g0xx_pwm_curr_fdbk.o
    0x080030ac   0x080030ac   0x00000058   Code   RO         2008    .text.R3_1_TurnOnLowSides  r3_g0xx_pwm_curr_fdbk.o
    0x08003104   0x08003104   0x00000030   Code   RO         2002    .text.R3_1_WriteTIMRegisters  r3_g0xx_pwm_curr_fdbk.o
    0x08003134   0x08003134   0x00000060   Code   RO          330    .text.RCM_ExecNextConv  regular_conversion_manager.o
    0x08003194   0x08003194   0x000001ac   Code   RO          318    .text.RCM_ExecRegularConv  regular_conversion_manager.o
    0x08003340   0x08003340   0x0000003c   Code   RO          324    .text.RCM_ExecUserConv  regular_conversion_manager.o
    0x0800337c   0x0800337c   0x00000040   Code   RO          332    .text.RCM_ReadOngoingConv  regular_conversion_manager.o
    0x080033bc   0x080033bc   0x00000130   Code   RO          316    .text.RCM_RegisterRegConv  regular_conversion_manager.o
    0x080034ec   0x080034ec   0x0000002c   Code   RO         1745    .text.REMNG_Calc    ramp_ext_mngr.o
    0x08003518   0x08003518   0x00000080   Code   RO         1747    .text.REMNG_ExecRamp  ramp_ext_mngr.o
    0x08003598   0x08003598   0x00000010   Code   RO         1743    .text.REMNG_Init    ramp_ext_mngr.o
    0x080035a8   0x080035a8   0x00000008   Code   RO         1753    .text.REMNG_RampCompleted  ramp_ext_mngr.o
    0x080035b0   0x080035b0   0x00000020   Code   RO          515    .text.RI_GetIDSize  register_interface.o
    0x080035d0   0x080035d0   0x00000104   Code   RO          517    .text.RI_GetPtrReg  register_interface.o
    0x080036d4   0x080036d4   0x000008c4   Code   RO          513    .text.RI_GetRegCommandParser  register_interface.o
    0x08003f98   0x08003f98   0x00000780   Code   RO          511    .text.RI_SetRegCommandParser  register_interface.o
    0x08004718   0x08004718   0x00000080   Code   RO         1767    .text.RUC_Clear     revup_ctrl.o
    0x08004798   0x08004798   0x00000068   Code   RO         1771    .text.RUC_Exec      revup_ctrl.o
    0x08004800   0x08004800   0x00000014   Code   RO         1779    .text.RUC_FirstAccelerationStageReached  revup_ctrl.o
    0x08004814   0x08004814   0x00000006   Code   RO         1795    .text.RUC_GetNumberOfPhases  revup_ctrl.o
    0x0800481a   0x0800481a   0x00000012   Code   RO         1797    .text.RUC_GetPhase  revup_ctrl.o
    0x0800482c   0x0800482c   0x00000064   Code   RO         1765    .text.RUC_Init      revup_ctrl.o
    0x08004890   0x08004890   0x00000012   Code   RO         1787    .text.RUC_SetPhase  revup_ctrl.o
    0x080048a2   0x080048a2   0x00000002   PAD
    0x080048a4   0x080048a4   0x000000bc   Code   RO         1733    .text.RVBS_CalcAvVbus  r_divider_bus_voltage_sensor.o
    0x08004960   0x08004960   0x0000004e   Code   RO         1731    .text.RVBS_CheckFaultState  r_divider_bus_voltage_sensor.o
    0x080049ae   0x080049ae   0x0000004a   Code   RO         1727    .text.RVBS_Clear    r_divider_bus_voltage_sensor.o
    0x080049f8   0x080049f8   0x00000016   Code   RO         1725    .text.RVBS_Init     r_divider_bus_voltage_sensor.o
    0x08004a0e   0x08004a0e   0x00000006   Code   RO         1813    .text.SPD_GetAvrgMecSpeedUnit  speed_pos_fdbk.o
    0x08004a14   0x08004a14   0x00000006   Code   RO         1809    .text.SPD_GetElAngle  speed_pos_fdbk.o
    0x08004a1a   0x08004a1a   0x00000006   Code   RO         1817    .text.SPD_GetInstElSpeedDpp  speed_pos_fdbk.o
    0x08004a20   0x08004a20   0x0000001c   Code   RO         1823    .text.SPD_GetS16Speed  speed_pos_fdbk.o
    0x08004a3c   0x08004a3c   0x00000054   Code   RO         1821    .text.SPD_IsMecSpeedReliable  speed_pos_fdbk.o
    0x08004a90   0x08004a90   0x0000008c   Code   RO         1857    .text.STC_CalcTorqueReference  speed_torq_ctrl.o
    0x08004b1c   0x08004b1c   0x00000012   Code   RO         1843    .text.STC_Clear     speed_torq_ctrl.o
    0x08004b2e   0x08004b2e   0x00000002   PAD
    0x08004b30   0x08004b30   0x000000a0   Code   RO         1853    .text.STC_ExecRamp  speed_torq_ctrl.o
    0x08004bd0   0x08004bd0   0x00000010   Code   RO         1873    .text.STC_ForceSpeedReferenceToCurrentSpeed  speed_torq_ctrl.o
    0x08004be0   0x08004be0   0x0000000a   Code   RO         1869    .text.STC_GetDefaultIqdref  speed_torq_ctrl.o
    0x08004bea   0x08004bea   0x00000006   Code   RO         1845    .text.STC_GetMecSpeedRefUnit  speed_torq_ctrl.o
    0x08004bf0   0x08004bf0   0x00000004   Code   RO         1841    .text.STC_GetSpeedSensor  speed_torq_ctrl.o
    0x08004bf4   0x08004bf4   0x00000006   Code   RO         1847    .text.STC_GetTorqueRef  speed_torq_ctrl.o
    0x08004bfa   0x08004bfa   0x00000020   Code   RO         1837    .text.STC_Init      speed_torq_ctrl.o
    0x08004c1a   0x08004c1a   0x00000008   Code   RO         1849    .text.STC_SetControlMode  speed_torq_ctrl.o
    0x08004c22   0x08004c22   0x00000004   Code   RO         1839    .text.STC_SetSpeedSensor  speed_torq_ctrl.o
    0x08004c26   0x08004c26   0x00000008   Code   RO         1855    .text.STC_StopRamp  speed_torq_ctrl.o
    0x08004c2e   0x08004c2e   0x0000000e   Code   RO         1914    .text.STO_OTF_ResetPLL  sto_pll_speed_pos_fdbk.o
    0x08004c3c   0x08004c3c   0x00000042   Code   RO         1896    .text.STO_PLL_CalcAvrgElSpeedDpp  sto_pll_speed_pos_fdbk.o
    0x08004c7e   0x08004c7e   0x00000002   PAD
    0x08004c80   0x08004c80   0x00000248   Code   RO         1894    .text.STO_PLL_CalcAvrgMecSpeedUnit  sto_pll_speed_pos_fdbk.o
    0x08004ec8   0x08004ec8   0x00000220   Code   RO         1892    .text.STO_PLL_CalcElAngle  sto_pll_speed_pos_fdbk.o
    0x080050e8   0x080050e8   0x0000005a   Code   RO         1888    .text.STO_PLL_Clear  sto_pll_speed_pos_fdbk.o
    0x08005142   0x08005142   0x0000000c   Code   RO         1930    .text.STO_PLL_ForceConvergency1  sto_pll_speed_pos_fdbk.o
    0x0800514e   0x0800514e   0x0000000c   Code   RO         1932    .text.STO_PLL_ForceConvergency2  sto_pll_speed_pos_fdbk.o
    0x0800515a   0x0800515a   0x00000004   Code   RO         1900    .text.STO_PLL_GetEstimatedBemf  sto_pll_speed_pos_fdbk.o
    0x0800515e   0x0800515e   0x00000008   Code   RO         1920    .text.STO_PLL_GetEstimatedBemfLevel  sto_pll_speed_pos_fdbk.o
    0x08005166   0x08005166   0x00000016   Code   RO         1902    .text.STO_PLL_GetEstimatedCurrent  sto_pll_speed_pos_fdbk.o
    0x0800517c   0x0800517c   0x00000006   Code   RO         1922    .text.STO_PLL_GetObservedBemfLevel  sto_pll_speed_pos_fdbk.o
    0x08005182   0x08005182   0x0000000a   Code   RO         1904    .text.STO_PLL_GetObserverGains  sto_pll_speed_pos_fdbk.o
    0x0800518c   0x0800518c   0x00000090   Code   RO         1886    .text.STO_PLL_Init  sto_pll_speed_pos_fdbk.o
    0x0800521c   0x0800521c   0x000000a6   Code   RO         1898    .text.STO_PLL_IsObserverConverged  sto_pll_speed_pos_fdbk.o
    0x080052c2   0x080052c2   0x00000008   Code   RO         1928    .text.STO_PLL_IsVarianceTight  sto_pll_speed_pos_fdbk.o
    0x080052ca   0x080052ca   0x00000006   Code   RO         1906    .text.STO_PLL_SetObserverGains  sto_pll_speed_pos_fdbk.o
    0x080052d0   0x080052d0   0x0000000c   Code   RO         1916    .text.STO_ResetPLL  sto_pll_speed_pos_fdbk.o
    0x080052dc   0x080052dc   0x00000002   Code   RO          610    .text.SVC_Handler   stm32g0xx_it.o
    0x080052de   0x080052de   0x00000002   PAD
    0x080052e0   0x080052e0   0x0000003c   Code   RO          490    .text.SysTick_Handler  stm32g0xx_mc_it.o
    0x0800531c   0x0800531c   0x000000f8   Code   RO           21    .text.SystemClock_Config  main.o
    0x08005414   0x08005414   0x00000002   Code   RO         1547    .text.SystemInit    system_stm32g0xx.o
    0x08005416   0x08005416   0x00000002   PAD
    0x08005418   0x08005418   0x00000010   Code   RO          614    .text.TIM14_IRQHandler  stm32g0xx_it.o
    0x08005428   0x08005428   0x00000078   Code   RO          482    .text.TIM1_BRK_UP_TRG_COM_IRQHandler  stm32g0xx_mc_it.o
    0x080054a0   0x080054a0   0x0000000c   Code   RO          212    .text.TSK_ChargeBootCapDelayHasElapsedM1  mc_tasks.o
    0x080054ac   0x080054ac   0x00000018   Code   RO          226    .text.TSK_HardwareFaultTask  mc_tasks.o
    0x080054c4   0x080054c4   0x000001ac   Code   RO          220    .text.TSK_HighFrequencyTask  mc_tasks.o
    0x08005670   0x08005670   0x0000003c   Code   RO          204    .text.TSK_MF_StopProcessing  mc_tasks.o
    0x080056ac   0x080056ac   0x00000340   Code   RO          208    .text.TSK_MediumFrequencyTaskM1  mc_tasks.o
    0x080059ec   0x080059ec   0x0000001c   Code   RO          202    .text.TSK_SafetyTask  mc_tasks.o
    0x08005a08   0x08005a08   0x0000009c   Code   RO          222    .text.TSK_SafetyTask_PWMOFF  mc_tasks.o
    0x08005aa4   0x08005aa4   0x00000008   Code   RO          210    .text.TSK_SetChargeBootCapDelayM1  mc_tasks.o
    0x08005aac   0x08005aac   0x00000008   Code   RO          206    .text.TSK_SetStopPermanencyTimeM1  mc_tasks.o
    0x08005ab4   0x08005ab4   0x00000010   Code   RO          218    .text.TSK_StopPermanencyTimeHasElapsedM1  mc_tasks.o
    0x08005ac4   0x08005ac4   0x0000001c   Code   RO          538    .text.UASPEP_IDLE_ENABLE  usart_aspep_driver.o
    0x08005ae0   0x08005ae0   0x00000090   Code   RO          528    .text.UASPEP_INIT   usart_aspep_driver.o
    0x08005b70   0x08005b70   0x00000028   Code   RO          536    .text.UASPEP_RECEIVE_BUFFER  usart_aspep_driver.o
    0x08005b98   0x08005b98   0x00000034   Code   RO          534    .text.UASPEP_SEND_PACKET  usart_aspep_driver.o
    0x08005bcc   0x08005bcc   0x00000016   Code   RO          228    .text.UI_HandleStartStopButton_cb  mc_tasks.o
    0x08005be2   0x08005be2   0x00000002   PAD
    0x08005be4   0x08005be4   0x000000f4   Code   RO          486    .text.USART2_IRQHandler  stm32g0xx_mc_it.o
    0x08005cd8   0x08005cd8   0x0000000a   Code   RO         1566    .text.VBS_GetAvBusVoltage_V  bus_voltage_sensor.o
    0x08005ce2   0x08005ce2   0x00000004   Code   RO         1564    .text.VBS_GetAvBusVoltage_d  bus_voltage_sensor.o
    0x08005ce6   0x08005ce6   0x0000008a   Code   RO         1952    .text.VSS_CalcAvrgMecSpeedUnit  virtual_speed_sensor.o
    0x08005d70   0x08005d70   0x000000ac   Code   RO         1950    .text.VSS_CalcElAngle  virtual_speed_sensor.o
    0x08005e1c   0x08005e1c   0x0000001a   Code   RO         1948    .text.VSS_Clear     virtual_speed_sensor.o
    0x08005e36   0x08005e36   0x00000008   Code   RO         1946    .text.VSS_Init      virtual_speed_sensor.o
    0x08005e3e   0x08005e3e   0x00000096   Code   RO         1956    .text.VSS_SetMecAcceleration  virtual_speed_sensor.o
    0x08005ed4   0x08005ed4   0x00000016   Code   RO         1954    .text.VSS_SetMecAngle  virtual_speed_sensor.o
    0x08005eea   0x08005eea   0x00000022   Code   RO         1962    .text.VSS_SetStartTransition  virtual_speed_sensor.o
    0x08005f0c   0x08005f0c   0x00000006   Code   RO         1966    .text.VSS_TransitionEnded  virtual_speed_sensor.o
    0x08005f12   0x08005f12   0x00000002   Code   RO           13    .text._sys_exit     main.o
    0x08005f14   0x08005f14   0x000000f4   Code   RO         2158    .text.exe_key_func  led_key.o
    0x08006008   0x08006008   0x00000054   Code   RO         1749    .text.getScalingFactor  ramp_ext_mngr.o
    0x0800605c   0x0800605c   0x000000e4   Code   RO         2156    .text.get_key_state  led_key.o
    0x08006140   0x08006140   0x0000065c   Code   RO           19    .text.main          main.o
    0x0800679c   0x0800679c   0x000000e0   Code   RO          230    .text.mc_lock_pins  mc_tasks.o
    0x0800687c   0x0800687c   0x0000003c   Code   RO         1716    .text.waitForPolarizationEnd  pwm_common.o
    0x080068b8   0x080068b8   0x00000018   Code   RO         2221    .text.work_mode_init  app_handle.o
    0x080068d0   0x080068d0   0x000001f6   Code   RO         2319    .text_divfast       c_p.l(aeabi_sdivfast.o)
    0x08006ac6   0x08006ac6   0x00000002   PAD
    0x08006ac8   0x08006ac8   0x000000b0   Code   RO         2354    x$fpl$fmul          fz_ps.l(fmul.o)
    0x08006b78   0x08006b78   0x00000000   Code   RO         2361    x$fpl$usenofp       fz_ps.l(usenofp.o)
    0x08006b78   0x08006b78   0x00000040   Data   RO         1552    .rodata.AHBPrescTable  system_stm32g0xx.o
    0x08006bb8   0x08006bb8   0x00000020   Data   RO         1553    .rodata.APBPrescTable  system_stm32g0xx.o
    0x08006bd8   0x08006bd8   0x00000005   Data   RO          540    .rodata.CHANNEL_OFFSET_TAB  usart_aspep_driver.o
    0x08006bdd   0x08006bdd   0x00000100   Data   RO          587    .rodata.CRC4_Lookup8  aspep.o
    0x08006cdd   0x08006cdd   0x0000000e   Data   RO          549    .rodata.CTL_BOARD   mc_configuration_registers.o
    0x08006ceb   0x08006ceb   0x00000014   Data   RO          550    .rodata.FIRMWARE_NAME  mc_configuration_registers.o
    0x08006cff   0x08006cff   0x0000000e   Data   RO          558    .rodata.M1_ApplicationConfig_reg  mc_configuration_registers.o
    0x08006d0d   0x08006d0d   0x0000000e   Data   RO          555    .rodata.M1_FOCConfig_reg  mc_configuration_registers.o
    0x08006d1b   0x08006d1b   0x00000001   PAD
    0x08006d1c   0x08006d1c   0x0000003c   Data   RO          552    .rodata.M1_MotorConfig_reg  mc_configuration_registers.o
    0x08006d58   0x08006d58   0x00000024   Data   RO          553    .rodata.M1_PWR_BOARD  mc_configuration_registers.o
    0x08006d7c   0x08006d7c   0x00000078   Data   RO          505    .rodata.R3_1_Params  mc_parameters.o
    0x08006df4   0x08006df4   0x00000802   Data   RO         1580    .rodata.SqrtTable   circle_limitation.o
    0x080075f6   0x080075f6   0x00000010   Data   RO          588    .rodata.cst16       aspep.o
    0x08007606   0x08007606   0x0000000a   Data   RO          551    .rodata.globalConfig_reg  mc_configuration_registers.o
    0x08007610   0x08007610   0x00000200   Data   RO          355    .rodata.hSin_Cos_Table  mc_math.o
    0x08007810   0x08007810   0x00000020   Data   RO         2523    Region$$Table       anon$$obj.o


    Execution Region RW_IRAM1 (Exec base: 0x20000000, Load base: 0x08007830, Size: 0x00001ef0, Max: 0x00009000, ABSOLUTE, COMPRESSED[0x000001d0])

    Exec Addr    Load Addr    Size         Type   Attr      Idx    E Section Name        Object

    0x20000000   COMPRESSED   0x00000008   Data   RW         1129    .data..L_MergedGlobals  stm32g0xx_hal.o
    0x20000008   COMPRESSED   0x00000004   Data   RW          559    .data.ApplicationConfig_reg  mc_configuration_registers.o
    0x2000000c   COMPRESSED   0x0000002c   Data   RW          161    .data.BusVoltageSensor_M1  mc_config.o
    0x20000038   COMPRESSED   0x000000b4   Data   RW          163    .data.CircleLimitationM1  mc_config.o
    0x200000ec   COMPRESSED   0x00000004   Data   RW          556    .data.FOCConfig_reg  mc_configuration_registers.o
    0x200000f0   COMPRESSED   0x0000002c   Data   RW          187    .data.MCPA_UART_A   mcp_config.o
    0x2000011c   COMPRESSED   0x00000010   Data   RW          182    .data.MCP_Over_UartA  mcp_config.o
    0x2000012c   COMPRESSED   0x00000004   Data   RW          557    .data.MotorConfig_reg  mc_configuration_registers.o
    0x20000130   COMPRESSED   0x0000002c   Data   RW          150    .data.PIDIdHandle_M1  mc_config.o
    0x2000015c   COMPRESSED   0x0000002c   Data   RW          149    .data.PIDIqHandle_M1  mc_config.o
    0x20000188   COMPRESSED   0x0000002c   Data   RW          148    .data.PIDSpeedHandle_M1  mc_config.o
    0x200001b4   COMPRESSED   0x00000010   Data   RW          147    .data.PQD_MotorPowMeasM1  mc_config.o
    0x200001c4   COMPRESSED   0x00000090   Data   RW          155    .data.PWM_Handle_M1  mc_config.o
    0x20000254   COMPRESSED   0x00000004   Data   RW          554    .data.PWR_BOARD_NAME  mc_configuration_registers.o
    0x20000258   COMPRESSED   0x00000018   Data   RW          162    .data.RampExtMngrHFParamsM1  mc_config.o
    0x20000270   COMPRESSED   0x00000078   Data   RW          152    .data.RevUpControlM1  mc_config.o
    0x200002e8   COMPRESSED   0x00000014   Data   RW          158    .data.STO_M1        mc_config.o
    0x200002fc   COMPRESSED   0x00000128   Data   RW          157    .data.STO_PLL_M1    mc_config.o
    0x20000424   COMPRESSED   0x00000034   Data   RW          151    .data.SpeednTorqCtrlM1  mc_config.o
    0x20000458   COMPRESSED   0x00000001   Data   RW          496    .data.SysTick_Handler.SystickDividerCounter  stm32g0xx_mc_it.o
    0x20000459   COMPRESSED   0x00000003   PAD
    0x2000045c   COMPRESSED   0x00000004   Data   RW         1551    .data.SystemCoreClock  system_stm32g0xx.o
    0x20000460   COMPRESSED   0x00000028   Data   RW          159    .data.TempSensor_M1  mc_config.o
    0x20000488   COMPRESSED   0x00000014   Data   RW          176    .data.UASPEP_A      mcp_config.o
    0x2000049c   COMPRESSED   0x00000038   Data   RW          156    .data.VirtualSpeedSensorM1  mc_config.o
    0x200004d4   COMPRESSED   0x00000074   Data   RW          181    .data.aspepOverUartA  mcp_config.o
    0x20000548   COMPRESSED   0x00000001   Data   RW         2227    .data.g_work_mode   app_handle.o
    0x20000549   COMPRESSED   0x00000003   PAD
    0x2000054c   COMPRESSED   0x00000004   Data   RW          168    .data.pMPM          mc_config.o
    0x20000550   COMPRESSED   0x00000004   Data   RW          167    .data.pPIDId        mc_config.o
    0x20000554   COMPRESSED   0x00000004   Data   RW          166    .data.pPIDIq        mc_config.o
    0x20000558   COMPRESSED   0x00000004   Data   RW          164    .data.pSTC          mc_config.o
    0x2000055c   COMPRESSED   0x00000004   Data   RW          165    .data.pTemperatureSensor  mc_config.o
    0x20000560   COMPRESSED   0x00000001   Data   RW         2164    .data.switch_mode_tmp  led_key.o
    0x20000561   COMPRESSED   0x00000007   PAD
    0x20000568        -       0x00000060   Zero   RW         2395    .bss                c_p.l(libspace.o)
    0x200005c8        -       0x00000054   Zero   RW           35    .bss..L_MergedGlobals  main.o
    0x2000061c        -       0x00000036   Zero   RW          234    .bss..L_MergedGlobals  mc_tasks.o
    0x20000652   COMPRESSED   0x00000002   PAD
    0x20000654        -       0x00000050   Zero   RW          334    .bss..L_MergedGlobals  regular_conversion_manager.o
    0x200006a4        -       0x0000001e   Zero   RW          650    .bss..L_MergedGlobals  user_logic.o
    0x200006c2        -       0x00000006   Zero   RW         2018    .bss..L_MergedGlobals  r3_g0xx_pwm_curr_fdbk.o
    0x200006c8        -       0x00000008   Zero   RW         2212    .bss..L_MergedGlobals  app_error.o
    0x200006d0        -       0x00000002   Zero   RW         2229    .bss..L_MergedGlobals  app_handle.o
    0x200006d2   COMPRESSED   0x00000002   PAD
    0x200006d4        -       0x00000004   Zero   RW         2045    .bss.GLOBAL_TIMESTAMP  mcpa.o
    0x200006d8        -       0x00000806   Zero   RW          179    .bss.MCPAsyncBuffUARTA_A  mcp_config.o
    0x20000ede   COMPRESSED   0x00000002   PAD
    0x20000ee0        -       0x00000806   Zero   RW          180    .bss.MCPAsyncBuffUARTA_B  mcp_config.o
    0x200016e6   COMPRESSED   0x00000002   PAD
    0x200016e8        -       0x00000082   Zero   RW          177    .bss.MCPSyncRXBuff  mcp_config.o
    0x2000176a   COMPRESSED   0x00000002   PAD
    0x2000176c        -       0x00000086   Zero   RW          178    .bss.MCPSyncTxBuff  mcp_config.o
    0x200017f2   COMPRESSED   0x00000002   PAD
    0x200017f4        -       0x00000008   Zero   RW          188    .bss.MCP_UserCallBack  mcp_config.o
    0x200017fc        -       0x00000020   Zero   RW          170    .bss.Mci            mc_config.o
    0x2000181c        -       0x00000002   Zero   RW          519    .bss.RI_GetPtrReg.nullData16  register_interface.o
    0x2000181e        -       0x00000014   Zero   RW          160    .bss.RealBusVoltageSensorFilterBufferM1  mc_config.o
    0x20001832        -       0x00000002   Zero   RW          494    .bss.User_Logic_Handle_Counter  stm32g0xx_mc_it.o
    0x20001834        -       0x00000028   Zero   RW          183    .bss.dataPtrTableA  mcp_config.o
    0x2000185c        -       0x00000028   Zero   RW          184    .bss.dataPtrTableBuffA  mcp_config.o
    0x20001884        -       0x0000000a   Zero   RW          185    .bss.dataSizeTableA  mcp_config.o
    0x2000188e        -       0x0000000a   Zero   RW          186    .bss.dataSizeTableBuffA  mcp_config.o
    0x20001898        -       0x00000002   Zero   RW         1875    .bss.hCurrentReference  speed_torq_ctrl.o
    0x2000189a   COMPRESSED   0x00000002   PAD
    0x2000189c        -       0x0000000c   Zero   RW         2165    .bss.key            led_key.o
    0x200018a8        -       0x00000001   Zero   RW         2166    .bss.key_num        led_key.o
    0x200018a9        -       0x00000001   Zero   RW           30    .bss.mrx_data       main.o
    0x200018aa   COMPRESSED   0x00000002   PAD
    0x200018ac        -       0x00000004   Zero   RW         1876    .bss.myxflag        speed_torq_ctrl.o
    0x200018b0        -       0x00000004   Zero   RW           46    .bss.pMCI           motorcontrol.o
    0x200018b4        -       0x00000004   Zero   RW           29    .bss.target_p_s     main.o
    0x200018b8        -       0x00000004   Zero   RW          305    .bss.test_max       pwm_curr_fdbk.o
    0x200018bc        -       0x00000004   Zero   RW          495    .bss.test_time      stm32g0xx_mc_it.o
    0x200018c0        -       0x00000004   Zero   RW         1128    .bss.uwTick         stm32g0xx_hal.o
    0x200018c4        -       0x00000028   Zero   RW          637    .bss.watch_data     watch_data.o
    0x200018ec   COMPRESSED   0x00000004   PAD
    0x200018f0        -       0x00000200   Zero   RW            2    HEAP                startup_stm32g030xx.o
    0x20001af0        -       0x00000400   Zero   RW            1    STACK               startup_stm32g030xx.o


==============================================================================

Image component sizes


      Code (inc. data)   RO Data    RW Data    ZI Data      Debug   Object Name

         0          0          0          0          8       2546   app_error.o
        24          8          0          1          2       1481   app_handle.o
      2242         32        272          0          0      17187   aspep.o
        14          0          0          0          0       1744   bus_voltage_sensor.o
       128          4       2050          0          0       2305   circle_limitation.o
       472         32          0          1         13       4468   led_key.o
      1878        104          0          0         89      19432   main.o
        56          0          0          0          0       7951   mc_api.o
         4          0          0          0          0        530   mc_app_hooks.o
         0          0          0       1144         52      14445   mc_config.o
         0          0        168         16          0       2246   mc_configuration_registers.o
       600          8          0          0          0      18176   mc_interface.o
       390         24        512          0          0       4661   mc_math.o
         0          0        120          0          0       2279   mc_parameters.o
      2352        228          0          0         54      14590   mc_tasks.o
       356         38          0          0          0       8153   mcp.o
         0          0          0        196       4480       4448   mcp_config.o
       816          4          0          0          4       4301   mcpa.o
        52          8          0          0          4       7052   motorcontrol.o
       164          4          0          0          0       3750   ntc_temperature_sensor.o
       274         12          0          0          0       6289   pid_regulator.o
        84          0          0          0          0       2483   pqd_motor_power_measurement.o
        60          0          0          0          0       2150   pwm_common.o
       584          4          0          0          4      10477   pwm_curr_fdbk.o
      2136        112          0          0          6      22077   r3_g0xx_pwm_curr_fdbk.o
       362          4          0          0          0       5145   r_divider_bus_voltage_sensor.o
       280          0          0          0          0       3453   ramp_ext_mngr.o
      4456        808          0          0          2      28555   register_interface.o
       952         24          0          0         80       8766   regular_conversion_manager.o
       394          4          0          0          0      13106   revup_ctrl.o
       130          4          0          0          0       3663   speed_pos_fdbk.o
       412         16          0          0          6       7167   speed_torq_ctrl.o
        76         28        192          0       1536        680   startup_stm32g030xx.o
       140         12          0          8          4       6698   stm32g0xx_hal.o
       150         24          0          0          0       6602   stm32g0xx_hal_cortex.o
       112         12          0          0          0       5666   stm32g0xx_hal_msp.o
        12          4          0          0          0       9208   stm32g0xx_hal_rcc.o
       574         24          0          0          0      68521   stm32g0xx_hal_tim.o
         6          0          0          0          0      26531   stm32g0xx_hal_tim_ex.o
        22          4          0          0          0       1598   stm32g0xx_it.o
       156          8          0          0          0       6700   stm32g0xx_ll_adc.o
       198          0          0          0          0       3833   stm32g0xx_ll_gpio.o
       428         32          0          0          0      10019   stm32g0xx_ll_rcc.o
      1020         68          0          0          0      13355   stm32g0xx_ll_tim.o
       264         64          0          0          0       5612   stm32g0xx_ll_usart.o
        12          4          0          0          0       8470   stm32g0xx_ll_utils.o
       518         56          0          1          6       7783   stm32g0xx_mc_it.o
      1708         16          0          0          0      15578   sto_pll_speed_pos_fdbk.o
         2          0         96          4          0       1994   system_stm32g0xx.o
       264          8          5          0          0       7484   usart_aspep_driver.o
         0          0          0          0         30       3131   user_logic.o
       556          0          0          0          0       5933   virtual_speed_sensor.o
         0          0          0          0         40       1202   watch_data.o

    ----------------------------------------------------------------------
     25934       1846       3448       1380       6444     471674   Object Totals
         0          0         32          0          0          0   (incl. Generated)
        44          0          1          9         24          0   (incl. Padding)

    ----------------------------------------------------------------------

      Code (inc. data)   RO Data    RW Data    ZI Data      Debug   Library Member Name

        86          0          0          0          0          0   __dczerorl2.o
         8          0          0          0          0         68   __main.o
         0          0          0          0          0          0   __rtentry.o
        12          0          0          0          0          0   __rtentry2.o
         6          0          0          0          0          0   __rtentry4.o
        60          8          0          0          0          0   __scatter.o
        28          0          0          0          0          0   __scatter_zi.o
       502          0          0          0          0         92   aeabi_sdivfast.o
        16          0          0          0          0         68   exit.o
         6          0          0          0          0        136   heapauxi.o
         2          0          0          0          0          0   libinit.o
         2          0          0          0          0          0   libinit2.o
         2          0          0          0          0          0   libshutdown.o
         2          0          0          0          0          0   libshutdown2.o
         8          4          0          0         96         68   libspace.o
        48          0          0          0          0         72   llmul.o
        64          0          0          0          0        108   rt_memclr.o
       186          0          0          0          0        144   rt_memcpy.o
         2          0          0          0          0          0   rtexit.o
        10          0          0          0          0          0   rtexit2.o
        62          0          0          0          0         80   sys_stackheap_outer.o
        94          0          0          0          0         92   fflti.o
       176          4          0          0          0         80   fmul.o
         0          0          0          0          0          0   usenofp.o

    ----------------------------------------------------------------------
      1386         16          0          0         96       1008   Library Totals
         4          0          0          0          0          0   (incl. Padding)

    ----------------------------------------------------------------------

      Code (inc. data)   RO Data    RW Data    ZI Data      Debug   Library Name

      1112         12          0          0         96        836   c_p.l
       270          4          0          0          0        172   fz_ps.l

    ----------------------------------------------------------------------
      1386         16          0          0         96       1008   Library Totals

    ----------------------------------------------------------------------

==============================================================================


      Code (inc. data)   RO Data    RW Data    ZI Data      Debug   

     27320       1862       3448       1380       6540     471478   Grand Totals
     27320       1862       3448        464       6540     471478   ELF Image Totals (compressed)
     27320       1862       3448        464          0          0   ROM Totals

==============================================================================

    Total RO  Size (Code + RO Data)                30768 (  30.05kB)
    Total RW  Size (RW Data + ZI Data)              7920 (   7.73kB)
    Total ROM Size (Code + RO Data + RW Data)      31232 (  30.50kB)

==============================================================================

