Component: Arm Compiler for Embedded 6.18 Tool: armlink [5e4cc100]

==============================================================================

Section Cross References

    startup_stm32g030xx.o(STACK) refers (Special) to heapauxi.o(.text) for __use_two_region_memory
    startup_stm32g030xx.o(HEAP) refers (Special) to heapauxi.o(.text) for __use_two_region_memory
    startup_stm32g030xx.o(RESET) refers (Special) to heapauxi.o(.text) for __use_two_region_memory
    startup_stm32g030xx.o(RESET) refers to startup_stm32g030xx.o(STACK) for __initial_sp
    startup_stm32g030xx.o(RESET) refers to startup_stm32g030xx.o(.text) for Reset_Handler
    startup_stm32g030xx.o(RESET) refers to stm32g0xx_it.o(.text.NMI_Handler) for NMI_Handler
    startup_stm32g030xx.o(RESET) refers to stm32g0xx_mc_it.o(.text.HardFault_Handler) for HardFault_Handler
    startup_stm32g030xx.o(RESET) refers to stm32g0xx_it.o(.text.SVC_Handler) for SVC_Handler
    startup_stm32g030xx.o(RESET) refers to stm32g0xx_it.o(.text.PendSV_Handler) for PendSV_Handler
    startup_stm32g030xx.o(RESET) refers to stm32g0xx_mc_it.o(.text.SysTick_Handler) for SysTick_Handler
    startup_stm32g030xx.o(RESET) refers to stm32g0xx_mc_it.o(.text.EXTI4_15_IRQHandler) for EXTI4_15_IRQHandler
    startup_stm32g030xx.o(RESET) refers to stm32g0xx_mc_it.o(.text.DMA1_Channel1_IRQHandler) for DMA1_Channel1_IRQHandler
    startup_stm32g030xx.o(RESET) refers to stm32g0xx_mc_it.o(.text.DMA1_Channel2_3_IRQHandler) for DMA1_Channel2_3_IRQHandler
    startup_stm32g030xx.o(RESET) refers to stm32g0xx_mc_it.o(.text.TIM1_BRK_UP_TRG_COM_IRQHandler) for TIM1_BRK_UP_TRG_COM_IRQHandler
    startup_stm32g030xx.o(RESET) refers to stm32g0xx_it.o(.text.TIM14_IRQHandler) for TIM14_IRQHandler
    startup_stm32g030xx.o(RESET) refers to stm32g0xx_it.o(.text.TIM17_IRQHandler) for TIM17_IRQHandler
    startup_stm32g030xx.o(RESET) refers to lin.o(.text.USART1_IRQHandler) for USART1_IRQHandler
    startup_stm32g030xx.o(RESET) refers to stm32g0xx_mc_it.o(.text.USART2_IRQHandler) for USART2_IRQHandler
    startup_stm32g030xx.o(.text) refers (Special) to heapauxi.o(.text) for __use_two_region_memory
    startup_stm32g030xx.o(.text) refers to system_stm32g0xx.o(.text.SystemInit) for SystemInit
    startup_stm32g030xx.o(.text) refers to __main.o(!!!main) for __main
    startup_stm32g030xx.o(.text) refers to startup_stm32g030xx.o(HEAP) for Heap_Mem
    startup_stm32g030xx.o(.text) refers to startup_stm32g030xx.o(STACK) for Stack_Mem
    main.o(.text.millis) refers to stm32g0xx_hal.o(.text.HAL_GetTick) for HAL_GetTick
    main.o(.ARM.exidx.text.millis) refers to main.o(.text.millis) for [Anonymous Symbol]
    main.o(.ARM.exidx.text._sys_exit) refers to main.o(.text._sys_exit) for [Anonymous Symbol]
    main.o(.ARM.exidx.text._ttywrch) refers to main.o(.text._ttywrch) for [Anonymous Symbol]
    main.o(.ARM.exidx.text.fputc) refers to main.o(.text.fputc) for [Anonymous Symbol]
    main.o(.text.main) refers to stm32g0xx_hal.o(.text.HAL_Init) for HAL_Init
    main.o(.text.main) refers to main.o(.text.SystemClock_Config) for SystemClock_Config
    main.o(.text.main) refers to stm32g0xx_ll_gpio.o(.text.LL_GPIO_Init) for LL_GPIO_Init
    main.o(.text.main) refers to stm32g0xx_ll_adc.o(.text.LL_ADC_Init) for LL_ADC_Init
    main.o(.text.main) refers to stm32g0xx_ll_adc.o(.text.LL_ADC_REG_Init) for LL_ADC_REG_Init
    main.o(.text.main) refers to stm32g0xx_ll_tim.o(.text.LL_TIM_Init) for LL_TIM_Init
    main.o(.text.main) refers to stm32g0xx_ll_tim.o(.text.LL_TIM_OC_Init) for LL_TIM_OC_Init
    main.o(.text.main) refers to stm32g0xx_ll_tim.o(.text.LL_TIM_BDTR_Init) for LL_TIM_BDTR_Init
    main.o(.text.main) refers to motorcontrol.o(.text.MX_MotorControl_Init) for MX_MotorControl_Init
    main.o(.text.main) refers to app_handle.o(.text.work_mode_init) for work_mode_init
    main.o(.text.main) refers to adc_cin.o(.text.ADC_CIN_INIT) for ADC_CIN_INIT
    main.o(.text.main) refers to adc_cin.o(.text.ADC_VTS_INIT) for ADC_VTS_INIT
    main.o(.text.main) refers to stm32g0xx_hal.o(.text.HAL_GetTick) for HAL_GetTick
    main.o(.text.main) refers to mc_api.o(.text.MC_GetMecSpeedAverageMotor1) for MC_GetMecSpeedAverageMotor1
    main.o(.text.main) refers to mc_api.o(.text.MC_GetSTMStateMotor1) for MC_GetSTMStateMotor1
    main.o(.text.main) refers to mc_api.o(.text.MC_GetOccurredFaultsMotor1) for MC_GetOccurredFaultsMotor1
    main.o(.text.main) refers to led_key.o(.text.exe_key_func) for exe_key_func
    main.o(.text.main) refers to app_handle.o(.text.work_mode_perfrom) for work_mode_perfrom
    main.o(.text.main) refers to app_error.o(.text.error_check) for error_check
    main.o(.text.main) refers to main.o(.bss..L_MergedGlobals) for [Anonymous Symbol]
    main.o(.text.main) refers to watch_data.o(.bss.watch_data) for watch_data
    main.o(.ARM.exidx.text.main) refers to main.o(.text.main) for [Anonymous Symbol]
[...]
    R3_1_GetOffsetCalib                      0x0800384d   Thumb Code    14  r3_g0xx_pwm_curr_fdbk.o(.text.R3_1_GetOffsetCalib)
    R3_1_GetPhaseCurrents                    0x0800385d   Thumb Code   248  r3_g0xx_pwm_curr_fdbk.o(.text.R3_1_GetPhaseCurrents)
    R3_1_HFCurrentsCalibrationAB             0x08003965   Thumb Code    76  r3_g0xx_pwm_curr_fdbk.o(.text.R3_1_HFCurrentsCalibrationAB)
    R3_1_HFCurrentsCalibrationC              0x080039b1   Thumb Code    68  r3_g0xx_pwm_curr_fdbk.o(.text.R3_1_HFCurrentsCalibrationC)
    R3_1_Init                                0x080039f9   Thumb Code   284  r3_g0xx_pwm_curr_fdbk.o(.text.R3_1_Init)
    R3_1_IsOverCurrentOccurred               0x08003b35   Thumb Code    50  r3_g0xx_pwm_curr_fdbk.o(.text.R3_1_IsOverCurrentOccurred)
    R3_1_OVERCURRENT_IRQHandler              0x08003b67   Thumb Code    58  r3_g0xx_pwm_curr_fdbk.o(.text.R3_1_OVERCURRENT_IRQHandler)
    R3_1_OVERVOLTAGE_IRQHandler              0x08003ba1   Thumb Code    28  r3_g0xx_pwm_curr_fdbk.o(.text.R3_1_OVERVOLTAGE_IRQHandler)
    R3_1_SetADCSampPointCalibration          0x08003bbd   Thumb Code    30  r3_g0xx_pwm_curr_fdbk.o(.text.R3_1_SetADCSampPointCalibration)
    R3_1_SetADCSampPointSectX                0x08003bdb   Thumb Code   104  r3_g0xx_pwm_curr_fdbk.o(.text.R3_1_SetADCSampPointSectX)
    R3_1_SetOffsetCalib                      0x08003c43   Thumb Code    20  r3_g0xx_pwm_curr_fdbk.o(.text.R3_1_SetOffsetCalib)
    R3_1_SwitchOffPWM                        0x08003c59   Thumb Code   164  r3_g0xx_pwm_curr_fdbk.o(.text.R3_1_SwitchOffPWM)
    R3_1_SwitchOnPWM                         0x08003cfd   Thumb Code   196  r3_g0xx_pwm_curr_fdbk.o(.text.R3_1_SwitchOnPWM)
    R3_1_TIMx_UP_IRQHandler                  0x08003dcd   Thumb Code   108  r3_g0xx_pwm_curr_fdbk.o(.text.R3_1_TIMx_UP_IRQHandler)
    R3_1_TurnOnLowSides                      0x08003e41   Thumb Code    84  r3_g0xx_pwm_curr_fdbk.o(.text.R3_1_TurnOnLowSides)
    R3_1_WriteTIMRegisters                   0x08003e99   Thumb Code    44  r3_g0xx_pwm_curr_fdbk.o(.text.R3_1_WriteTIMRegisters)
    RCM_ExecNextConv                         0x08003ec9   Thumb Code    92  regular_conversion_manager.o(.text.RCM_ExecNextConv)
    RCM_ExecRegularConv                      0x08003f29   Thumb Code   416  regular_conversion_manager.o(.text.RCM_ExecRegularConv)
    RCM_ExecUserConv                         0x080040d5   Thumb Code    60  regular_conversion_manager.o(.text.RCM_ExecUserConv)
    RCM_GetUserConv                          0x08004111   Thumb Code    20  regular_conversion_manager.o(.text.RCM_GetUserConv)
    RCM_GetUserConvState                     0x08004129   Thumb Code     8  regular_conversion_manager.o(.text.RCM_GetUserConvState)
    RCM_ReadOngoingConv                      0x08004131   Thumb Code    64  regular_conversion_manager.o(.text.RCM_ReadOngoingConv)
    RCM_RegisterRegConv                      0x08004171   Thumb Code   296  regular_conversion_manager.o(.text.RCM_RegisterRegConv)
    RCM_RequestUserConv                      0x080042a1   Thumb Code    28  regular_conversion_manager.o(.text.RCM_RequestUserConv)
    REMNG_Calc                               0x080042c1   Thumb Code    44  ramp_ext_mngr.o(.text.REMNG_Calc)
    REMNG_ExecRamp                           0x080042ed   Thumb Code   128  ramp_ext_mngr.o(.text.REMNG_ExecRamp)
    REMNG_Init                               0x0800436d   Thumb Code    16  ramp_ext_mngr.o(.text.REMNG_Init)
    REMNG_RampCompleted                      0x0800437d   Thumb Code     8  ramp_ext_mngr.o(.text.REMNG_RampCompleted)
    RI_GetIDSize                             0x08004385   Thumb Code    32  register_interface.o(.text.RI_GetIDSize)
    RI_GetPtrReg                             0x080043a5   Thumb Code   244  register_interface.o(.text.RI_GetPtrReg)
    RI_GetRegCommandParser                   0x080044a9   Thumb Code  2196  register_interface.o(.text.RI_GetRegCommandParser)
    RI_SetRegCommandParser                   0x08004d6d   Thumb Code  1832  register_interface.o(.text.RI_SetRegCommandParser)
    RUC_Clear                                0x080054ed   Thumb Code   128  revup_ctrl.o(.text.RUC_Clear)
    RUC_Exec                                 0x0800556d   Thumb Code   104  revup_ctrl.o(.text.RUC_Exec)
    RUC_FirstAccelerationStageReached        0x080055d5   Thumb Code    20  revup_ctrl.o(.text.RUC_FirstAccelerationStageReached)
    RUC_GetNumberOfPhases                    0x080055e9   Thumb Code     6  revup_ctrl.o(.text.RUC_GetNumberOfPhases)
    RUC_GetPhase                             0x080055ef   Thumb Code    18  revup_ctrl.o(.text.RUC_GetPhase)
    RUC_Init                                 0x08005601   Thumb Code    96  revup_ctrl.o(.text.RUC_Init)
    RUC_SetPhase                             0x08005665   Thumb Code    18  revup_ctrl.o(.text.RUC_SetPhase)
    RVBS_CalcAvVbus                          0x08005679   Thumb Code   184  r_divider_bus_voltage_sensor.o(.text.RVBS_CalcAvVbus)
    RVBS_CheckFaultState                     0x08005735   Thumb Code    78  r_divider_bus_voltage_sensor.o(.text.RVBS_CheckFaultState)
    RVBS_Clear                               0x08005783   Thumb Code    74  r_divider_bus_voltage_sensor.o(.text.RVBS_Clear)
    RVBS_Init                                0x080057cd   Thumb Code    22  r_divider_bus_voltage_sensor.o(.text.RVBS_Init)
    SPD_GetAvrgMecSpeedUnit                  0x080057e3   Thumb Code     6  speed_pos_fdbk.o(.text.SPD_GetAvrgMecSpeedUnit)
    SPD_GetElAngle                           0x080057e9   Thumb Code     6  speed_pos_fdbk.o(.text.SPD_GetElAngle)
    SPD_GetInstElSpeedDpp                    0x080057ef   Thumb Code     6  speed_pos_fdbk.o(.text.SPD_GetInstElSpeedDpp)
    SPD_GetS16Speed                          0x080057f5   Thumb Code    24  speed_pos_fdbk.o(.text.SPD_GetS16Speed)
    SPD_IsMecSpeedReliable                   0x08005811   Thumb Code    84  speed_pos_fdbk.o(.text.SPD_IsMecSpeedReliable)
    STC_CalcTorqueReference                  0x08005865   Thumb Code   124  speed_torq_ctrl.o(.text.STC_CalcTorqueReference)
    STC_Clear                                0x080058f1   Thumb Code    18  speed_torq_ctrl.o(.text.STC_Clear)
    STC_ExecRamp                             0x08005905   Thumb Code   156  speed_torq_ctrl.o(.text.STC_ExecRamp)
    STC_ForceSpeedReferenceToCurrentSpeed    0x080059a5   Thumb Code    16  speed_torq_ctrl.o(.text.STC_ForceSpeedReferenceToCurrentSpeed)
    STC_GetDefaultIqdref                     0x080059b5   Thumb Code    10  speed_torq_ctrl.o(.text.STC_GetDefaultIqdref)
    STC_GetMecSpeedRefUnit                   0x080059bf   Thumb Code     6  speed_torq_ctrl.o(.text.STC_GetMecSpeedRefUnit)
    STC_GetSpeedSensor                       0x080059c5   Thumb Code     4  speed_torq_ctrl.o(.text.STC_GetSpeedSensor)
    STC_GetTorqueRef                         0x080059c9   Thumb Code     6  speed_torq_ctrl.o(.text.STC_GetTorqueRef)
    STC_Init                                 0x080059cf   Thumb Code    32  speed_torq_ctrl.o(.text.STC_Init)
    STC_SetControlMode                       0x080059ef   Thumb Code     8  speed_torq_ctrl.o(.text.STC_SetControlMode)
    STC_SetSpeedSensor                       0x080059f7   Thumb Code     4  speed_torq_ctrl.o(.text.STC_SetSpeedSensor)
    STC_StopRamp                             0x080059fb   Thumb Code     8  speed_torq_ctrl.o(.text.STC_StopRamp)
    STO_OTF_ResetPLL                         0x08005a03   Thumb Code    14  sto_pll_speed_pos_fdbk.o(.text.STO_OTF_ResetPLL)
    STO_PLL_CalcAvrgElSpeedDpp               0x08005a11   Thumb Code    66  sto_pll_speed_pos_fdbk.o(.text.STO_PLL_CalcAvrgElSpeedDpp)
    STO_PLL_CalcAvrgMecSpeedUnit             0x08005a55   Thumb Code   584  sto_pll_speed_pos_fdbk.o(.text.STO_PLL_CalcAvrgMecSpeedUnit)
    STO_PLL_CalcElAngle                      0x08005c9d   Thumb Code   536  sto_pll_speed_pos_fdbk.o(.text.STO_PLL_CalcElAngle)
    STO_PLL_Clear                            0x08005ebd   Thumb Code    90  sto_pll_speed_pos_fdbk.o(.text.STO_PLL_Clear)
    STO_PLL_ForceConvergency1                0x08005f17   Thumb Code    12  sto_pll_speed_pos_fdbk.o(.text.STO_PLL_ForceConvergency1)
    STO_PLL_ForceConvergency2                0x08005f23   Thumb Code    12  sto_pll_speed_pos_fdbk.o(.text.STO_PLL_ForceConvergency2)
    STO_PLL_GetEstimatedBemf                 0x08005f2f   Thumb Code     4  sto_pll_speed_pos_fdbk.o(.text.STO_PLL_GetEstimatedBemf)
    STO_PLL_GetEstimatedBemfLevel            0x08005f33   Thumb Code     8  sto_pll_speed_pos_fdbk.o(.text.STO_PLL_GetEstimatedBemfLevel)
    STO_PLL_GetEstimatedCurrent              0x08005f3b   Thumb Code    22  sto_pll_speed_pos_fdbk.o(.text.STO_PLL_GetEstimatedCurrent)
    STO_PLL_GetObservedBemfLevel             0x08005f51   Thumb Code     6  sto_pll_speed_pos_fdbk.o(.text.STO_PLL_GetObservedBemfLevel)
    STO_PLL_GetObserverGains                 0x08005f57   Thumb Code    10  sto_pll_speed_pos_fdbk.o(.text.STO_PLL_GetObserverGains)
    STO_PLL_Init                             0x08005f61   Thumb Code   136  sto_pll_speed_pos_fdbk.o(.text.STO_PLL_Init)
    STO_PLL_IsObserverConverged              0x08005ff1   Thumb Code   166  sto_pll_speed_pos_fdbk.o(.text.STO_PLL_IsObserverConverged)
    STO_PLL_IsVarianceTight                  0x08006097   Thumb Code     8  sto_pll_speed_pos_fdbk.o(.text.STO_PLL_IsVarianceTight)
    STO_PLL_SetObserverGains                 0x0800609f   Thumb Code     6  sto_pll_speed_pos_fdbk.o(.text.STO_PLL_SetObserverGains)
    STO_ResetPLL                             0x080060a5   Thumb Code    12  sto_pll_speed_pos_fdbk.o(.text.STO_ResetPLL)
    SVC_Handler                              0x080060b1   Thumb Code     2  stm32g0xx_it.o(.text.SVC_Handler)
    SysTick_Handler                          0x080060b5   Thumb Code    48  stm32g0xx_mc_it.o(.text.SysTick_Handler)
    SystemClock_Config                       0x080060ed   Thumb Code   228  main.o(.text.SystemClock_Config)
    SystemInit                               0x080061e5   Thumb Code     2  system_stm32g0xx.o(.text.SystemInit)
    TIM14_IRQHandler                         0x080061e9   Thumb Code    12  stm32g0xx_it.o(.text.TIM14_IRQHandler)
    TIM17_IRQHandler                         0x080061f9   Thumb Code    12  stm32g0xx_it.o(.text.TIM17_IRQHandler)
    TIM1_BRK_UP_TRG_COM_IRQHandler           0x08006209   Thumb Code    92  stm32g0xx_mc_it.o(.text.TIM1_BRK_UP_TRG_COM_IRQHandler)
    TSK_ChargeBootCapDelayHasElapsedM1       0x0800626d   Thumb Code    12  mc_tasks.o(.text.TSK_ChargeBootCapDelayHasElapsedM1)
    TSK_HardwareFaultTask                    0x08006279   Thumb Code    24  mc_tasks.o(.text.TSK_HardwareFaultTask)
    TSK_HighFrequencyTask                    0x08006291   Thumb Code   384  mc_tasks.o(.text.TSK_HighFrequencyTask)
    TSK_MF_StopProcessing                    0x08006435   Thumb Code    52  mc_tasks.o(.text.TSK_MF_StopProcessing)
    TSK_MediumFrequencyTaskM1                0x08006471   Thumb Code   800  mc_tasks.o(.text.TSK_MediumFrequencyTaskM1)
    TSK_SafetyTask                           0x080067b1   Thumb Code    24  mc_tasks.o(.text.TSK_SafetyTask)
    TSK_SafetyTask_PWMOFF                    0x080067cd   Thumb Code   132  mc_tasks.o(.text.TSK_SafetyTask_PWMOFF)
    TSK_SetChargeBootCapDelayM1              0x08006865   Thumb Code     8  mc_tasks.o(.text.TSK_SetChargeBootCapDelayM1)
    TSK_SetStopPermanencyTimeM1              0x0800686d   Thumb Code     8  mc_tasks.o(.text.TSK_SetStopPermanencyTimeM1)
    TSK_StopPermanencyTimeHasElapsedM1       0x08006875   Thumb Code    12  mc_tasks.o(.text.TSK_StopPermanencyTimeHasElapsedM1)
    UASPEP_IDLE_ENABLE                       0x08006885   Thumb Code    28  usart_aspep_driver.o(.text.UASPEP_IDLE_ENABLE)
    UASPEP_INIT                              0x080068a1   Thumb Code   144  usart_aspep_driver.o(.text.UASPEP_INIT)
    UASPEP_RECEIVE_BUFFER                    0x08006931   Thumb Code    40  usart_aspep_driver.o(.text.UASPEP_RECEIVE_BUFFER)
    UASPEP_SEND_PACKET                       0x08006959   Thumb Code    44  usart_aspep_driver.o(.text.UASPEP_SEND_PACKET)
    UI_HandleStartStopButton_cb              0x0800698d   Thumb Code    22  mc_tasks.o(.text.UI_HandleStartStopButton_cb)
    UI_Process                               0x080069a5   Thumb Code   108  user_logic.o(.text.UI_Process)
    USART1_IRQHandler                        0x08006a1d   Thumb Code   444  lin.o(.text.USART1_IRQHandler)
    USART2_IRQHandler                        0x08006bed   Thumb Code   208  stm32g0xx_mc_it.o(.text.USART2_IRQHandler)
    User_Motor_Control_M1                    0x08006cc9   Thumb Code   140  user_logic.o(.text.User_Motor_Control_M1)
    VBS_GetAvBusVoltage_V                    0x08006d61   Thumb Code    10  bus_voltage_sensor.o(.text.VBS_GetAvBusVoltage_V)
    VBS_GetAvBusVoltage_d                    0x08006d6b   Thumb Code     4  bus_voltage_sensor.o(.text.VBS_GetAvBusVoltage_d)
    VSS_CalcAvrgMecSpeedUnit                 0x08006d6f   Thumb Code   138  virtual_speed_sensor.o(.text.VSS_CalcAvrgMecSpeedUnit)
    VSS_CalcElAngle                          0x08006df9   Thumb Code   172  virtual_speed_sensor.o(.text.VSS_CalcElAngle)
    VSS_Clear                                0x08006ea5   Thumb Code    26  virtual_speed_sensor.o(.text.VSS_Clear)
    VSS_Init                                 0x08006ebf   Thumb Code     8  virtual_speed_sensor.o(.text.VSS_Init)
    VSS_SetMecAcceleration                   0x08006ec7   Thumb Code   150  virtual_speed_sensor.o(.text.VSS_SetMecAcceleration)
    VSS_SetMecAngle                          0x08006f5d   Thumb Code    22  virtual_speed_sensor.o(.text.VSS_SetMecAngle)
    VSS_SetStartTransition                   0x08006f73   Thumb Code    34  virtual_speed_sensor.o(.text.VSS_SetStartTransition)
    VSS_TransitionEnded                      0x08006f95   Thumb Code     6  virtual_speed_sensor.o(.text.VSS_TransitionEnded)
    _sys_exit                                0x08006f9b   Thumb Code     2  main.o(.text._sys_exit)
    error_check                              0x08006f9d   Thumb Code   352  app_error.o(.text.error_check)
    error_mode_init                          0x08007125   Thumb Code    84  app_error.o(.text.error_mode_init)
    error_mode_tick                          0x0800717d   Thumb Code    16  app_error.o(.text.error_mode_tick)
    exe_key_func                             0x08007191   Thumb Code    24  led_key.o(.text.exe_key_func)
    getScalingFactor                         0x080071ad   Thumb Code    84  ramp_ext_mngr.o(.text.getScalingFactor)
    get_duty_period                          0x08007201   Thumb Code    56  pwm_mode.o(.text.get_duty_period)
    get_key_state                            0x08007241   Thumb Code   216  led_key.o(.text.get_key_state)
    led_clear                                0x08007325   Thumb Code    28  led_key.o(.text.led_clear)
    led_show_err                             0x08007341   Thumb Code   100  led_key.o(.text.led_show_err)
    led_show_function                        0x080073a9   Thumb Code    80  led_key.o(.text.led_show_function)
    main                                     0x08007401   Thumb Code  1344  main.o(.text.main)
    mc_lock_pins                             0x08007989   Thumb Code   212  mc_tasks.o(.text.mc_lock_pins)
    mode_auto_init                           0x08007a65   Thumb Code    28  app_mode.o(.text.mode_auto_init)
    mode_auto_tick                           0x08007a81   Thumb Code     2  app_mode.o(.text.mode_auto_tick)
    mode_error_init                          0x08007a83   Thumb Code     8  app_mode.o(.text.mode_error_init)
    mode_error_tick                          0x08007a8b   Thumb Code     8  app_mode.o(.text.mode_error_tick)
    mode_max_power_12m_init                  0x08007a95   Thumb Code    28  app_mode.o(.text.mode_max_power_12m_init)
    mode_max_power_12m_tick                  0x08007ab5   Thumb Code     2  app_mode.o(.text.mode_max_power_12m_tick)
    mode_pressure_5m_init                    0x08007ab9   Thumb Code    24  app_mode.o(.text.mode_pressure_5m_init)
    mode_pressure_5m_tick                    0x08007ad1   Thumb Code     2  app_mode.o(.text.mode_pressure_5m_tick)
    mode_pressure_7m_init                    0x08007ad5   Thumb Code    24  app_mode.o(.text.mode_pressure_7m_init)
    mode_pressure_7m_tick                    0x08007aed   Thumb Code     2  app_mode.o(.text.mode_pressure_7m_tick)
    mode_pressure_9m_init                    0x08007af1   Thumb Code    24  app_mode.o(.text.mode_pressure_9m_init)
    mode_pressure_9m_tick                    0x08007b09   Thumb Code     2  app_mode.o(.text.mode_pressure_9m_tick)
    mode_pwm_init                            0x08007b0d   Thumb Code    72  app_mode.o(.text.mode_pwm_init)
    mode_pwm_tick                            0x08007b61   Thumb Code   120  app_mode.o(.text.mode_pwm_tick)
    mode_speed_init                          0x08007be5   Thumb Code    24  app_mode.o(.text.mode_speed_init)
    mode_speed_tick                          0x08007c01   Thumb Code     2  app_mode.o(.text.mode_speed_tick)
    mode_standby_init                        0x08007c05   Thumb Code    32  app_mode.o(.text.mode_standby_init)
    mode_standby_tick                        0x08007c31   Thumb Code    32  app_mode.o(.text.mode_standby_tick)
    pwm_mode_init                            0x08007c55   Thumb Code    88  pwm_mode.o(.text.pwm_mode_init)
    pwm_speed_control                        0x08007ccd   Thumb Code   152  pwm_mode.o(.text.pwm_speed_control)
    waitForPolarizationEnd                   0x08007d79   Thumb Code    60  pwm_common.o(.text.waitForPolarizationEnd)
    work_mode_init                           0x08007db5   Thumb Code    16  app_handle.o(.text.work_mode_init)
    work_mode_perfrom                        0x08007dc5   Thumb Code    52  app_handle.o(.text.work_mode_perfrom)
    work_mode_switch                         0x08007e01   Thumb Code    12  app_handle.o(.text.work_mode_switch)
    __aeabi_uidiv                            0x08007e11   Thumb Code    68  aeabi_sdivfast.o(.text_divfast)
    __aeabi_idiv                             0x08007e55   Thumb Code   434  aeabi_sdivfast.o(.text_divfast)
    __aeabi_fadd                             0x08008009   Thumb Code     0  faddsub.o(x$fpl$fadd)
    _fadd                                    0x08008009   Thumb Code   134  faddsub.o(x$fpl$fadd)
    __aeabi_fmul                             0x08008095   Thumb Code     0  fmul.o(x$fpl$fmul)
    _fmul                                    0x08008095   Thumb Code   172  fmul.o(x$fpl$fmul)
    __aeabi_fsub                             0x08008145   Thumb Code     0  faddsub.o(x$fpl$fsub)
    _fsub                                    0x08008145   Thumb Code   204  faddsub.o(x$fpl$fsub)
    __I$use$fp                               0x08008214   Number         0  usenofp.o(x$fpl$usenofp)
    CTL_BOARD                                0x080083d9   Data          14  mc_configuration_registers.o(.rodata.CTL_BOARD)
    FIRMWARE_NAME                            0x080083e7   Data          20  mc_configuration_registers.o(.rodata.FIRMWARE_NAME)
    M1_MotorConfig_reg                       0x08008418   Data          60  mc_configuration_registers.o(.rodata.M1_MotorConfig_reg)
    R3_1_Params                              0x08008478   Data         120  mc_parameters.o(.rodata.R3_1_Params)
    SqrtTable                                0x080084f0   Data        2050  circle_limitation.o(.rodata.SqrtTable)
    globalConfig_reg                         0x08008d70   Data          10  mc_configuration_registers.o(.rodata.globalConfig_reg)
    hSin_Cos_Table                           0x08008d7a   Data         512  mc_math.o(.rodata.hSin_Cos_Table)
    Region$$Table$$Base                      0x08008f7c   Number         0  anon$$obj.o(Region$$Table)
    Region$$Table$$Limit                     0x08008f9c   Number         0  anon$$obj.o(Region$$Table)
    uwTickFreq                               0x20000000   Data           1  stm32g0xx_hal.o(.data..L_MergedGlobals)
    uwTickPrio                               0x20000004   Data           4  stm32g0xx_hal.o(.data..L_MergedGlobals)
    g_work_mode_ppre                         0x20000008   Data           1  app_handle.o(.data..L_MergedGlobals)
    g_work_mode_pre                          0x20000009   Data           1  app_handle.o(.data..L_MergedGlobals)
    Acc_M1                                   0x2000000a   Data           2  user_logic.o(.data.Acc_M1)
    ApplicationConfig_reg                    0x2000000c   Data           4  mc_configuration_registers.o(.data.ApplicationConfig_reg)
    BusVoltageSensor_M1                      0x20000010   Data          44  mc_config.o(.data.BusVoltageSensor_M1)
    CircleLimitationM1                       0x2000003c   Data         180  mc_config.o(.data.CircleLimitationM1)
    FOCConfig_reg                            0x200000f0   Data           4  mc_configuration_registers.o(.data.FOCConfig_reg)
    MCPA_UART_A                              0x200000f4   Data          44  mcp_config.o(.data.MCPA_UART_A)
    MCP_Over_UartA                           0x20000120   Data          16  mcp_config.o(.data.MCP_Over_UartA)
    MotorConfig_reg                          0x20000130   Data           4  mc_configuration_registers.o(.data.MotorConfig_reg)
    PIDIdHandle_M1                           0x20000134   Data          44  mc_config.o(.data.PIDIdHandle_M1)
    PIDIqHandle_M1                           0x20000160   Data          44  mc_config.o(.data.PIDIqHandle_M1)
    PIDSpeedHandle_M1                        0x2000018c   Data          44  mc_config.o(.data.PIDSpeedHandle_M1)
    PQD_MotorPowMeasM1                       0x200001b8   Data          16  mc_config.o(.data.PQD_MotorPowMeasM1)
    PWM_Handle_M1                            0x200001c8   Data         144  mc_config.o(.data.PWM_Handle_M1)
    PWR_BOARD_NAME                           0x20000258   Data           4  mc_configuration_registers.o(.data.PWR_BOARD_NAME)
    RampExtMngrHFParamsM1                    0x2000025c   Data          24  mc_config.o(.data.RampExtMngrHFParamsM1)
    RevUpControlM1                           0x20000274   Data         120  mc_config.o(.data.RevUpControlM1)
    STO_M1                                   0x200002ec   Data          20  mc_config.o(.data.STO_M1)
    STO_PLL_M1                               0x20000300   Data         296  mc_config.o(.data.STO_PLL_M1)
    SpeednTorqCtrlM1                         0x20000428   Data          52  mc_config.o(.data.SpeednTorqCtrlM1)
    SystemCoreClock                          0x20000460   Data           4  system_stm32g0xx.o(.data.SystemCoreClock)
    TempSensor_M1                            0x20000464   Data          40  mc_config.o(.data.TempSensor_M1)
    VirtualSpeedSensorM1                     0x200004a0   Data          56  mc_config.o(.data.VirtualSpeedSensorM1)
    aspepOverUartA                           0x200004d8   Data         116  mcp_config.o(.data.aspepOverUartA)
    need_stop_flag                           0x2000054c   Data           1  app_mode.o(.data.need_stop_flag)
    pMPM                                     0x20000550   Data           4  mc_config.o(.data.pMPM)
    pPIDId                                   0x20000554   Data           4  mc_config.o(.data.pPIDId)
    pPIDIq                                   0x20000558   Data           4  mc_config.o(.data.pPIDIq)
    pSTC                                     0x2000055c   Data           4  mc_config.o(.data.pSTC)
    pTemperatureSensor                       0x20000560   Data           4  mc_config.o(.data.pTemperatureSensor)
    switch_mode_tmp                          0x20000564   Data           1  led_key.o(.data.switch_mode_tmp)
    temp_duty                                0x20000565   Data          10  app_mode.o(.data.temp_duty)
    __libspace_start                         0x20000570   Data          96  libspace.o(.bss)
    __temporary_stack_top$libspace           0x200005d0   Data           0  libspace.o(.bss)
    msta                                     0x200005d0   Data           1  main.o(.bss..L_MergedGlobals)
    sptmp                                    0x200005d2   Data           2  main.o(.bss..L_MergedGlobals)
    mccurrent_err                            0x200005d4   Data           2  main.o(.bss..L_MergedGlobals)
    time_1ms                                 0x200005d8   Data           4  main.o(.bss..L_MergedGlobals)
    time_1000ms                              0x200005dc   Data           4  main.o(.bss..L_MergedGlobals)
    time_30s                                 0x200005e0   Data           4  main.o(.bss..L_MergedGlobals)
    RCM_handle_array                         0x200005ec   Data          16  regular_conversion_manager.o(.bss..L_MergedGlobals)
    M1EnableStartFlag                        0x2000066c   Data           1  user_logic.o(.bss..L_MergedGlobals)
    UARTSpeedCMD_M1                          0x2000066e   Data           2  user_logic.o(.bss..L_MergedGlobals)
    UARTSpeedCMDLast_M1                      0x20000670   Data           2  user_logic.o(.bss..L_MergedGlobals)
    report_speed                             0x20000672   Data           2  user_logic.o(.bss..L_MergedGlobals)
    speed_cmd                                0x20000674   Data           2  user_logic.o(.bss..L_MergedGlobals)
    report_speed_buf                         0x20000678   Data           4  user_logic.o(.bss..L_MergedGlobals)
    lib_debug_compressor_speed_fdbk          0x2000067c   Data           4  user_logic.o(.bss..L_MergedGlobals)
    lib_debug                                0x20000680   Data          10  user_logic.o(.bss..L_MergedGlobals)
    ADC_UserHander_CIN                       0x2000068c   Data           1  adc_cin.o(.bss..L_MergedGlobals)
    user_adc_flag                            0x2000068d   Data           1  adc_cin.o(.bss..L_MergedGlobals)
    ADC_UserHander_VTS                       0x2000068e   Data           1  adc_cin.o(.bss..L_MergedGlobals)
    cin_digital                              0x20000690   Data           4  adc_cin.o(.bss..L_MergedGlobals)
    vts_digital                              0x20000694   Data           4  adc_cin.o(.bss..L_MergedGlobals)
    vts_v                                    0x20000698   Data           4  adc_cin.o(.bss..L_MergedGlobals)
    ADC_UserConv_CIN                         0x2000069c   Data          12  adc_cin.o(.bss..L_MergedGlobals)
    ADC_UserConv_VTS                         0x200006a8   Data          12  adc_cin.o(.bss..L_MergedGlobals)
    start_or_stop                            0x200006b4   Data           1  pwm_mode.o(.bss..L_MergedGlobals)
    pwm_arr                                  0x200006b8   Data           4  pwm_mode.o(.bss..L_MergedGlobals)
    pwm_ccr                                  0x200006bc   Data           4  pwm_mode.o(.bss..L_MergedGlobals)
    rise2_cnt                                0x200006c0   Data           4  pwm_mode.o(.bss..L_MergedGlobals)
    fall_cnt                                 0x200006c4   Data           4  pwm_mode.o(.bss..L_MergedGlobals)
    pwm_tmp                                  0x200006c8   Data           4  pwm_mode.o(.bss..L_MergedGlobals)
    htim16                                   0x200006cc   Data          76  pwm_mode.o(.bss..L_MergedGlobals)
    DataProcess                              0x20000718   Data           1  lin.o(.bss..L_MergedGlobals)
    FrameReceiveOverFlag                     0x20000719   Data           1  lin.o(.bss..L_MergedGlobals)
    ReceivePID                               0x2000071a   Data           1  lin.o(.bss..L_MergedGlobals)
    SumCheck                                 0x2000071b   Data           1  lin.o(.bss..L_MergedGlobals)
    ReceiveCheckSum                          0x2000071c   Data           1  lin.o(.bss..L_MergedGlobals)
    LIN_MODE                                 0x2000071d   Data           1  lin.o(.bss..L_MergedGlobals)
    Lin_LBD_Flag                             0x2000071e   Data           1  lin.o(.bss..L_MergedGlobals)
    test_data                                0x2000071f   Data           1  lin.o(.bss..L_MergedGlobals)
    Data_Index                               0x20000720   Data           1  lin.o(.bss..L_MergedGlobals)
    LIN_SPEED                                0x20000724   Data           4  lin.o(.bss..L_MergedGlobals)
    global_target_speed                      0x20000728   Data           4  lin.o(.bss..L_MergedGlobals)
    global_actual_speed                      0x2000072c   Data           4  lin.o(.bss..L_MergedGlobals)
    send_lin_data                            0x20000730   Data           8  lin.o(.bss..L_MergedGlobals)
    LinReceiveData                           0x20000738   Data          20  lin.o(.bss..L_MergedGlobals)
    VTS_Temperature                          0x2000074c   Data           1  app_error.o(.bss..L_MergedGlobals)
    BusVoltage                               0x2000074e   Data           2  app_error.o(.bss..L_MergedGlobals)
    temp_duty_time                           0x20000758   Data           1  app_mode.o(.bss..L_MergedGlobals)
    duty_average                             0x2000075c   Data           4  app_mode.o(.bss..L_MergedGlobals)
    GLOBAL_TIMESTAMP                         0x20000760   Data           4  mcpa.o(.bss.GLOBAL_TIMESTAMP)
    MCP_UserCallBack                         0x20001880   Data           8  mcp_config.o(.bss.MCP_UserCallBack)
    MOTOR_ERROR_INFO                         0x20001888   Data           1  led_key.o(.bss.MOTOR_ERROR_INFO)
    Mci                                      0x2000188c   Data          32  mc_config.o(.bss.Mci)
    User_Logic_Handle_Counter                0x200018c2   Data           2  stm32g0xx_mc_it.o(.bss.User_Logic_Handle_Counter)
    dataPtrTableA                            0x200018c4   Data          40  mcp_config.o(.bss.dataPtrTableA)
    dataPtrTableBuffA                        0x200018ec   Data          40  mcp_config.o(.bss.dataPtrTableBuffA)
    dataSizeTableA                           0x20001914   Data          10  mcp_config.o(.bss.dataSizeTableA)
    dataSizeTableBuffA                       0x2000191e   Data          10  mcp_config.o(.bss.dataSizeTableBuffA)
    g_work_mode                              0x20001928   Data           1  app_handle.o(.bss.g_work_mode)
    hCurrentReference                        0x2000192a   Data           2  speed_torq_ctrl.o(.bss.hCurrentReference)
    htim14                                   0x2000192c   Data          76  main.o(.bss.htim14)
    htim17                                   0x20001978   Data          76  main.o(.bss.htim17)
    key                                      0x200019c4   Data          12  led_key.o(.bss.key)
    pMCI                                     0x200019d0   Data           4  motorcontrol.o(.bss.pMCI)
    pwm_duty                                 0x200019d4   Data           4  pwm_mode.o(.bss.pwm_duty)
    rise1_cnt                                0x200019d8   Data           4  pwm_mode.o(.bss.rise1_cnt)
    rise_time                                0x200019dc   Data           1  stm32g0xx_mc_it.o(.bss.rise_time)
    timer17_updata_time                      0x200019e0   Data           4  pwm_mode.o(.bss.timer17_updata_time)
    uwTick                                   0x200019e4   Data           4  stm32g0xx_hal.o(.bss.uwTick)
    watch_data                               0x200019e8   Data          64  watch_data.o(.bss.watch_data)



==============================================================================

Memory Map of the image

  Image Entry point : 0x080000c1

  Load Region LR_IROM1 (Base: 0x08000000, Size: 0x00009510, Max: 0x00020000, ABSOLUTE, COMPRESSED[0x00009170])

    Execution Region ER_IROM1 (Exec base: 0x08000000, Load base: 0x08000000, Size: 0x00008f9c, Max: 0x00020000, ABSOLUTE)

    Exec Addr    Load Addr    Size         Type   Attr      Idx    E Section Name        Object

    0x08000000   0x08000000   0x000000c0   Data   RO            3    RESET               startup_stm32g030xx.o
    0x080000c0   0x080000c0   0x00000008   Code   RO         2279  * !!!main             c_p.l(__main.o)
    0x080000c8   0x080000c8   0x0000003c   Code   RO         2479    !!!scatter          c_p.l(__scatter.o)
    0x08000104   0x08000104   0x0000001c   Code   RO         2481    !!handler_zi        c_p.l(__scatter_zi.o)
    0x08000120   0x08000120   0x00000002   Code   RO         2346    .ARM.Collect$$libinit$$00000000  c_p.l(libinit.o)
    0x08000122   0x08000122   0x00000000   Code   RO         2360    .ARM.Collect$$libinit$$00000002  c_p.l(libinit2.o)
    0x08000122   0x08000122   0x00000000   Code   RO         2362    .ARM.Collect$$libinit$$00000004  c_p.l(libinit2.o)
    0x08000122   0x08000122   0x00000000   Code   RO         2364    .ARM.Collect$$libinit$$00000006  c_p.l(libinit2.o)
    0x08000122   0x08000122   0x00000000   Code   RO         2367    .ARM.Collect$$libinit$$0000000C  c_p.l(libinit2.o)
    0x08000122   0x08000122   0x00000000   Code   RO         2369    .ARM.Collect$$libinit$$0000000E  c_p.l(libinit2.o)
    0x08000122   0x08000122   0x00000000   Code   RO         2371    .ARM.Collect$$libinit$$00000010  c_p.l(libinit2.o)
    0x08000122   0x08000122   0x00000000   Code   RO         2374    .ARM.Collect$$libinit$$00000013  c_p.l(libinit2.o)
    0x08000122   0x08000122   0x00000000   Code   RO         2376    .ARM.Collect$$libinit$$00000015  c_p.l(libinit2.o)
    0x08000122   0x08000122   0x00000000   Code   RO         2378    .ARM.Collect$$libinit$$00000017  c_p.l(libinit2.o)
    0x08000122   0x08000122   0x00000000   Code   RO         2380    .ARM.Collect$$libinit$$00000019  c_p.l(libinit2.o)
    0x08000122   0x08000122   0x00000000   Code   RO         2382    .ARM.Collect$$libinit$$0000001B  c_p.l(libinit2.o)
    0x08000122   0x08000122   0x00000000   Code   RO         2384    .ARM.Collect$$libinit$$0000001D  c_p.l(libinit2.o)
    0x08000122   0x08000122   0x00000000   Code   RO         2386    .ARM.Collect$$libinit$$0000001F  c_p.l(libinit2.o)
    0x08000122   0x08000122   0x00000000   Code   RO         2388    .ARM.Collect$$libinit$$00000021  c_p.l(libinit2.o)
    0x08000122   0x08000122   0x00000000   Code   RO         2390    .ARM.Collect$$libinit$$00000023  c_p.l(libinit2.o)
    0x08000122   0x08000122   0x00000000   Code   RO         2392    .ARM.Collect$$libinit$$00000025  c_p.l(libinit2.o)
    0x08000122   0x08000122   0x00000000   Code   RO         2394    .ARM.Collect$$libinit$$00000027  c_p.l(libinit2.o)
    0x08000122   0x08000122   0x00000000   Code   RO         2398    .ARM.Collect$$libinit$$0000002E  c_p.l(libinit2.o)
    0x08000122   0x08000122   0x00000000   Code   RO         2400    .ARM.Collect$$libinit$$00000030  c_p.l(libinit2.o)
    0x08000122   0x08000122   0x00000000   Code   RO         2402    .ARM.Collect$$libinit$$00000032  c_p.l(libinit2.o)
    0x08000122   0x08000122   0x00000000   Code   RO         2404    .ARM.Collect$$libinit$$00000034  c_p.l(libinit2.o)
    0x08000122   0x08000122   0x00000002   Code   RO         2405    .ARM.Collect$$libinit$$00000035  c_p.l(libinit2.o)
    0x08000124   0x08000124   0x00000002   Code   RO         2429    .ARM.Collect$$libshutdown$$00000000  c_p.l(libshutdown.o)
    0x08000126   0x08000126   0x00000000   Code   RO         2457    .ARM.Collect$$libshutdown$$00000002  c_p.l(libshutdown2.o)
    0x08000126   0x08000126   0x00000000   Code   RO         2459    .ARM.Collect$$libshutdown$$00000004  c_p.l(libshutdown2.o)
    0x08000126   0x08000126   0x00000000   Code   RO         2462    .ARM.Collect$$libshutdown$$00000007  c_p.l(libshutdown2.o)
    0x08000126   0x08000126   0x00000000   Code   RO         2465    .ARM.Collect$$libshutdown$$0000000A  c_p.l(libshutdown2.o)
    0x08000126   0x08000126   0x00000000   Code   RO         2467    .ARM.Collect$$libshutdown$$0000000C  c_p.l(libshutdown2.o)
    0x08000126   0x08000126   0x00000000   Code   RO         2470    .ARM.Collect$$libshutdown$$0000000F  c_p.l(libshutdown2.o)
    0x08000126   0x08000126   0x00000002   Code   RO         2471    .ARM.Collect$$libshutdown$$00000010  c_p.l(libshutdown2.o)
    0x08000128   0x08000128   0x00000000   Code   RO         2309    .ARM.Collect$$rtentry$$00000000  c_p.l(__rtentry.o)
    0x08000128   0x08000128   0x00000000   Code   RO         2316    .ARM.Collect$$rtentry$$00000002  c_p.l(__rtentry2.o)
    0x08000128   0x08000128   0x00000006   Code   RO         2328    .ARM.Collect$$rtentry$$00000004  c_p.l(__rtentry4.o)
    0x0800012e   0x0800012e   0x00000000   Code   RO         2318    .ARM.Collect$$rtentry$$00000009  c_p.l(__rtentry2.o)
    0x0800012e   0x0800012e   0x00000004   Code   RO         2319    .ARM.Collect$$rtentry$$0000000A  c_p.l(__rtentry2.o)
    0x08000132   0x08000132   0x00000000   Code   RO         2321    .ARM.Collect$$rtentry$$0000000C  c_p.l(__rtentry2.o)
    0x08000132   0x08000132   0x00000008   Code   RO         2322    .ARM.Collect$$rtentry$$0000000D  c_p.l(__rtentry2.o)
    0x0800013a   0x0800013a   0x00000002   Code   RO         2351    .ARM.Collect$$rtexit$$00000000  c_p.l(rtexit.o)
    0x0800013c   0x0800013c   0x00000000   Code   RO         2407    .ARM.Collect$$rtexit$$00000002  c_p.l(rtexit2.o)
    0x0800013c   0x0800013c   0x00000004   Code   RO         2408    .ARM.Collect$$rtexit$$00000003  c_p.l(rtexit2.o)
    0x08000140   0x08000140   0x00000006   Code   RO         2409    .ARM.Collect$$rtexit$$00000004  c_p.l(rtexit2.o)
    0x08000146   0x08000146   0x00000002   PAD
    0x08000148   0x08000148   0x00000038   Code   RO         2263    .emb_text           c_p.l(rt_memcpy.o)
    0x08000180   0x08000180   0x0000004c   Code   RO            4    .text               startup_stm32g030xx.o
    0x080001cc   0x080001cc   0x00000030   Code   RO         2261    .text               c_p.l(llmul.o)
    0x080001fc   0x080001fc   0x00000082   Code   RO         2264    .text               c_p.l(rt_memcpy.o)
    0x0800027e   0x0800027e   0x00000040   Code   RO         2267    .text               c_p.l(rt_memclr.o)
    0x080002be   0x080002be   0x00000006   Code   RO         2277    .text               c_p.l(heapauxi.o)
    0x080002c4   0x080002c4   0x0000007c   Code   RO         2281    .text               fz_ps.l(d2f.o)
    0x08000340   0x08000340   0x00000448   Code   RO         2283    .text               fz_ps.l(ddiv.o)
    0x08000788   0x08000788   0x0000006c   Code   RO         2286    .text               fz_ps.l(dfixi.o)
    0x080007f4   0x080007f4   0x00000058   Code   RO         2288    .text               fz_ps.l(dflti.o)
    0x0800084c   0x0800084c   0x00000248   Code   RO         2290    .text               fz_ps.l(dmul.o)
    0x08000a94   0x08000a94   0x00000160   Code   RO         2298    .text               fz_ps.l(fdiv.o)
    0x08000bf4   0x08000bf4   0x0000004c   Code   RO         2301    .text               fz_ps.l(ffixi.o)
    0x08000c40   0x08000c40   0x00000030   Code   RO         2303    .text               fz_ps.l(ffixui.o)
    0x08000c70   0x08000c70   0x0000005e   Code   RO         2305    .text               fz_ps.l(fflti.o)
    0x08000cce   0x08000cce   0x0000003e   Code   RO         2332    .text               c_p.l(sys_stackheap_outer.o)
    0x08000d0c   0x08000d0c   0x00000010   Code   RO         2335    .text               c_p.l(exit.o)
    0x08000d1c   0x08000d1c   0x00000008   Code   RO         2347    .text               c_p.l(libspace.o)
    0x08000d24   0x08000d24   0x00000056   Code   RO         2477    .text               c_p.l(__dczerorl2.o)
    0x08000d7a   0x08000d7a   0x00000002   PAD
    0x08000d7c   0x08000d7c   0x0000004c   Code   RO         2101    .text.ADC_CIN_INIT  adc_cin.o
    0x08000dc8   0x08000dc8   0x0000005c   Code   RO         2105    .text.ADC_VTS_INIT  adc_cin.o
    0x08000e24   0x08000e24   0x00000016   Code   RO          581    .text.ASPEP_HWDMAReset  aspep.o
    0x08000e3a   0x08000e3a   0x00000002   PAD
    0x08000e3c   0x08000e3c   0x00000090   Code   RO          579    .text.ASPEP_HWDataReceivedIT  aspep.o
    0x08000ecc   0x08000ecc   0x000000a2   Code   RO          575    .text.ASPEP_HWDataTransmittedIT  aspep.o
    0x08000f6e   0x08000f6e   0x00000002   PAD
    0x08000f70   0x08000f70   0x000005c8   Code   RO          577    .text.ASPEP_RXframeProcess  aspep.o
    0x08001538   0x08001538   0x000000e8   Code   RO          565    .text.ASPEP_TXframeProcess  aspep.o
    0x08001620   0x08001620   0x00000058   Code   RO          569    .text.ASPEP_getBuffer  aspep.o
    0x08001678   0x08001678   0x0000004e   Code   RO          573    .text.ASPEP_sendPacket  aspep.o
    0x080016c6   0x080016c6   0x00000024   Code   RO          561    .text.ASPEP_start   aspep.o
    0x080016ea   0x080016ea   0x00000002   PAD
    0x080016ec   0x080016ec   0x00000080   Code   RO         1576    .text.Circle_Limitation  circle_limitation.o
    0x0800176c   0x0800176c   0x00000014   Code   RO          427    .text.DMA1_Channel1_IRQHandler  stm32g0xx_mc_it.o
    0x08001780   0x08001780   0x00000020   Code   RO          431    .text.DMA1_Channel2_3_IRQHandler  stm32g0xx_mc_it.o
    0x080017a0   0x080017a0   0x000000cc   Code   RO          439    .text.EXTI4_15_IRQHandler  stm32g0xx_mc_it.o
    0x0800186c   0x0800186c   0x00000024   Code   RO          474    .text.FOC_CalcCurrRef  mc_tasks.o
    0x08001890   0x08001890   0x00000060   Code   RO          454    .text.FOC_Clear     mc_tasks.o
    0x080018f0   0x080018f0   0x00000002   Code   RO          472    .text.FOC_InitAdditionalMethods  mc_tasks.o
    0x080018f2   0x080018f2   0x00000002   PAD
    0x080018f4   0x080018f4   0x00000034   Code   RO         2103    .text.GET_ADC_CIN_Digital  adc_cin.o
    0x08001928   0x08001928   0x00000060   Code   RO         2107    .text.GET_ADC_VTS_Voltage  adc_cin.o
    0x08001988   0x08001988   0x00000020   Code   RO         1088    .text.HAL_Delay     stm32g0xx_hal.o
    0x080019a8   0x080019a8   0x00000110   Code   RO          884    .text.HAL_GPIO_DeInit  stm32g0xx_hal_gpio.o
    0x08001ab8   0x08001ab8   0x000001c4   Code   RO          882    .text.HAL_GPIO_Init  stm32g0xx_hal_gpio.o
    0x08001c7c   0x08001c7c   0x00000008   Code   RO         1080    .text.HAL_GetTick   stm32g0xx_hal.o
    0x08001c84   0x08001c84   0x00000014   Code   RO         1078    .text.HAL_IncTick   stm32g0xx_hal.o
    0x08001c98   0x08001c98   0x0000002c   Code   RO         1068    .text.HAL_Init      stm32g0xx_hal.o
    0x08001cc4   0x08001cc4   0x00000044   Code   RO         1070    .text.HAL_InitTick  stm32g0xx_hal.o
    0x08001d08   0x08001d08   0x0000002c   Code   RO          621    .text.HAL_MspInit   stm32g0xx_hal_msp.o
    0x08001d34   0x08001d34   0x00000018   Code   RO         1032    .text.HAL_NVIC_EnableIRQ  stm32g0xx_hal_cortex.o
    0x08001d4c   0x08001d4c   0x00000040   Code   RO         1030    .text.HAL_NVIC_SetPriority  stm32g0xx_hal_cortex.o
    0x08001d8c   0x08001d8c   0x0000000c   Code   RO          777    .text.HAL_RCC_GetHCLKFreq  stm32g0xx_hal_rcc.o
    0x08001d98   0x08001d98   0x00000002   Code   RO         1052    .text.HAL_SYSTICK_Callback  stm32g0xx_hal_cortex.o
    0x08001d9a   0x08001d9a   0x00000002   PAD
    0x08001d9c   0x08001d9c   0x00000034   Code   RO         1038    .text.HAL_SYSTICK_Config  stm32g0xx_hal_cortex.o
    0x08001dd0   0x08001dd0   0x00000008   Code   RO         1050    .text.HAL_SYSTICK_IRQHandler  stm32g0xx_hal_cortex.o
    0x08001dd8   0x08001dd8   0x00000002   Code   RO         1479    .text.HAL_TIMEx_Break2Callback  stm32g0xx_hal_tim_ex.o
    0x08001dda   0x08001dda   0x00000002   Code   RO         1477    .text.HAL_TIMEx_BreakCallback  stm32g0xx_hal_tim_ex.o
    0x08001ddc   0x08001ddc   0x00000002   Code   RO         1473    .text.HAL_TIMEx_CommutCallback  stm32g0xx_hal_tim_ex.o
    0x08001dde   0x08001dde   0x00000002   PAD
    0x08001de0   0x08001de0   0x000000c0   Code   RO         1162    .text.HAL_TIM_Base_Init  stm32g0xx_hal_tim.o
    0x08001ea0   0x08001ea0   0x0000007c   Code   RO          623    .text.HAL_TIM_Base_MspInit  stm32g0xx_hal_msp.o
    0x08001f1c   0x08001f1c   0x00000058   Code   RO         1176    .text.HAL_TIM_Base_Start_IT  stm32g0xx_hal_tim.o
    0x08001f74   0x08001f74   0x00000002   Code   RO         1298    .text.HAL_TIM_IC_CaptureCallback  stm32g0xx_hal_tim.o
    0x08001f76   0x08001f76   0x00000002   PAD
    0x08001f78   0x08001f78   0x00000164   Code   RO         1296    .text.HAL_TIM_IRQHandler  stm32g0xx_hal_tim.o
    0x080020dc   0x080020dc   0x00000002   Code   RO         1300    .text.HAL_TIM_OC_DelayElapsedCallback  stm32g0xx_hal_tim.o
    0x080020de   0x080020de   0x00000002   Code   RO         1302    .text.HAL_TIM_PWM_PulseFinishedCallback  stm32g0xx_hal_tim.o
    0x080020e0   0x080020e0   0x0000001c   Code   RO         2127    .text.HAL_TIM_PeriodElapsedCallback  pwm_mode.o
    0x080020fc   0x080020fc   0x00000002   Code   RO         1306    .text.HAL_TIM_TriggerCallback  stm32g0xx_hal_tim.o
    0x080020fe   0x080020fe   0x00000006   Code   RO          435    .text.HardFault_Handler  stm32g0xx_mc_it.o
    0x08002104   0x08002104   0x00000034   Code   RO          715    .text.LL_ADC_Init   stm32g0xx_ll_adc.o
    0x08002138   0x08002138   0x00000068   Code   RO          719    .text.LL_ADC_REG_Init  stm32g0xx_ll_adc.o
    0x080021a0   0x080021a0   0x000000b4   Code   RO          681    .text.LL_EXTI_Init  stm32g0xx_ll_exti.o
    0x08002254   0x08002254   0x000000c6   Code   RO          695    .text.LL_GPIO_Init  stm32g0xx_ll_gpio.o
    0x0800231a   0x0800231a   0x00000002   PAD
    0x0800231c   0x0800231c   0x0000000c   Code   RO          661    .text.LL_SetSystemCoreClock  stm32g0xx_ll_utils.o
    0x08002328   0x08002328   0x00000090   Code   RO         1517    .text.LL_TIM_BDTR_Init  stm32g0xx_ll_tim.o
    0x080023b8   0x080023b8   0x0000008c   Code   RO         1497    .text.LL_TIM_Init   stm32g0xx_ll_tim.o
    0x08002444   0x08002444   0x000002e4   Code   RO         1501    .text.LL_TIM_OC_Init  stm32g0xx_ll_tim.o
    0x08002728   0x08002728   0x000000bc   Code   RO         2154    .text.Lin_Checksum  lin.o
    0x080027e4   0x080027e4   0x00000012   Code   RO          417    .text.MCI_Clear_Iqdref  mc_interface.o
    0x080027f6   0x080027f6   0x00000068   Code   RO          353    .text.MCI_ExecBufferedCommands  mc_interface.o
    0x0800285e   0x0800285e   0x00000002   PAD
    0x08002860   0x08002860   0x00000014   Code   RO          313    .text.MCI_ExecSpeedRamp  mc_interface.o
    0x08002874   0x08002874   0x00000010   Code   RO          317    .text.MCI_ExecTorqueRamp  mc_interface.o
    0x08002884   0x08002884   0x0000002a   Code   RO          349    .text.MCI_FaultAcknowledged  mc_interface.o
    0x080028ae   0x080028ae   0x00000010   Code   RO          351    .text.MCI_FaultProcessing  mc_interface.o
    0x080028be   0x080028be   0x0000000e   Code   RO          379    .text.MCI_GetAvrgMecSpeedUnit  mc_interface.o
    0x080028cc   0x080028cc   0x00000004   Code   RO          359    .text.MCI_GetControlMode  mc_interface.o
    0x080028d0   0x080028d0   0x00000004   Code   RO          337    .text.MCI_GetCurrentFaults  mc_interface.o
    0x080028d4   0x080028d4   0x0000000a   Code   RO          357    .text.MCI_GetFaultState  mc_interface.o
    0x080028de   0x080028de   0x0000000c   Code   RO          387    .text.MCI_GetIab    mc_interface.o
    0x080028ea   0x080028ea   0x0000000c   Code   RO          391    .text.MCI_GetIalphabeta  mc_interface.o
    0x080028f6   0x080028f6   0x00000044   Code   RO          361    .text.MCI_GetImposedMotorDirection  mc_interface.o
    0x0800293a   0x0800293a   0x0000000c   Code   RO          393    .text.MCI_GetIqd    mc_interface.o
    0x08002946   0x08002946   0x0000000c   Code   RO          399    .text.MCI_GetIqdref  mc_interface.o
    0x08002952   0x08002952   0x00000004   Code   RO          367    .text.MCI_GetLastRampFinalDuration  mc_interface.o
    0x08002956   0x08002956   0x00000006   Code   RO          363    .text.MCI_GetLastRampFinalSpeed  mc_interface.o
    0x0800295c   0x0800295c   0x00000006   Code   RO          365    .text.MCI_GetLastRampFinalTorque  mc_interface.o
    0x08002962   0x08002962   0x0000000a   Code   RO          383    .text.MCI_GetMecSpeedRefUnit  mc_interface.o
    0x0800296c   0x0800296c   0x00000004   Code   RO          335    .text.MCI_GetOccurredFaults  mc_interface.o
    0x08002970   0x08002970   0x00000004   Code   RO          333    .text.MCI_GetSTMState  mc_interface.o
    0x08002974   0x08002974   0x00000008   Code   RO          409    .text.MCI_GetTeref  mc_interface.o
    0x0800297c   0x0800297c   0x0000000c   Code   RO          405    .text.MCI_GetValphabeta  mc_interface.o
    0x08002988   0x08002988   0x0000000c   Code   RO          403    .text.MCI_GetVqd    mc_interface.o
    0x08002994   0x08002994   0x00000018   Code   RO          311    .text.MCI_Init      mc_interface.o
    0x080029ac   0x080029ac   0x00000014   Code   RO          321    .text.MCI_SetCurrentReferences  mc_interface.o
    0x080029c0   0x080029c0   0x00000030   Code   RO          331    .text.MCI_StartMotor  mc_interface.o
    0x080029f0   0x080029f0   0x00000044   Code   RO          347    .text.MCI_StopMotor  mc_interface.o
    0x08002a34   0x08002a34   0x0000000a   Code   RO          375    .text.MCI_StopRamp  mc_interface.o
    0x08002a3e   0x08002a3e   0x00000002   PAD
    0x08002a40   0x08002a40   0x00000044   Code   RO          290    .text.MCM_Clarke    mc_math.o
    0x08002a84   0x08002a84   0x00000098   Code   RO          292    .text.MCM_Park      mc_math.o
    0x08002b1c   0x08002b1c   0x0000002e   Code   RO          296    .text.MCM_Rev_Park  mc_math.o
    0x08002b4a   0x08002b4a   0x00000002   PAD
    0x08002b4c   0x08002b4c   0x0000007c   Code   RO          294    .text.MCM_Trig_Functions  mc_math.o
    0x08002bc8   0x08002bc8   0x000000e4   Code   RO         2043    .text.MCPA_cfgLog   mcpa.o
    0x08002cac   0x08002cac   0x000001e0   Code   RO         2039    .text.MCPA_dataLog  mcpa.o
    0x08002e8c   0x08002e8c   0x0000006c   Code   RO         2041    .text.MCPA_flushDataLog  mcpa.o
    0x08002ef8   0x08002ef8   0x00000164   Code   RO         2027    .text.MCP_ReceivedPacket  mcp.o
    0x0800305c   0x0800305c   0x00000002   Code   RO          593    .text.MC_APP_BootHook  mc_app_hooks.o
    0x0800305e   0x0800305e   0x00000002   Code   RO          595    .text.MC_APP_PostMediumFrequencyHook_M1  mc_app_hooks.o
    0x08003060   0x08003060   0x0000000c   Code   RO          121    .text.MC_AcknowledgeFaultMotor1  mc_api.o
    0x0800306c   0x0800306c   0x0000000c   Code   RO           79    .text.MC_GetMecSpeedAverageMotor1  mc_api.o
    0x08003078   0x08003078   0x0000000c   Code   RO           77    .text.MC_GetMecSpeedReferenceMotor1  mc_api.o
    0x08003084   0x08003084   0x0000000c   Code   RO          123    .text.MC_GetOccurredFaultsMotor1  mc_api.o
    0x08003090   0x08003090   0x0000000c   Code   RO          127    .text.MC_GetSTMStateMotor1  mc_api.o
    0x0800309c   0x0800309c   0x00000004   Code   RO          137    .text.MC_ProfilerCommand  mc_api.o
    0x080030a0   0x080030a0   0x00000010   Code   RO           57    .text.MC_ProgramSpeedRampMotor1  mc_api.o
    0x080030b0   0x080030b0   0x00000014   Code   RO          456    .text.MC_RunMotorControlTasks  mc_tasks.o
    0x080030c4   0x080030c4   0x00000074   Code   RO          458    .text.MC_Scheduler  mc_tasks.o
    0x08003138   0x08003138   0x0000000c   Code   RO           53    .text.MC_StartMotor1  mc_api.o
    0x08003144   0x08003144   0x0000000c   Code   RO           55    .text.MC_StopMotor1  mc_api.o
    0x08003150   0x08003150   0x00000108   Code   RO          452    .text.MCboot        mc_tasks.o
    0x08003258   0x08003258   0x00000034   Code   RO           44    .text.MX_MotorControl_Init  motorcontrol.o
    0x0800328c   0x0800328c   0x00000064   Code   RO           25    .text.MX_TIM17_Init  main.o
    0x080032f0   0x080032f0   0x00000002   Code   RO          604    .text.NMI_Handler   stm32g0xx_it.o
    0x080032f2   0x080032f2   0x00000002   PAD
    0x080032f4   0x080032f4   0x0000003c   Code   RO         1604    .text.NTC_CalcAvTemp  ntc_temperature_sensor.o
    0x08003330   0x08003330   0x00000006   Code   RO         1602    .text.NTC_Clear     ntc_temperature_sensor.o
    0x08003336   0x08003336   0x00000022   Code   RO         1608    .text.NTC_GetAvTemp_C  ntc_temperature_sensor.o
    0x08003358   0x08003358   0x00000026   Code   RO         1600    .text.NTC_Init      ntc_temperature_sensor.o
    0x0800337e   0x0800337e   0x0000001a   Code   RO         1598    .text.NTC_SetFaultState  ntc_temperature_sensor.o
    0x08003398   0x08003398   0x00000006   Code   RO         1680    .text.PID_GetKD     pid_regulator.o
    0x0800339e   0x0800339e   0x00000004   Code   RO         1684    .text.PID_GetKDDivisorPOW2  pid_regulator.o
    0x080033a2   0x080033a2   0x00000006   Code   RO         1648    .text.PID_GetKI     pid_regulator.o
    0x080033a8   0x080033a8   0x00000004   Code   RO         1662    .text.PID_GetKIDivisor  pid_regulator.o
    0x080033ac   0x080033ac   0x00000004   Code   RO         1664    .text.PID_GetKIDivisorPOW2  pid_regulator.o
    0x080033b0   0x080033b0   0x00000006   Code   RO         1646    .text.PID_GetKP     pid_regulator.o
    0x080033b6   0x080033b6   0x00000004   Code   RO         1658    .text.PID_GetKPDivisorPOW2  pid_regulator.o
    0x080033ba   0x080033ba   0x00000010   Code   RO         1640    .text.PID_HandleInit  pid_regulator.o
    0x080033ca   0x080033ca   0x00000004   Code   RO         1654    .text.PID_SetIntegralTerm  pid_regulator.o
    0x080033ce   0x080033ce   0x00000004   Code   RO         1678    .text.PID_SetKD     pid_regulator.o
    0x080033d2   0x080033d2   0x0000000a   Code   RO         1686    .text.PID_SetKDDivisorPOW2  pid_regulator.o
    0x080033dc   0x080033dc   0x00000004   Code   RO         1644    .text.PID_SetKI     pid_regulator.o
    0x080033e0   0x080033e0   0x0000002c   Code   RO         1666    .text.PID_SetKIDivisorPOW2  pid_regulator.o
    0x0800340c   0x0800340c   0x00000004   Code   RO         1642    .text.PID_SetKP     pid_regulator.o
    0x08003410   0x08003410   0x0000000a   Code   RO         1660    .text.PID_SetKPDivisorPOW2  pid_regulator.o
    0x0800341a   0x0800341a   0x00000004   Code   RO         1670    .text.PID_SetLowerIntegralTermLimit  pid_regulator.o
    0x0800341e   0x0800341e   0x00000004   Code   RO         1668    .text.PID_SetUpperIntegralTermLimit  pid_regulator.o
    0x08003422   0x08003422   0x00000002   PAD
    0x08003424   0x08003424   0x00000088   Code   RO         1688    .text.PI_Controller  pid_regulator.o
    0x080034ac   0x080034ac   0x00000030   Code   RO         1700    .text.PQD_CalcElMotorPower  pqd_motor_power_measurement.o
    0x080034dc   0x080034dc   0x00000006   Code   RO         1702    .text.PQD_Clear     pqd_motor_power_measurement.o
    0x080034e2   0x080034e2   0x0000001e   Code   RO         1704    .text.PQD_GetAvrgElMotorPowerW  pqd_motor_power_measurement.o
    0x08003500   0x08003500   0x00000008   Code   RO          211    .text.PWMC_CheckOverCurrent  pwm_curr_fdbk.o
    0x08003508   0x08003508   0x00000044   Code   RO          205    .text.PWMC_CurrentReadingCalibr  pwm_curr_fdbk.o
    0x0800354c   0x0800354c   0x00000008   Code   RO          197    .text.PWMC_GetPhaseCurrents  pwm_curr_fdbk.o
    0x08003554   0x08003554   0x000001b4   Code   RO          199    .text.PWMC_SetPhaseVoltage  pwm_curr_fdbk.o
    0x08003708   0x08003708   0x00000008   Code   RO          201    .text.PWMC_SwitchOffPWM  pwm_curr_fdbk.o
    0x08003710   0x08003710   0x00000008   Code   RO          203    .text.PWMC_SwitchOnPWM  pwm_curr_fdbk.o
    0x08003718   0x08003718   0x00000002   Code   RO          608    .text.PendSV_Handler  stm32g0xx_it.o
    0x0800371a   0x0800371a   0x00000002   PAD
    0x0800371c   0x0800371c   0x00000130   Code   RO         1987    .text.R3_1_CurrentReadingCalibration  r3_g0xx_pwm_curr_fdbk.o
    0x0800384c   0x0800384c   0x0000000e   Code   RO         1985    .text.R3_1_GetOffsetCalib  r3_g0xx_pwm_curr_fdbk.o
    0x0800385a   0x0800385a   0x00000002   PAD
    0x0800385c   0x0800385c   0x00000108   Code   RO         1999    .text.R3_1_GetPhaseCurrents  r3_g0xx_pwm_curr_fdbk.o
    0x08003964   0x08003964   0x0000004c   Code   RO         1989    .text.R3_1_HFCurrentsCalibrationAB  r3_g0xx_pwm_curr_fdbk.o
    0x080039b0   0x080039b0   0x00000048   Code   RO         1997    .text.R3_1_HFCurrentsCalibrationC  r3_g0xx_pwm_curr_fdbk.o
    0x080039f8   0x080039f8   0x0000013c   Code   RO         1981    .text.R3_1_Init     r3_g0xx_pwm_curr_fdbk.o
    0x08003b34   0x08003b34   0x00000032   Code   RO         2017    .text.R3_1_IsOverCurrentOccurred  r3_g0xx_pwm_curr_fdbk.o
    0x08003b66   0x08003b66   0x0000003a   Code   RO         2013    .text.R3_1_OVERCURRENT_IRQHandler  r3_g0xx_pwm_curr_fdbk.o
    0x08003ba0   0x08003ba0   0x0000001c   Code   RO         2015    .text.R3_1_OVERVOLTAGE_IRQHandler  r3_g0xx_pwm_curr_fdbk.o
    0x08003bbc   0x08003bbc   0x0000001e   Code   RO         1991    .text.R3_1_SetADCSampPointCalibration  r3_g0xx_pwm_curr_fdbk.o
    0x08003bda   0x08003bda   0x00000068   Code   RO         2005    .text.R3_1_SetADCSampPointSectX  r3_g0xx_pwm_curr_fdbk.o
    0x08003c42   0x08003c42   0x00000014   Code   RO         1983    .text.R3_1_SetOffsetCalib  r3_g0xx_pwm_curr_fdbk.o
    0x08003c56   0x08003c56   0x00000002   PAD
    0x08003c58   0x08003c58   0x000000a4   Code   RO         1995    .text.R3_1_SwitchOffPWM  r3_g0xx_pwm_curr_fdbk.o
    0x08003cfc   0x08003cfc   0x000000d0   Code   RO         1993    .text.R3_1_SwitchOnPWM  r3_g0xx_pwm_curr_fdbk.o
    0x08003dcc   0x08003dcc   0x00000074   Code   RO         2011    .text.R3_1_TIMx_UP_IRQHandler  r3_g0xx_pwm_curr_fdbk.o
    0x08003e40   0x08003e40   0x00000058   Code   RO         2009    .text.R3_1_TurnOnLowSides  r3_g0xx_pwm_curr_fdbk.o
    0x08003e98   0x08003e98   0x00000030   Code   RO         2003    .text.R3_1_WriteTIMRegisters  r3_g0xx_pwm_curr_fdbk.o
    0x08003ec8   0x08003ec8   0x00000060   Code   RO          277    .text.RCM_ExecNextConv  regular_conversion_manager.o
    0x08003f28   0x08003f28   0x000001ac   Code   RO          265    .text.RCM_ExecRegularConv  regular_conversion_manager.o
    0x080040d4   0x080040d4   0x0000003c   Code   RO          271    .text.RCM_ExecUserConv  regular_conversion_manager.o
    0x08004110   0x08004110   0x00000018   Code   RO          269    .text.RCM_GetUserConv  regular_conversion_manager.o
    0x08004128   0x08004128   0x00000008   Code   RO          273    .text.RCM_GetUserConvState  regular_conversion_manager.o
    0x08004130   0x08004130   0x00000040   Code   RO          279    .text.RCM_ReadOngoingConv  regular_conversion_manager.o
    0x08004170   0x08004170   0x00000130   Code   RO          263    .text.RCM_RegisterRegConv  regular_conversion_manager.o
    0x080042a0   0x080042a0   0x00000020   Code   RO          267    .text.RCM_RequestUserConv  regular_conversion_manager.o
    0x080042c0   0x080042c0   0x0000002c   Code   RO         1746    .text.REMNG_Calc    ramp_ext_mngr.o
    0x080042ec   0x080042ec   0x00000080   Code   RO         1748    .text.REMNG_ExecRamp  ramp_ext_mngr.o
    0x0800436c   0x0800436c   0x00000010   Code   RO         1744    .text.REMNG_Init    ramp_ext_mngr.o
    0x0800437c   0x0800437c   0x00000008   Code   RO         1754    .text.REMNG_RampCompleted  ramp_ext_mngr.o
    0x08004384   0x08004384   0x00000020   Code   RO          511    .text.RI_GetIDSize  register_interface.o
    0x080043a4   0x080043a4   0x00000104   Code   RO          513    .text.RI_GetPtrReg  register_interface.o
    0x080044a8   0x080044a8   0x000008c4   Code   RO          509    .text.RI_GetRegCommandParser  register_interface.o
    0x08004d6c   0x08004d6c   0x00000780   Code   RO          507    .text.RI_SetRegCommandParser  register_interface.o
    0x080054ec   0x080054ec   0x00000080   Code   RO         1768    .text.RUC_Clear     revup_ctrl.o
    0x0800556c   0x0800556c   0x00000068   Code   RO         1772    .text.RUC_Exec      revup_ctrl.o
    0x080055d4   0x080055d4   0x00000014   Code   RO         1780    .text.RUC_FirstAccelerationStageReached  revup_ctrl.o
    0x080055e8   0x080055e8   0x00000006   Code   RO         1796    .text.RUC_GetNumberOfPhases  revup_ctrl.o
    0x080055ee   0x080055ee   0x00000012   Code   RO         1798    .text.RUC_GetPhase  revup_ctrl.o
    0x08005600   0x08005600   0x00000064   Code   RO         1766    .text.RUC_Init      revup_ctrl.o
    0x08005664   0x08005664   0x00000012   Code   RO         1788    .text.RUC_SetPhase  revup_ctrl.o
    0x08005676   0x08005676   0x00000002   PAD
    0x08005678   0x08005678   0x000000bc   Code   RO         1734    .text.RVBS_CalcAvVbus  r_divider_bus_voltage_sensor.o
    0x08005734   0x08005734   0x0000004e   Code   RO         1732    .text.RVBS_CheckFaultState  r_divider_bus_voltage_sensor.o
    0x08005782   0x08005782   0x0000004a   Code   RO         1728    .text.RVBS_Clear    r_divider_bus_voltage_sensor.o
    0x080057cc   0x080057cc   0x00000016   Code   RO         1726    .text.RVBS_Init     r_divider_bus_voltage_sensor.o
    0x080057e2   0x080057e2   0x00000006   Code   RO         1814    .text.SPD_GetAvrgMecSpeedUnit  speed_pos_fdbk.o
    0x080057e8   0x080057e8   0x00000006   Code   RO         1810    .text.SPD_GetElAngle  speed_pos_fdbk.o
    0x080057ee   0x080057ee   0x00000006   Code   RO         1818    .text.SPD_GetInstElSpeedDpp  speed_pos_fdbk.o
    0x080057f4   0x080057f4   0x0000001c   Code   RO         1824    .text.SPD_GetS16Speed  speed_pos_fdbk.o
    0x08005810   0x08005810   0x00000054   Code   RO         1822    .text.SPD_IsMecSpeedReliable  speed_pos_fdbk.o
    0x08005864   0x08005864   0x0000008c   Code   RO         1858    .text.STC_CalcTorqueReference  speed_torq_ctrl.o
    0x080058f0   0x080058f0   0x00000012   Code   RO         1844    .text.STC_Clear     speed_torq_ctrl.o
    0x08005902   0x08005902   0x00000002   PAD
    0x08005904   0x08005904   0x000000a0   Code   RO         1854    .text.STC_ExecRamp  speed_torq_ctrl.o
    0x080059a4   0x080059a4   0x00000010   Code   RO         1874    .text.STC_ForceSpeedReferenceToCurrentSpeed  speed_torq_ctrl.o
    0x080059b4   0x080059b4   0x0000000a   Code   RO         1870    .text.STC_GetDefaultIqdref  speed_torq_ctrl.o
    0x080059be   0x080059be   0x00000006   Code   RO         1846    .text.STC_GetMecSpeedRefUnit  speed_torq_ctrl.o
    0x080059c4   0x080059c4   0x00000004   Code   RO         1842    .text.STC_GetSpeedSensor  speed_torq_ctrl.o
    0x080059c8   0x080059c8   0x00000006   Code   RO         1848    .text.STC_GetTorqueRef  speed_torq_ctrl.o
    0x080059ce   0x080059ce   0x00000020   Code   RO         1838    .text.STC_Init      speed_torq_ctrl.o
    0x080059ee   0x080059ee   0x00000008   Code   RO         1850    .text.STC_SetControlMode  speed_torq_ctrl.o
    0x080059f6   0x080059f6   0x00000004   Code   RO         1840    .text.STC_SetSpeedSensor  speed_torq_ctrl.o
    0x080059fa   0x080059fa   0x00000008   Code   RO         1856    .text.STC_StopRamp  speed_torq_ctrl.o
    0x08005a02   0x08005a02   0x0000000e   Code   RO         1915    .text.STO_OTF_ResetPLL  sto_pll_speed_pos_fdbk.o
    0x08005a10   0x08005a10   0x00000042   Code   RO         1897    .text.STO_PLL_CalcAvrgElSpeedDpp  sto_pll_speed_pos_fdbk.o
    0x08005a52   0x08005a52   0x00000002   PAD
    0x08005a54   0x08005a54   0x00000248   Code   RO         1895    .text.STO_PLL_CalcAvrgMecSpeedUnit  sto_pll_speed_pos_fdbk.o
    0x08005c9c   0x08005c9c   0x00000220   Code   RO         1893    .text.STO_PLL_CalcElAngle  sto_pll_speed_pos_fdbk.o
    0x08005ebc   0x08005ebc   0x0000005a   Code   RO         1889    .text.STO_PLL_Clear  sto_pll_speed_pos_fdbk.o
    0x08005f16   0x08005f16   0x0000000c   Code   RO         1931    .text.STO_PLL_ForceConvergency1  sto_pll_speed_pos_fdbk.o
    0x08005f22   0x08005f22   0x0000000c   Code   RO         1933    .text.STO_PLL_ForceConvergency2  sto_pll_speed_pos_fdbk.o
    0x08005f2e   0x08005f2e   0x00000004   Code   RO         1901    .text.STO_PLL_GetEstimatedBemf  sto_pll_speed_pos_fdbk.o
    0x08005f32   0x08005f32   0x00000008   Code   RO         1921    .text.STO_PLL_GetEstimatedBemfLevel  sto_pll_speed_pos_fdbk.o
    0x08005f3a   0x08005f3a   0x00000016   Code   RO         1903    .text.STO_PLL_GetEstimatedCurrent  sto_pll_speed_pos_fdbk.o
    0x08005f50   0x08005f50   0x00000006   Code   RO         1923    .text.STO_PLL_GetObservedBemfLevel  sto_pll_speed_pos_fdbk.o
    0x08005f56   0x08005f56   0x0000000a   Code   RO         1905    .text.STO_PLL_GetObserverGains  sto_pll_speed_pos_fdbk.o
    0x08005f60   0x08005f60   0x00000090   Code   RO         1887    .text.STO_PLL_Init  sto_pll_speed_pos_fdbk.o
    0x08005ff0   0x08005ff0   0x000000a6   Code   RO         1899    .text.STO_PLL_IsObserverConverged  sto_pll_speed_pos_fdbk.o
    0x08006096   0x08006096   0x00000008   Code   RO         1929    .text.STO_PLL_IsVarianceTight  sto_pll_speed_pos_fdbk.o
    0x0800609e   0x0800609e   0x00000006   Code   RO         1907    .text.STO_PLL_SetObserverGains  sto_pll_speed_pos_fdbk.o
    0x080060a4   0x080060a4   0x0000000c   Code   RO         1917    .text.STO_ResetPLL  sto_pll_speed_pos_fdbk.o
    0x080060b0   0x080060b0   0x00000002   Code   RO          606    .text.SVC_Handler   stm32g0xx_it.o
    0x080060b2   0x080060b2   0x00000002   PAD
    0x080060b4   0x080060b4   0x00000038   Code   RO          437    .text.SysTick_Handler  stm32g0xx_mc_it.o
    0x080060ec   0x080060ec   0x000000f8   Code   RO           21    .text.SystemClock_Config  main.o
    0x080061e4   0x080061e4   0x00000002   Code   RO         1545    .text.SystemInit    system_stm32g0xx.o
    0x080061e6   0x080061e6   0x00000002   PAD
    0x080061e8   0x080061e8   0x00000010   Code   RO          610    .text.TIM14_IRQHandler  stm32g0xx_it.o
    0x080061f8   0x080061f8   0x00000010   Code   RO          612    .text.TIM17_IRQHandler  stm32g0xx_it.o
    0x08006208   0x08006208   0x00000064   Code   RO          429    .text.TIM1_BRK_UP_TRG_COM_IRQHandler  stm32g0xx_mc_it.o
    0x0800626c   0x0800626c   0x0000000c   Code   RO          470    .text.TSK_ChargeBootCapDelayHasElapsedM1  mc_tasks.o
    0x08006278   0x08006278   0x00000018   Code   RO          484    .text.TSK_HardwareFaultTask  mc_tasks.o
    0x08006290   0x08006290   0x000001a4   Code   RO          478    .text.TSK_HighFrequencyTask  mc_tasks.o
    0x08006434   0x08006434   0x0000003c   Code   RO          462    .text.TSK_MF_StopProcessing  mc_tasks.o
    0x08006470   0x08006470   0x00000340   Code   RO          466    .text.TSK_MediumFrequencyTaskM1  mc_tasks.o
    0x080067b0   0x080067b0   0x0000001c   Code   RO          460    .text.TSK_SafetyTask  mc_tasks.o
    0x080067cc   0x080067cc   0x00000098   Code   RO          480    .text.TSK_SafetyTask_PWMOFF  mc_tasks.o
    0x08006864   0x08006864   0x00000008   Code   RO          468    .text.TSK_SetChargeBootCapDelayM1  mc_tasks.o
    0x0800686c   0x0800686c   0x00000008   Code   RO          464    .text.TSK_SetStopPermanencyTimeM1  mc_tasks.o
    0x08006874   0x08006874   0x00000010   Code   RO          476    .text.TSK_StopPermanencyTimeHasElapsedM1  mc_tasks.o
    0x08006884   0x08006884   0x0000001c   Code   RO          534    .text.UASPEP_IDLE_ENABLE  usart_aspep_driver.o
    0x080068a0   0x080068a0   0x00000090   Code   RO          524    .text.UASPEP_INIT   usart_aspep_driver.o
    0x08006930   0x08006930   0x00000028   Code   RO          532    .text.UASPEP_RECEIVE_BUFFER  usart_aspep_driver.o
    0x08006958   0x08006958   0x00000034   Code   RO          530    .text.UASPEP_SEND_PACKET  usart_aspep_driver.o
    0x0800698c   0x0800698c   0x00000016   Code   RO          486    .text.UI_HandleStartStopButton_cb  mc_tasks.o
    0x080069a2   0x080069a2   0x00000002   PAD
    0x080069a4   0x080069a4   0x00000078   Code   RO          645    .text.UI_Process    user_logic.o
    0x08006a1c   0x08006a1c   0x000001d0   Code   RO         2162    .text.USART1_IRQHandler  lin.o
    0x08006bec   0x08006bec   0x000000dc   Code   RO          433    .text.USART2_IRQHandler  stm32g0xx_mc_it.o
    0x08006cc8   0x08006cc8   0x00000098   Code   RO          643    .text.User_Motor_Control_M1  user_logic.o
    0x08006d60   0x08006d60   0x0000000a   Code   RO         1564    .text.VBS_GetAvBusVoltage_V  bus_voltage_sensor.o
    0x08006d6a   0x08006d6a   0x00000004   Code   RO         1562    .text.VBS_GetAvBusVoltage_d  bus_voltage_sensor.o
    0x08006d6e   0x08006d6e   0x0000008a   Code   RO         1953    .text.VSS_CalcAvrgMecSpeedUnit  virtual_speed_sensor.o
    0x08006df8   0x08006df8   0x000000ac   Code   RO         1951    .text.VSS_CalcElAngle  virtual_speed_sensor.o
    0x08006ea4   0x08006ea4   0x0000001a   Code   RO         1949    .text.VSS_Clear     virtual_speed_sensor.o
    0x08006ebe   0x08006ebe   0x00000008   Code   RO         1947    .text.VSS_Init      virtual_speed_sensor.o
    0x08006ec6   0x08006ec6   0x00000096   Code   RO         1957    .text.VSS_SetMecAcceleration  virtual_speed_sensor.o
    0x08006f5c   0x08006f5c   0x00000016   Code   RO         1955    .text.VSS_SetMecAngle  virtual_speed_sensor.o
    0x08006f72   0x08006f72   0x00000022   Code   RO         1963    .text.VSS_SetStartTransition  virtual_speed_sensor.o
    0x08006f94   0x08006f94   0x00000006   Code   RO         1967    .text.VSS_TransitionEnded  virtual_speed_sensor.o
    0x08006f9a   0x08006f9a   0x00000002   Code   RO           13    .text._sys_exit     main.o
    0x08006f9c   0x08006f9c   0x00000188   Code   RO         2176    .text.error_check   app_error.o
    0x08007124   0x08007124   0x00000058   Code   RO         2178    .text.error_mode_init  app_error.o
    0x0800717c   0x0800717c   0x00000014   Code   RO         2180    .text.error_mode_tick  app_error.o
    0x08007190   0x08007190   0x0000001c   Code   RO         2082    .text.exe_key_func  led_key.o
    0x080071ac   0x080071ac   0x00000054   Code   RO         1750    .text.getScalingFactor  ramp_ext_mngr.o
    0x08007200   0x08007200   0x00000040   Code   RO         2129    .text.get_duty_period  pwm_mode.o
    0x08007240   0x08007240   0x000000e4   Code   RO         2080    .text.get_key_state  led_key.o
    0x08007324   0x08007324   0x0000001c   Code   RO         2084    .text.led_clear     led_key.o
    0x08007340   0x08007340   0x00000068   Code   RO         2086    .text.led_show_err  led_key.o
    0x080073a8   0x080073a8   0x00000058   Code   RO         2088    .text.led_show_function  led_key.o
    0x08007400   0x08007400   0x00000588   Code   RO           19    .text.main          main.o
    0x08007988   0x08007988   0x000000dc   Code   RO          488    .text.mc_lock_pins  mc_tasks.o
    0x08007a64   0x08007a64   0x0000001c   Code   RO         2213    .text.mode_auto_init  app_mode.o
    0x08007a80   0x08007a80   0x00000002   Code   RO         2215    .text.mode_auto_tick  app_mode.o
    0x08007a82   0x08007a82   0x00000008   Code   RO         2241    .text.mode_error_init  app_mode.o
    0x08007a8a   0x08007a8a   0x00000008   Code   RO         2243    .text.mode_error_tick  app_mode.o
    0x08007a92   0x08007a92   0x00000002   PAD
    0x08007a94   0x08007a94   0x00000020   Code   RO         2233    .text.mode_max_power_12m_init  app_mode.o
    0x08007ab4   0x08007ab4   0x00000002   Code   RO         2235    .text.mode_max_power_12m_tick  app_mode.o
    0x08007ab6   0x08007ab6   0x00000002   PAD
    0x08007ab8   0x08007ab8   0x00000018   Code   RO         2221    .text.mode_pressure_5m_init  app_mode.o
    0x08007ad0   0x08007ad0   0x00000002   Code   RO         2223    .text.mode_pressure_5m_tick  app_mode.o
    0x08007ad2   0x08007ad2   0x00000002   PAD
    0x08007ad4   0x08007ad4   0x00000018   Code   RO         2225    .text.mode_pressure_7m_init  app_mode.o
    0x08007aec   0x08007aec   0x00000002   Code   RO         2227    .text.mode_pressure_7m_tick  app_mode.o
    0x08007aee   0x08007aee   0x00000002   PAD
    0x08007af0   0x08007af0   0x00000018   Code   RO         2229    .text.mode_pressure_9m_init  app_mode.o
    0x08007b08   0x08007b08   0x00000002   Code   RO         2231    .text.mode_pressure_9m_tick  app_mode.o
    0x08007b0a   0x08007b0a   0x00000002   PAD
    0x08007b0c   0x08007b0c   0x00000054   Code   RO         2237    .text.mode_pwm_init  app_mode.o
    0x08007b60   0x08007b60   0x00000084   Code   RO         2239    .text.mode_pwm_tick  app_mode.o
    0x08007be4   0x08007be4   0x0000001c   Code   RO         2217    .text.mode_speed_init  app_mode.o
    0x08007c00   0x08007c00   0x00000002   Code   RO         2219    .text.mode_speed_tick  app_mode.o
    0x08007c02   0x08007c02   0x00000002   PAD
    0x08007c04   0x08007c04   0x0000002c   Code   RO         2209    .text.mode_standby_init  app_mode.o
    0x08007c30   0x08007c30   0x00000024   Code   RO         2211    .text.mode_standby_tick  app_mode.o
    0x08007c54   0x08007c54   0x00000078   Code   RO         2117    .text.pwm_mode_init  pwm_mode.o
    0x08007ccc   0x08007ccc   0x000000ac   Code   RO         2131    .text.pwm_speed_control  pwm_mode.o
    0x08007d78   0x08007d78   0x0000003c   Code   RO         1717    .text.waitForPolarizationEnd  pwm_common.o
    0x08007db4   0x08007db4   0x00000010   Code   RO         2191    .text.work_mode_init  app_handle.o
    0x08007dc4   0x08007dc4   0x0000003c   Code   RO         2193    .text.work_mode_perfrom  app_handle.o
    0x08007e00   0x08007e00   0x00000010   Code   RO         2195    .text.work_mode_switch  app_handle.o
    0x08007e10   0x08007e10   0x000001f6   Code   RO         2270    .text_divfast       c_p.l(aeabi_sdivfast.o)
    0x08008006   0x08008006   0x00000002   PAD
    0x08008008   0x08008008   0x0000008c   Code   RO         2292    x$fpl$fadd          fz_ps.l(faddsub.o)
    0x08008094   0x08008094   0x000000b0   Code   RO         2307    x$fpl$fmul          fz_ps.l(fmul.o)
    0x08008144   0x08008144   0x000000d0   Code   RO         2294    x$fpl$fsub          fz_ps.l(faddsub.o)
    0x08008214   0x08008214   0x00000000   Code   RO         2314    x$fpl$usenofp       fz_ps.l(usenofp.o)
    0x08008214   0x08008214   0x00000080   Data   RO         2284    .constdata          fz_ps.l(ddiv.o)
    0x08008294   0x08008294   0x00000040   Data   RO         2299    .constdata          fz_ps.l(fdiv.o)
    0x080082d4   0x080082d4   0x00000005   Data   RO          536    .rodata.CHANNEL_OFFSET_TAB  usart_aspep_driver.o
    0x080082d9   0x080082d9   0x00000100   Data   RO          583    .rodata.CRC4_Lookup8  aspep.o
    0x080083d9   0x080083d9   0x0000000e   Data   RO          545    .rodata.CTL_BOARD   mc_configuration_registers.o
    0x080083e7   0x080083e7   0x00000014   Data   RO          546    .rodata.FIRMWARE_NAME  mc_configuration_registers.o
    0x080083fb   0x080083fb   0x0000000e   Data   RO          554    .rodata.M1_ApplicationConfig_reg  mc_configuration_registers.o
    0x08008409   0x08008409   0x0000000e   Data   RO          551    .rodata.M1_FOCConfig_reg  mc_configuration_registers.o
    0x08008417   0x08008417   0x00000001   PAD
    0x08008418   0x08008418   0x0000003c   Data   RO          548    .rodata.M1_MotorConfig_reg  mc_configuration_registers.o
    0x08008454   0x08008454   0x00000024   Data   RO          549    .rodata.M1_PWR_BOARD  mc_configuration_registers.o
    0x08008478   0x08008478   0x00000078   Data   RO          501    .rodata.R3_1_Params  mc_parameters.o
    0x080084f0   0x080084f0   0x00000802   Data   RO         1578    .rodata.SqrtTable   circle_limitation.o
    0x08008cf2   0x08008cf2   0x00000010   Data   RO          584    .rodata.cst16       aspep.o
    0x08008d02   0x08008d02   0x00000002   PAD
    0x08008d04   0x08008d04   0x0000006c   Data   RO         2198    .rodata.g_work_mode_state  app_handle.o
    0x08008d70   0x08008d70   0x0000000a   Data   RO          547    .rodata.globalConfig_reg  mc_configuration_registers.o
    0x08008d7a   0x08008d7a   0x00000200   Data   RO          302    .rodata.hSin_Cos_Table  mc_math.o
    0x08008f7a   0x08008f7a   0x00000002   PAD
    0x08008f7c   0x08008f7c   0x00000020   Data   RO         2476    Region$$Table       anon$$obj.o


    Execution Region RW_IRAM1 (Exec base: 0x20000000, Load base: 0x08008fa0, Size: 0x00001f28, Max: 0x00009000, ABSOLUTE, COMPRESSED[0x000001d0])

    Exec Addr    Load Addr    Size         Type   Attr      Idx    E Section Name        Object

    0x20000000   COMPRESSED   0x00000008   Data   RW         1127    .data..L_MergedGlobals  stm32g0xx_hal.o
    0x20000008   COMPRESSED   0x00000002   Data   RW         2199    .data..L_MergedGlobals  app_handle.o
    0x2000000a   COMPRESSED   0x00000002   Data   RW          647    .data.Acc_M1        user_logic.o
    0x2000000c   COMPRESSED   0x00000004   Data   RW          555    .data.ApplicationConfig_reg  mc_configuration_registers.o
    0x20000010   COMPRESSED   0x0000002c   Data   RW          159    .data.BusVoltageSensor_M1  mc_config.o
    0x2000003c   COMPRESSED   0x000000b4   Data   RW          161    .data.CircleLimitationM1  mc_config.o
    0x200000f0   COMPRESSED   0x00000004   Data   RW          552    .data.FOCConfig_reg  mc_configuration_registers.o
    0x200000f4   COMPRESSED   0x0000002c   Data   RW          184    .data.MCPA_UART_A   mcp_config.o
    0x20000120   COMPRESSED   0x00000010   Data   RW          179    .data.MCP_Over_UartA  mcp_config.o
    0x20000130   COMPRESSED   0x00000004   Data   RW          553    .data.MotorConfig_reg  mc_configuration_registers.o
    0x20000134   COMPRESSED   0x0000002c   Data   RW          150    .data.PIDIdHandle_M1  mc_config.o
    0x20000160   COMPRESSED   0x0000002c   Data   RW          149    .data.PIDIqHandle_M1  mc_config.o
    0x2000018c   COMPRESSED   0x0000002c   Data   RW          148    .data.PIDSpeedHandle_M1  mc_config.o
    0x200001b8   COMPRESSED   0x00000010   Data   RW          147    .data.PQD_MotorPowMeasM1  mc_config.o
    0x200001c8   COMPRESSED   0x00000090   Data   RW          153    .data.PWM_Handle_M1  mc_config.o
    0x20000258   COMPRESSED   0x00000004   Data   RW          550    .data.PWR_BOARD_NAME  mc_configuration_registers.o
    0x2000025c   COMPRESSED   0x00000018   Data   RW          160    .data.RampExtMngrHFParamsM1  mc_config.o
    0x20000274   COMPRESSED   0x00000078   Data   RW          152    .data.RevUpControlM1  mc_config.o
    0x200002ec   COMPRESSED   0x00000014   Data   RW          156    .data.STO_M1        mc_config.o
    0x20000300   COMPRESSED   0x00000128   Data   RW          155    .data.STO_PLL_M1    mc_config.o
    0x20000428   COMPRESSED   0x00000034   Data   RW          151    .data.SpeednTorqCtrlM1  mc_config.o
    0x2000045c   COMPRESSED   0x00000001   Data   RW          442    .data.SysTick_Handler.SystickDividerCounter  stm32g0xx_mc_it.o
    0x2000045d   COMPRESSED   0x00000003   PAD
    0x20000460   COMPRESSED   0x00000004   Data   RW         1549    .data.SystemCoreClock  system_stm32g0xx.o
    0x20000464   COMPRESSED   0x00000028   Data   RW          157    .data.TempSensor_M1  mc_config.o
    0x2000048c   COMPRESSED   0x00000014   Data   RW          173    .data.UASPEP_A      mcp_config.o
    0x200004a0   COMPRESSED   0x00000038   Data   RW          154    .data.VirtualSpeedSensorM1  mc_config.o
    0x200004d8   COMPRESSED   0x00000074   Data   RW          178    .data.aspepOverUartA  mcp_config.o
    0x2000054c   COMPRESSED   0x00000001   Data   RW         2246    .data.need_stop_flag  app_mode.o
    0x2000054d   COMPRESSED   0x00000003   PAD
    0x20000550   COMPRESSED   0x00000004   Data   RW          166    .data.pMPM          mc_config.o
    0x20000554   COMPRESSED   0x00000004   Data   RW          165    .data.pPIDId        mc_config.o
    0x20000558   COMPRESSED   0x00000004   Data   RW          164    .data.pPIDIq        mc_config.o
    0x2000055c   COMPRESSED   0x00000004   Data   RW          162    .data.pSTC          mc_config.o
    0x20000560   COMPRESSED   0x00000004   Data   RW          163    .data.pTemperatureSensor  mc_config.o
    0x20000564   COMPRESSED   0x00000001   Data   RW         2090    .data.switch_mode_tmp  led_key.o
    0x20000565   COMPRESSED   0x0000000a   Data   RW         2248    .data.temp_duty     app_mode.o
    0x2000056f   COMPRESSED   0x00000001   PAD
    0x20000570        -       0x00000060   Zero   RW         2348    .bss                c_p.l(libspace.o)
    0x200005d0        -       0x00000014   Zero   RW           35    .bss..L_MergedGlobals  main.o
    0x200005e4        -       0x00000050   Zero   RW          281    .bss..L_MergedGlobals  regular_conversion_manager.o
    0x20000634        -       0x00000036   Zero   RW          492    .bss..L_MergedGlobals  mc_tasks.o
    0x2000066a   COMPRESSED   0x00000002   PAD
    0x2000066c        -       0x0000001e   Zero   RW          648    .bss..L_MergedGlobals  user_logic.o
    0x2000068a   COMPRESSED   0x00000002   PAD
    0x2000068c        -       0x00000028   Zero   RW         2109    .bss..L_MergedGlobals  adc_cin.o
    0x200006b4        -       0x00000064   Zero   RW         2136    .bss..L_MergedGlobals  pwm_mode.o
    0x20000718        -       0x00000034   Zero   RW         2165    .bss..L_MergedGlobals  lin.o
    0x2000074c        -       0x0000000a   Zero   RW         2183    .bss..L_MergedGlobals  app_error.o
    0x20000756   COMPRESSED   0x00000002   PAD
    0x20000758        -       0x00000008   Zero   RW         2250    .bss..L_MergedGlobals  app_mode.o
    0x20000760        -       0x00000004   Zero   RW         2045    .bss.GLOBAL_TIMESTAMP  mcpa.o
    0x20000764        -       0x00000806   Zero   RW          176    .bss.MCPAsyncBuffUARTA_A  mcp_config.o
    0x20000f6a   COMPRESSED   0x00000002   PAD
    0x20000f6c        -       0x00000806   Zero   RW          177    .bss.MCPAsyncBuffUARTA_B  mcp_config.o
    0x20001772   COMPRESSED   0x00000002   PAD
    0x20001774        -       0x00000082   Zero   RW          174    .bss.MCPSyncRXBuff  mcp_config.o
    0x200017f6   COMPRESSED   0x00000002   PAD
    0x200017f8        -       0x00000086   Zero   RW          175    .bss.MCPSyncTxBuff  mcp_config.o
    0x2000187e   COMPRESSED   0x00000002   PAD
    0x20001880        -       0x00000008   Zero   RW          185    .bss.MCP_UserCallBack  mcp_config.o
    0x20001888        -       0x00000001   Zero   RW         2092    .bss.MOTOR_ERROR_INFO  led_key.o
    0x20001889   COMPRESSED   0x00000003   PAD
    0x2000188c        -       0x00000020   Zero   RW          167    .bss.Mci            mc_config.o
    0x200018ac        -       0x00000002   Zero   RW          515    .bss.RI_GetPtrReg.nullData16  register_interface.o
    0x200018ae        -       0x00000014   Zero   RW          158    .bss.RealBusVoltageSensorFilterBufferM1  mc_config.o
    0x200018c2        -       0x00000002   Zero   RW          441    .bss.User_Logic_Handle_Counter  stm32g0xx_mc_it.o
    0x200018c4        -       0x00000028   Zero   RW          180    .bss.dataPtrTableA  mcp_config.o
    0x200018ec        -       0x00000028   Zero   RW          181    .bss.dataPtrTableBuffA  mcp_config.o
    0x20001914        -       0x0000000a   Zero   RW          182    .bss.dataSizeTableA  mcp_config.o
    0x2000191e        -       0x0000000a   Zero   RW          183    .bss.dataSizeTableBuffA  mcp_config.o
    0x20001928        -       0x00000001   Zero   RW         2197    .bss.g_work_mode    app_handle.o
    0x20001929   COMPRESSED   0x00000001   PAD
    0x2000192a        -       0x00000002   Zero   RW         1876    .bss.hCurrentReference  speed_torq_ctrl.o
    0x2000192c        -       0x0000004c   Zero   RW           33    .bss.htim14         main.o
    0x20001978        -       0x0000004c   Zero   RW           31    .bss.htim17         main.o
    0x200019c4        -       0x0000000c   Zero   RW         2091    .bss.key            led_key.o
    0x200019d0        -       0x00000004   Zero   RW           46    .bss.pMCI           motorcontrol.o
    0x200019d4        -       0x00000004   Zero   RW         2135    .bss.pwm_duty       pwm_mode.o
    0x200019d8        -       0x00000004   Zero   RW         2134    .bss.rise1_cnt      pwm_mode.o
    0x200019dc        -       0x00000001   Zero   RW          443    .bss.rise_time      stm32g0xx_mc_it.o
    0x200019dd   COMPRESSED   0x00000003   PAD
    0x200019e0        -       0x00000004   Zero   RW         2133    .bss.timer17_updata_time  pwm_mode.o
    0x200019e4        -       0x00000004   Zero   RW         1126    .bss.uwTick         stm32g0xx_hal.o
    0x200019e8        -       0x00000040   Zero   RW          635    .bss.watch_data     watch_data.o
    0x20001a28        -       0x00000200   Zero   RW            2    HEAP                startup_stm32g030xx.o
    0x20001c28        -       0x00000300   Zero   RW            1    STACK               startup_stm32g030xx.o


==============================================================================

Image component sizes


      Code (inc. data)   RO Data    RW Data    ZI Data      Debug   Object Name

       316         32          0          0         40       3467   adc_cin.o
       500         48          0          0         10       2408   app_error.o
        92         12        108          2          1       1607   app_handle.o
       484         48          0         11          8       6047   app_mode.o
      2242         32        272          0          0      17205   aspep.o
        14          0          0          0          0       1762   bus_voltage_sensor.o
       128          8       2050          0          0       2107   circle_limitation.o
       476         36          0          1         13       4774   led_key.o
       652         20          0          0         52       7681   lin.o
      1766        116          0          0        172      20813   main.o
       104          0          0          0          0       7969   mc_api.o
         4          0          0          0          0        547   mc_app_hooks.o
         0          0          0       1144         52      13989   mc_config.o
         0          0        168         16          0       2264   mc_configuration_registers.o
       600          8          0          0          0      18194   mc_interface.o
       390         24        512          0          0       4679   mc_math.o
         0          0        120          0          0       2297   mc_parameters.o
      2336        216          0          0         54      14578   mc_tasks.o
       356         38          0          0          0       8171   mcp.o
         0          0          0        196       4480       4466   mcp_config.o
       816          4          0          0          4       4319   mcpa.o
        52          8          0          0          4       7070   motorcontrol.o
       164          4          0          0          0       3768   ntc_temperature_sensor.o
       274         12          0          0          0       6307   pid_regulator.o
        84          0          0          0          0       2572   pqd_motor_power_measurement.o
        60          0          0          0          0       2168   pwm_common.o
       536          0          0          0          0      10401   pwm_curr_fdbk.o
       384         68          0          0        112      10562   pwm_mode.o
      1960        104          0          0          0      21804   r3_g0xx_pwm_curr_fdbk.o
       362          4          0          0          0       5163   r_divider_bus_voltage_sensor.o
       280          0          0          0          0       3471   ramp_ext_mngr.o
      4456        808          0          0          2      28573   register_interface.o
      1016         32          0          0         80       8819   regular_conversion_manager.o
       394          4          0          0          0      13124   revup_ctrl.o
       130          4          0          0          0       3681   speed_pos_fdbk.o
       412         20          0          0          2       7204   speed_torq_ctrl.o
        76         28        192          0       1280        704   startup_stm32g030xx.o
       172         12          0          8          4       6716   stm32g0xx_hal.o
       150         24          0          0          0       6620   stm32g0xx_hal_cortex.o
       724         24          0          0          0       4845   stm32g0xx_hal_gpio.o
       168         16          0          0          0       5770   stm32g0xx_hal_msp.o
        12          4          0          0          0       9226   stm32g0xx_hal_rcc.o
       644         20          0          0          0      68539   stm32g0xx_hal_tim.o
         6          0          0          0          0      26549   stm32g0xx_hal_tim_ex.o
        38          8          0          0          0       1709   stm32g0xx_it.o
       156          8          0          0          0       6718   stm32g0xx_ll_adc.o
       180         12          0          0          0       2823   stm32g0xx_ll_exti.o
       198          0          0          0          0       3851   stm32g0xx_ll_gpio.o
      1024         72          0          0          0      13373   stm32g0xx_ll_tim.o
        12          4          0          0          0       8488   stm32g0xx_ll_utils.o
       638         68          0          1          3       9254   stm32g0xx_mc_it.o
      1708         16          0          0          0      15596   sto_pll_speed_pos_fdbk.o
         2          0          0          4          0       2012   system_stm32g0xx.o
       264          8          5          0          0       7502   usart_aspep_driver.o
       272         24          0          2         30       3253   user_logic.o
       556          0          0          0          0       5951   virtual_speed_sensor.o
         0          0          0          0         64       1608   watch_data.o

    ----------------------------------------------------------------------
     28896       2058       3464       1392       6488     495138   Object Totals
         0          0         32          0          0          0   (incl. Generated)
        56          0          5          7         21          0   (incl. Padding)

    ----------------------------------------------------------------------

      Code (inc. data)   RO Data    RW Data    ZI Data      Debug   Library Member Name

        86          0          0          0          0          0   __dczerorl2.o
         8          0          0          0          0         68   __main.o
         0          0          0          0          0          0   __rtentry.o
        12          0          0          0          0          0   __rtentry2.o
         6          0          0          0          0          0   __rtentry4.o
        60          8          0          0          0          0   __scatter.o
        28          0          0          0          0          0   __scatter_zi.o
       502          0          0          0          0         92   aeabi_sdivfast.o
        16          0          0          0          0         68   exit.o
         6          0          0          0          0        136   heapauxi.o
         2          0          0          0          0          0   libinit.o
         2          0          0          0          0          0   libinit2.o
         2          0          0          0          0          0   libshutdown.o
         2          0          0          0          0          0   libshutdown2.o
         8          4          0          0         96         68   libspace.o
        48          0          0          0          0         72   llmul.o
        64          0          0          0          0        108   rt_memclr.o
       186          0          0          0          0        144   rt_memcpy.o
         2          0          0          0          0          0   rtexit.o
        10          0          0          0          0          0   rtexit2.o
        62          0          0          0          0         80   sys_stackheap_outer.o
       124          4          0          0          0         72   d2f.o
      1096         26        128          0          0        112   ddiv.o
       108         10          0          0          0         72   dfixi.o
        88          0          0          0          0         92   dflti.o
       584         26          0          0          0         84   dmul.o
       348          8          0          0          0        160   faddsub.o
       352         10         64          0          0         92   fdiv.o
        76          0          0          0          0         68   ffixi.o
        48          0          0          0          0         60   ffixui.o
        94          0          0          0          0         92   fflti.o
       176          4          0          0          0         80   fmul.o
         0          0          0          0          0          0   usenofp.o

    ----------------------------------------------------------------------
      4212        100        192          0         96       1820   Library Totals
         6          0          0          0          0          0   (incl. Padding)

    ----------------------------------------------------------------------

      Code (inc. data)   RO Data    RW Data    ZI Data      Debug   Library Name

      1112         12          0          0         96        836   c_p.l
      3094         88        192          0          0        984   fz_ps.l

    ----------------------------------------------------------------------
      4212        100        192          0         96       1820   Library Totals

    ----------------------------------------------------------------------

==============================================================================


      Code (inc. data)   RO Data    RW Data    ZI Data      Debug   

     33108       2158       3656       1392       6584     495178   Grand Totals
     33108       2158       3656        464       6584     495178   ELF Image Totals (compressed)
     33108       2158       3656        464          0          0   ROM Totals

==============================================================================

    Total RO  Size (Code + RO Data)                36764 (  35.90kB)
    Total RW  Size (RW Data + ZI Data)              7976 (   7.79kB)
    Total ROM Size (Code + RO Data + RW Data)      37228 (  36.36kB)

==============================================================================

